11:24:57.735 detox[98422] B node_modules/detox/local-cli/cli.js test --configuration ios.sim.release --cleanup
  data: {
    "id": "cf2534c8-2d88-faa5-3716-1b7fb06c65b9",
    "detoxConfig": {
      "configurationName": "ios.sim.release",
      "apps": {
        "default": {
          "type": "ios.app",
          "binaryPath": "ios/build/Build/Products/Release-iphonesimulator/YourSofia.app",
          "build": "xcodebuild -workspace ios/YourSofia.xcworkspace -scheme YourSofia -configuration Release -sdk iphonesimulator -derivedDataPath ios/build -destination 'generic/platform=iOS Simulator'"
        }
      },
      "artifacts": {
        "rootDir": ".artifacts/ios.sim.release.2026-08-17 08-24-57Z",
        "plugins": {
          "log": {
            "enabled": true,
            "keepOnlyFailedTestsArtifacts": true
          },
          "screenshot": {
            "enabled": true,
            "shouldTakeAutomaticSnapshots": true,
            "keepOnlyFailedTestsArtifacts": true
          },
          "video": {
            "enabled": false,
            "keepOnlyFailedTestsArtifacts": false
          },
          "instruments": {
            "enabled": false,
            "keepOnlyFailedTestsArtifacts": false
          },
          "uiHierarchy": {
            "enabled": false,
            "keepOnlyFailedTestsArtifacts": false
          }
        }
      },
      "behavior": {
        "init": {
          "keepLockFile": false,
          "reinstallApp": true,
          "exposeGlobals": true
        },
        "cleanup": {
          "shutdownDevice": true
        },
        "launchApp": "auto"
      },
      "cli": {
        "cleanup": true,
        "configuration": "ios.sim.release",
        "start": true
      },
      "commands": [
        {
          "appName": "default",
          "build": "xcodebuild -workspace ios/YourSofia.xcworkspace -scheme YourSofia -configuration Release -sdk iphonesimulator -derivedDataPath ios/build -destination 'generic/platform=iOS Simulator'"
        }
      ],
      "device": {
        "type": "ios.simulator",
        "device": {
          "type": "iPhone 16e"
        }
      },
      "logger": {
        "level": "info",
        "overrideConsole": true,
        "options": {
          "showLoggerName": true,
          "showPid": true,
          "showLevel": false,
          "showMetadata": false,
          "basepath": "/Users/valentinasenov/your-sofia/your-sofia-mobile/node_modules/.pnpm/detox@20.51.4_patch_hash=243f4fb1396d0ba4204110e1fb380dce0954c69273b7351999aba1f3d2eca5_91662811f4238f93586f4790222322c3/node_modules/detox/src",
          "prefixers": {},
          "stringifiers": {}
        }
      },
      "testRunner": {
        "retries": 0,
        "forwardEnv": false,
        "detached": false,
        "bail": false,
        "noRetryArgs": [
          "shard"
        ],
        "jest": {
          "setupTimeout": 120000,
          "teardownTimeout": 30000,
          "retryAfterCircusRetries": false,
          "reportWorkerAssign": true
        },
        "args": {
          "$0": "jest",
          "_": [],
          "config": "e2e/jest.config.js",
          "--": []
        }
      },
      "session": {
        "autoStart": true,
        "debugSynchronization": 10000
      }
    },
    "detoxIPCServer": "primary-98422",
    "testResults": [],
    "testSessionIndex": 0,
    "workersCount": 0
  }
11:24:57.743 detox[98422] i Server path not specified, so defaulting to ipc.config.socketRoot + ipc.config.appspace + ipc.config.id /tmp/detox.primary-98422
11:24:57.744 detox[98422] i starting server on  /tmp/detox.primary-98422 
11:24:57.744 detox[98422] i starting TLS server false
11:24:57.744 detox[98422] i starting server as Unix || Windows Socket
11:24:57.746 detox[98422] i Detox server listening on localhost:61930...
11:24:57.752 detox[98422] i Serialized the session state at: /private/var/folders/s6/yd_zk8tj44q3s0_kpq1gwzqc0000gn/T/cf2534c8-2d88-faa5-3716-1b7fb06c65b9.detox.json
11:24:57.753 detox[98422] B jest --config e2e/jest.config.js
11:24:57.756 detox[98422] i (node:98422) [DEP0190] DeprecationWarning: Passing args to a child process with shell option true can lead to security vulnerabilities, as the arguments are not escaped, only concatenated.
(Use `node --trace-deprecation ...` to show where the warning was created)
11:24:58.671 detox[98431] i Service path not specified, so defaulting to ipc.config.socketRoot + ipc.config.appspace + id 
11:24:58.672 detox[98431] i requested connection to  primary-98422 /tmp/detox.primary-98422
11:24:58.672 detox[98431] i Connecting client on Unix Socket : /tmp/detox.primary-98422
11:24:58.674 detox[98431] i retrying reset
11:24:58.675 detox[98422] i ## socket connection to server detected ##
11:24:58.676 detox[98431] i dispatching event to  primary-98422 /tmp/detox.primary-98422  :  registerContext , { id: 'secondary-98431' }
11:24:58.678 detox[98422] i received event of :  registerContext { id: 'secondary-98431' }
11:24:58.679 detox[98422] i dispatching event to socket  :  registerContextDone {
  testResults: [],
  testSessionIndex: 0,
  unsafe_earlyTeardown: undefined
}
11:24:58.680 detox[98431] i ## received events ##
11:24:58.680 detox[98431] i detected event registerContextDone { testResults: [], testSessionIndex: 0 }
11:24:58.799 detox[98431] B e2e/login.e2e.js
11:24:58.811 detox[98431] B set up environment
11:24:58.811 detox[98431] i dispatching event to  primary-98422 /tmp/detox.primary-98422  :  registerWorker , { workerId: 'w1' }
11:24:58.812 detox[98422] i received event of :  registerWorker { workerId: 'w1' }
11:24:58.812 detox[98422] i dispatching event to socket  :  registerWorkerDone { workersCount: 1 }
11:24:58.812 detox[98422] i broadcasting event to all known sockets listening to  /tmp/detox.primary-98422  :   sessionStateUpdate { workersCount: 1 }
11:24:58.812 detox[98431] i ## received events ##
11:24:58.812 detox[98431] i detected event registerWorkerDone { workersCount: 1 }
11:24:58.940 detox[98431] i ## received events ##
11:24:58.940 detox[98431] i detected event sessionStateUpdate { workersCount: 1 }
11:24:58.945 detox[98422] B connection :61930<->:61933
11:24:58.946 detox[98431] i opened web socket to: ws://localhost:61930
11:24:58.947 detox[98431] i send message
  data: {"type":"login","params":{"sessionId":"e7e24cb3-de2b-71df-8789-d9be7e7dc70f","role":"tester"},"messageId":0}
11:24:58.950 detox[98422] i get
  data: {"type":"login","params":{"sessionId":"e7e24cb3-de2b-71df-8789-d9be7e7dc70f","role":"tester"},"messageId":0}
11:24:58.950 detox[98422] i created session e7e24cb3-de2b-71df-8789-d9be7e7dc70f
11:24:58.950 detox[98422] i send
  data: {
    "type": "loginSuccess",
    "params": {
      "testerConnected": true,
      "appConnected": false
    },
    "messageId": 0
  }
11:24:58.950 detox[98422] i tester joined session e7e24cb3-de2b-71df-8789-d9be7e7dc70f
11:24:58.952 detox[98431] i get message
  data: {"type":"loginSuccess","params":{"testerConnected":true,"appConnected":false},"messageId":0}
   
11:24:59.112 detox[98431] i dispatching event to  primary-98422 /tmp/detox.primary-98422  :  allocateDevice , {
  deviceConfig: { type: 'ios.simulator', device: { type: 'iPhone 16e' } }
}
11:24:59.113 detox[98422] i received event of :  allocateDevice {
  deviceConfig: { type: 'ios.simulator', device: { type: 'iPhone 16e' } }
}
11:24:59.118 detox[98422] B init
  args: ()
11:24:59.121 detox[98422] E init
11:24:59.121 detox[98422] B allocate
  data: {
    "type": "ios.simulator",
    "device": {
      "type": "iPhone 16e"
    }
  }
11:24:59.138 detox[98422] i applesimutils --list --byType "iPhone 16e" --fields udid,name,deviceType,os,identifier
11:24:59.138 detox[98422] i Searching for device by type = "iPhone 16e" ...
11:24:59.299 detox[98422] i [
  {
    "os" : {
      "name" : "iOS 26.3",
      "identifier" : "com.apple.CoreSimulator.SimRuntime.iOS-26-3"
    },
    "name" : "iPhone 16e",
    "udid" : "4EC5F74C-5A9C-4D89-8E44-374310E684AE",
    "deviceType" : {
      "name" : "iPhone 16e",
      "identifier" : "com.apple.CoreSimulator.SimDeviceType.iPhone-16e"
    }
  }
]

11:24:59.300 detox[98422] i /usr/bin/xcrun simctl create "iPhone 16e-Detox" "com.apple.CoreSimulator.SimDeviceType.iPhone-16e" "com.apple.CoreSimulator.SimRuntime.iOS-26-3"
11:24:59.301 detox[98422] i /usr/bin/xcrun simctl io [object Promise] screenshot "/dev/null"
11:24:59.524 detox[98422] i 98FA5BD8-5D12-4B35-9A26-3AEBCADAFC8A

11:25:00.568 detox[98422] i "/usr/bin/xcrun simctl io [object Promise] screenshot "/dev/null"" failed with error = Error: Command failed: /usr/bin/xcrun simctl io [object Promise] screenshot "/dev/null"
Invalid device: [object
 (code=148), stdout and stderr:

11:25:00.568 detox[98422] i 
11:25:00.568 detox[98422] i Invalid device: [object

11:25:00.568 detox[98422] i NOTE: For an unknown yet reason, taking the first screenshot is apt
          to fail when booting iOS Simulator in a hidden window mode (or on CI).
          Detox applies a workaround by taking a dummy screenshot to ensure
          that the future ones are going to work fine. This screenshot is not
          saved anywhere, and the error above is suppressed for all log levels
          except for "debug" and "trace."
11:25:00.568 detox[98422] i settled on 98FA5BD8-5D12-4B35-9A26-3AEBCADAFC8A
  data: {
    "id": "98FA5BD8-5D12-4B35-9A26-3AEBCADAFC8A",
    "udid": "98FA5BD8-5D12-4B35-9A26-3AEBCADAFC8A"
  }
11:25:00.568 detox[98422] E allocate
11:25:00.568 detox[98422] B post-allocate: 98FA5BD8-5D12-4B35-9A26-3AEBCADAFC8A
  data: {
    "id": "98FA5BD8-5D12-4B35-9A26-3AEBCADAFC8A",
    "udid": "98FA5BD8-5D12-4B35-9A26-3AEBCADAFC8A"
  }
11:25:00.568 detox[98422] i applesimutils --list --byId 98FA5BD8-5D12-4B35-9A26-3AEBCADAFC8A --maxResults 1 --fields udid,os,version,state
11:25:00.663 detox[98422] i [
  {
    "os" : {
      "version" : "26.3.1"
    },
    "udid" : "98FA5BD8-5D12-4B35-9A26-3AEBCADAFC8A",
    "state" : "Shutdown"
  }
]

11:25:00.663 detox[98422] i /usr/bin/xcrun simctl boot 98FA5BD8-5D12-4B35-9A26-3AEBCADAFC8A 
11:25:00.663 detox[98422] i Booting device 98FA5BD8-5D12-4B35-9A26-3AEBCADAFC8A...
11:25:01.036 detox[98422] i 
11:25:01.036 detox[98422] i /usr/bin/xcrun simctl bootstatus 98FA5BD8-5D12-4B35-9A26-3AEBCADAFC8A
11:25:22.370 detox[98422] i Monitoring boot status for iPhone 16e-Detox (98FA5BD8-5D12-4B35-9A26-3AEBCADAFC8A).
[2026-08-17 08:25:02 +0000] Status=1, isTerminal=NO, Elapsed=00:01.
	Waiting on BackBoard

[2026-08-17 08:25:17 +0000] Status=2, isTerminal=NO, Elapsed=00:16.
	Waiting on Data Migration
		Reason:Running plugin com.apple.managedconfiguration.migrator (MCProfile.migrator, user-agnostic)
		Migration Elapsed:00:00 seconds

[2026-08-17 08:25:18 +0000] Status=2, isTerminal=NO, Elapsed=00:17.
	Waiting on Data Migration
		Reason:Running plugin com.apple.managedconfiguration.migrator (MCProfile.migrator, user-agnostic)
		Migration Elapsed:00:00 seconds

[2026-08-17 08:25:18 +0000] Status=2, isTerminal=NO, Elapsed=00:17.
	Waiting on Data Migration
		Reason:Running plugin com.apple.MobileSafari.migrator (MobileSafari.migrator)
		Migration Elapsed:00:01 seconds

[2026-08-17 08:25:19 +0000] Status=4, isTerminal=NO, Elapsed=00:18.
	Waiting on System App

[2026-08-17 08:25:20 +0000] Status=4, isTerminal=NO, Elapsed=00:19.
	Waiting on System App

[2026-08-17 08:25:21 +0000] Status=4, isTerminal=NO, Elapsed=00:20.
	Waiting on System App

[2026-08-17 08:25:22 +0000] Status=4294967295, isTerminal=YES, Elapsed=00:21.
	Finished


11:25:22.371 detox[98422] i open -a Simulator --args -CurrentDeviceUDID 98FA5BD8-5D12-4B35-9A26-3AEBCADAFC8A
11:25:22.455 detox[98422] i 
11:25:22.457 detox[98422] E post-allocate: 98FA5BD8-5D12-4B35-9A26-3AEBCADAFC8A
11:25:22.457 detox[98422] i dispatching event to socket  :  allocateDeviceDone {
  deviceCookie: {
    id: '98FA5BD8-5D12-4B35-9A26-3AEBCADAFC8A',
    udid: '98FA5BD8-5D12-4B35-9A26-3AEBCADAFC8A',
    type: 'ios.simulator',
    bootArgs: undefined,
    headless: undefined
  }
}
11:25:22.458 detox[98431] i ## received events ##
11:25:22.459 detox[98431] i detected event allocateDeviceDone {
  deviceCookie: {
    id: '98FA5BD8-5D12-4B35-9A26-3AEBCADAFC8A',
    udid: '98FA5BD8-5D12-4B35-9A26-3AEBCADAFC8A',
    type: 'ios.simulator'
  }
}
11:25:22.679 detox[98431] B onBootDevice
  args: ({"deviceId":"98FA5BD8-5D12-4B35-9A26-3AEBCADAFC8A"})
11:25:22.681 detox[98431] E onBootDevice
11:25:22.686 detox[98431] B installUtilBinaries
  args: ()
11:25:22.686 detox[98431] E installUtilBinaries
11:25:22.687 detox[98431] B selectApp
  args: ("default")
11:25:22.723 detox[98431] E selectApp
11:25:22.724 detox[98431] B uninstallApp
  args: ()
11:25:22.724 detox[98431] B onBeforeUninstallApp
  args: ({"deviceId":"98FA5BD8-5D12-4B35-9A26-3AEBCADAFC8A","bundleId":"bg.sofia.yoursofia"})
11:25:22.724 detox[98431] E onBeforeUninstallApp
11:25:22.726 detox[98431] i /usr/bin/xcrun simctl uninstall 98FA5BD8-5D12-4B35-9A26-3AEBCADAFC8A bg.sofia.yoursofia
11:25:22.727 detox[98431] i Uninstalling bg.sofia.yoursofia...
11:25:24.187 detox[98431] i bg.sofia.yoursofia uninstalled
11:25:24.188 detox[98431] E uninstallApp
11:25:24.188 detox[98431] B selectApp
  args: ("default")
11:25:24.190 detox[98431] B terminateApp
  args: ()
11:25:24.190 detox[98431] B onBeforeTerminateApp
  args: ({"deviceId":"98FA5BD8-5D12-4B35-9A26-3AEBCADAFC8A","bundleId":"bg.sofia.yoursofia"})
11:25:24.191 detox[98431] E onBeforeTerminateApp
11:25:24.191 detox[98431] i /usr/bin/xcrun simctl terminate 98FA5BD8-5D12-4B35-9A26-3AEBCADAFC8A bg.sofia.yoursofia
11:25:24.191 detox[98431] i Terminating bg.sofia.yoursofia...
11:25:25.372 detox[98431] i An error was encountered processing the command (domain=NSPOSIXErrorDomain, code=3):
Simulator device failed to terminate bg.sofia.yoursofia.
found nothing to terminate
Underlying error (domain=NSPOSIXErrorDomain, code=3):
	The request to terminate "bg.sofia.yoursofia" failed. found nothing to terminate
	found nothing to terminate

11:25:25.372 detox[98431] i Terminating bg.sofia.yoursofia...
11:25:25.604 detox[98431] i "/usr/bin/xcrun simctl terminate 98FA5BD8-5D12-4B35-9A26-3AEBCADAFC8A bg.sofia.yoursofia" failed with error = Error: Command failed: /usr/bin/xcrun simctl terminate 98FA5BD8-5D12-4B35-9A26-3AEBCADAFC8A bg.sofia.yoursofia
An error was encountered processing the command (domain=NSPOSIXErrorDomain, code=3):
Simulator device failed to terminate bg.sofia.yoursofia.
found nothing to terminate
Underlying error (domain=NSPOSIXErrorDomain, code=3):
	The request to terminate "bg.sofia.yoursofia" failed. found nothing to terminate
	found nothing to terminate
 (code=3), stdout and stderr:

11:25:25.604 detox[98431] i 
11:25:25.604 detox[98431] i An error was encountered processing the command (domain=NSPOSIXErrorDomain, code=3):
Simulator device failed to terminate bg.sofia.yoursofia.
found nothing to terminate
Underlying error (domain=NSPOSIXErrorDomain, code=3):
	The request to terminate "bg.sofia.yoursofia" failed. found nothing to terminate
	found nothing to terminate

11:25:25.604 detox[98431] B onTerminateApp
  args: ({"deviceId":"98FA5BD8-5D12-4B35-9A26-3AEBCADAFC8A","bundleId":"bg.sofia.yoursofia"})
11:25:25.604 detox[98431] E onTerminateApp
11:25:25.604 detox[98431] E terminateApp
11:25:25.604 detox[98431] E selectApp
11:25:25.604 detox[98431] B installApp
  args: ()
11:25:25.604 detox[98431] i /usr/bin/xcrun simctl install 98FA5BD8-5D12-4B35-9A26-3AEBCADAFC8A "/Users/valentinasenov/your-sofia/your-sofia-mobile/ios/build/Build/Products/Release-iphonesimulator/YourSofia.app"
11:25:25.604 detox[98431] i Installing /Users/valentinasenov/your-sofia/your-sofia-mobile/ios/build/Build/Products/Release-iphonesimulator/YourSofia.app...
11:25:30.252 detox[98431] i /Users/valentinasenov/your-sofia/your-sofia-mobile/ios/build/Build/Products/Release-iphonesimulator/YourSofia.app installed
11:25:30.253 detox[98431] E installApp
11:25:30.253 detox[98431] B selectApp
  args: ("default")
11:25:30.253 detox[98431] B terminateApp
  args: ()
11:25:30.253 detox[98431] B onBeforeTerminateApp
  args: ({"deviceId":"98FA5BD8-5D12-4B35-9A26-3AEBCADAFC8A","bundleId":"bg.sofia.yoursofia"})
11:25:30.253 detox[98431] E onBeforeTerminateApp
11:25:30.253 detox[98431] i /usr/bin/xcrun simctl terminate 98FA5BD8-5D12-4B35-9A26-3AEBCADAFC8A bg.sofia.yoursofia
11:25:30.253 detox[98431] i Terminating bg.sofia.yoursofia...
11:25:31.573 detox[98431] i An error was encountered processing the command (domain=NSPOSIXErrorDomain, code=3):
Simulator device failed to terminate bg.sofia.yoursofia.
found nothing to terminate
Underlying error (domain=NSPOSIXErrorDomain, code=3):
	The request to terminate "bg.sofia.yoursofia" failed. found nothing to terminate
	found nothing to terminate

11:25:31.573 detox[98431] i Terminating bg.sofia.yoursofia...
11:25:31.753 detox[98431] i "/usr/bin/xcrun simctl terminate 98FA5BD8-5D12-4B35-9A26-3AEBCADAFC8A bg.sofia.yoursofia" failed with error = Error: Command failed: /usr/bin/xcrun simctl terminate 98FA5BD8-5D12-4B35-9A26-3AEBCADAFC8A bg.sofia.yoursofia
An error was encountered processing the command (domain=NSPOSIXErrorDomain, code=3):
Simulator device failed to terminate bg.sofia.yoursofia.
found nothing to terminate
Underlying error (domain=NSPOSIXErrorDomain, code=3):
	The request to terminate "bg.sofia.yoursofia" failed. found nothing to terminate
	found nothing to terminate
 (code=3), stdout and stderr:

11:25:31.753 detox[98431] i 
11:25:31.753 detox[98431] i An error was encountered processing the command (domain=NSPOSIXErrorDomain, code=3):
Simulator device failed to terminate bg.sofia.yoursofia.
found nothing to terminate
Underlying error (domain=NSPOSIXErrorDomain, code=3):
	The request to terminate "bg.sofia.yoursofia" failed. found nothing to terminate
	found nothing to terminate

11:25:31.753 detox[98431] B onTerminateApp
  args: ({"deviceId":"98FA5BD8-5D12-4B35-9A26-3AEBCADAFC8A","bundleId":"bg.sofia.yoursofia"})
11:25:31.753 detox[98431] E onTerminateApp
11:25:31.753 detox[98431] E terminateApp
11:25:31.753 detox[98431] E selectApp
11:25:31.754 detox[98431] E set up environment
11:25:31.894 detox[98431] i login.e2e.js is assigned to 98FA5BD8-5D12-4B35-9A26-3AEBCADAFC8A (iPhone 16e)
11:25:31.894 detox[98431] B run the tests
11:25:31.894 detox[98431] B onRunDescribeStart
  args: ({"name":"ROOT_DESCRIBE_BLOCK"})
11:25:31.895 detox[98431] E onRunDescribeStart
11:25:31.895 detox[98431] B Login screen
11:25:31.895 detox[98431] B onRunDescribeStart
  args: ({"name":"Login screen"})
11:25:31.895 detox[98431] E onRunDescribeStart
11:25:31.895 detox[98431] B beforeAll
11:25:31.897 detox[98431] B launchApp
  args: ({"permissions":{"notifications":"YES","location":"always"}})
11:25:31.898 detox[98431] B terminateApp
  args: ("bg.sofia.yoursofia")
11:25:31.898 detox[98431] B onBeforeTerminateApp
  args: ({"deviceId":"98FA5BD8-5D12-4B35-9A26-3AEBCADAFC8A","bundleId":"bg.sofia.yoursofia"})
11:25:31.898 detox[98431] E onBeforeTerminateApp
11:25:31.898 detox[98431] i /usr/bin/xcrun simctl terminate 98FA5BD8-5D12-4B35-9A26-3AEBCADAFC8A bg.sofia.yoursofia
11:25:31.898 detox[98431] i Terminating bg.sofia.yoursofia...
11:25:33.053 detox[98431] i An error was encountered processing the command (domain=NSPOSIXErrorDomain, code=3):
Simulator device failed to terminate bg.sofia.yoursofia.
found nothing to terminate
Underlying error (domain=NSPOSIXErrorDomain, code=3):
	The request to terminate "bg.sofia.yoursofia" failed. found nothing to terminate
	found nothing to terminate

11:25:33.053 detox[98431] i Terminating bg.sofia.yoursofia...
11:25:33.259 detox[98431] i "/usr/bin/xcrun simctl terminate 98FA5BD8-5D12-4B35-9A26-3AEBCADAFC8A bg.sofia.yoursofia" failed with error = Error: Command failed: /usr/bin/xcrun simctl terminate 98FA5BD8-5D12-4B35-9A26-3AEBCADAFC8A bg.sofia.yoursofia
An error was encountered processing the command (domain=NSPOSIXErrorDomain, code=3):
Simulator device failed to terminate bg.sofia.yoursofia.
found nothing to terminate
Underlying error (domain=NSPOSIXErrorDomain, code=3):
	The request to terminate "bg.sofia.yoursofia" failed. found nothing to terminate
	found nothing to terminate
 (code=3), stdout and stderr:

11:25:33.260 detox[98431] i 
11:25:33.260 detox[98431] i An error was encountered processing the command (domain=NSPOSIXErrorDomain, code=3):
Simulator device failed to terminate bg.sofia.yoursofia.
found nothing to terminate
Underlying error (domain=NSPOSIXErrorDomain, code=3):
	The request to terminate "bg.sofia.yoursofia" failed. found nothing to terminate
	found nothing to terminate

11:25:33.260 detox[98431] B onTerminateApp
  args: ({"deviceId":"98FA5BD8-5D12-4B35-9A26-3AEBCADAFC8A","bundleId":"bg.sofia.yoursofia"})
11:25:33.260 detox[98431] E onTerminateApp
11:25:33.260 detox[98431] E terminateApp
11:25:33.261 detox[98431] i applesimutils --byId 98FA5BD8-5D12-4B35-9A26-3AEBCADAFC8A --bundle bg.sofia.yoursofia --restartSB --setPermissions notifications=YES
11:25:33.261 detox[98431] i Trying to set permissions with AppleSimUtils: notifications=YES...
11:25:34.001 detox[98431] i notifications permissions are set
11:25:34.001 detox[98431] i /usr/bin/xcrun simctl privacy 98FA5BD8-5D12-4B35-9A26-3AEBCADAFC8A grant location-always bg.sofia.yoursofia
11:25:34.001 detox[98431] i Trying to set permissions with Simctl: grant location-always...
11:25:34.219 detox[98431] i location-always permissions are set
11:25:34.219 detox[98431] B onBeforeLaunchApp
  args: ({"bundleId":"bg.sofia.yoursofia","deviceId":"98FA5BD8-5D12-4B35-9A26-3AEBCADAFC8A","launchArgs":{"detoxServer":"ws://localhost:61930","detoxSessionId":"e7e24cb3-de2b-71df-8789-d9be7e7dc70f"}})
11:25:34.221 detox[98431] i starting SimulatorLogRecording {
  udid: '98FA5BD8-5D12-4B35-9A26-3AEBCADAFC8A',
  bundleId: 'bg.sofia.yoursofia'
}
11:25:34.222 detox[98431] i /usr/bin/xcrun simctl get_app_container 98FA5BD8-5D12-4B35-9A26-3AEBCADAFC8A bg.sofia.yoursofia
11:25:34.404 detox[98431] i /Users/valentinasenov/Library/Developer/CoreSimulator/Devices/98FA5BD8-5D12-4B35-9A26-3AEBCADAFC8A/data/Containers/Bundle/Application/12B90C3A-72F3-447D-B35C-244E0D70240B/YourSofia.app

11:25:34.407 detox[98431] i /usr/bin/xcrun simctl spawn 98FA5BD8-5D12-4B35-9A26-3AEBCADAFC8A log stream --level debug --style compact --predicate "processImagePath beginsWith \"/Users/valentinasenov/Library/Developer/CoreSimulator/Devices/98FA5BD8-5D12-4B35-9A26-3AEBCADAFC8A/data/Containers/Bundle/Application/12B90C3A-72F3-447D-B35C-244E0D70240B/YourSofia.app\""
11:25:34.458 detox[98431] E onBeforeLaunchApp
11:25:34.460 detox[98431] i SIMCTL_CHILD_GULGeneratedClassDisposeDisabled=YES SIMCTL_CHILD_DYLD_INSERT_LIBRARIES="/Users/valentinasenov/Library/Detox/ios/framework/6e09e705b61096f1cb264334dbbf3b7979d95162/Detox.framework/Detox" /usr/bin/xcrun simctl launch 98FA5BD8-5D12-4B35-9A26-3AEBCADAFC8A bg.sofia.yoursofia --args -detoxServer ws://localhost:61930 -detoxSessionId e7e24cb3-de2b-71df-8789-d9be7e7dc70f -detoxDebugVisibility YES -detoxDisableHierarchyDump YES
11:25:34.460 detox[98431] i Launching bg.sofia.yoursofia...
11:25:38.178 detox[98431] i bg.sofia.yoursofia: 98845

11:25:38.179 detox[98431] i /usr/bin/xcrun simctl get_app_container 98FA5BD8-5D12-4B35-9A26-3AEBCADAFC8A bg.sofia.yoursofia
11:25:38.898 detox[98431] i /Users/valentinasenov/Library/Developer/CoreSimulator/Devices/98FA5BD8-5D12-4B35-9A26-3AEBCADAFC8A/data/Containers/Bundle/Application/12B90C3A-72F3-447D-B35C-244E0D70240B/YourSofia.app

11:25:38.919 detox[98431] i bg.sofia.yoursofia launched. To watch simulator logs, run:
        /usr/bin/xcrun simctl spawn 98FA5BD8-5D12-4B35-9A26-3AEBCADAFC8A log stream --level debug --style compact --predicate 'process == "YourSofia"'
11:25:38.920 detox[98431] B onLaunchApp
  args: ({"bundleId":"bg.sofia.yoursofia","deviceId":"98FA5BD8-5D12-4B35-9A26-3AEBCADAFC8A","launchArgs":{"detoxServer":"ws://localhost:61930","detoxSessionId":"e7e24cb3-de2b-71df-8789-d9be7e7dc70f","detoxDebugVisibility":"YES","detoxDisableHierarchyDump":"YES"},"pid":98845})
11:25:38.920 detox[98431] E onLaunchApp
11:25:39.239 detox[98422] B connection :61930<->:62185
11:25:39.282 detox[98422] i get
  data: {"params":{"sessionId":"e7e24cb3-de2b-71df-8789-d9be7e7dc70f","role":"app"},"type":"login","messageId":0}
11:25:39.283 detox[98422] i send
  data: {
    "params": {
      "testerConnected": true,
      "appConnected": true
    },
    "type": "loginSuccess",
    "messageId": 0
  }
11:25:39.283 detox[98422] i app joined session e7e24cb3-de2b-71df-8789-d9be7e7dc70f
11:25:39.283 detox[98422] i send
  data: {
    "type": "appConnected"
  }
11:25:39.284 detox[98431] i get message
  data: {"type":"appConnected"}
   
11:25:39.286 detox[98431] i send message
  data: {"type":"isReady","params":{},"messageId":-1000}
11:25:39.287 detox[98422] i get
  data: {"type":"isReady","params":{},"messageId":-1000}
11:25:39.287 detox[98422] i send
  data: {
    "type": "isReady",
    "params": {},
    "messageId": -1000
  }
11:25:39.314 detox[98422] i get
  data: {"params":{"queueName":"com.apple.main-thread","errorDetails":"Expo\/ExpoAppDelegate.swift:31: Fatal error: recreateRootView: Missing factory in ExpoAppDelegate\n(\n\t0   Detox                               0x000000010460a58c +[NSThread(DetoxUtils) dtx_demangledCallStackSymbols] + 36\n\t1   Detox                               0x000000010460dfd4 __DTXHandleCrash + 668\n\t2   Detox                               0x000000010460e464 __dtx_asl_log + 404\n\t3   libswiftCore.dylib                  0x0000000197771458 swift_reportError + 80\n\t4   libswiftCore.dylib                  0x0000000197834164 _swift_stdlib_reportFatalErrorInFile + 120\n\t5   libswiftCore.dylib                  0x000000019785d0c8 closure #1 (Swift.UnsafeBufferPointer<Swift.UInt8>) -> () in Swift._assertionFailure(_: Swift.StaticString, _: Swift.String, file: Swift.StaticString, line: Swift.UInt, flags: Swift.UInt32) -> Swift.Never + 344\n\t6   libswiftCore.dylib                  0x000000019785c2d4 Swift._assertionFailure(_: Swift.StaticString, _: Swift.String, file: Swift.StaticString, line: Swift.UInt, flags: Swift.UInt32) -> Swift.Never + 156\n\t7   YourSofia                           0x0000000102273278 Expo.ExpoAppDelegate.recreateRootView(withBundleURL: Swift.Optional<Foundation.URL>, moduleName: Swift.Optional<Swift.String>, initialProps: Swift.Optional<Swift.Dictionary<Swift.AnyHashable, Any>>, launchOptions: Swift.Optional<Swift.Dictionary<Swift.AnyHashable, Any>>) -> __C.UIView + 1484\n\t8   YourSofia                           0x000000010220a944 recreateRootView #1 (withBundleURL: Swift.Optional<Foundation.URL>, moduleName: Swift.Optional<Swift.String>, initialProps: Swift.Optional<Swift.Dictionary<Swift.AnyHashable, Any>>, launchOptions: Swift.Optional<Swift.Dictionary<Swift.AnyHashable, Any>>) -> __C.UIView in EXUpdates.ExpoUpdatesReactDelegateHandler.appController(_: EXUpdates.AppControllerInterface, didStartWithSuccess: Swift.Bool) -> () + 200\n\t9   YourSofia                           0x000000010220b35c function signature specialization <Arg[0] = Dead, Arg[1] = Dead> of EXUpdates.ExpoUpdatesReactDelegateHandler.appController(_: EXUpdates.AppControllerInterface, didStartWithSuccess: Swift.Bool) -> () + 292\n\t10  YourSofia                           0x000000010220aba4 @objc EXUpdates.ExpoUpdatesReactDelegateHandler.appController(_: EXUpdates.AppControllerInterface, didStartWithSuccess: Swift.Bool) -> () + 44\n\t11  YourSofia                           0x000000010220275c closure #1 @Swift.MainActor () -> () in closure #1 (EXUpdates.AppControllerDelegate) -> Swift.Optional<()> in EXUpdates.EnabledAppController.startupProcedureDidLaunch(EXUpdates.StartupProcedure) -> () + 996\n\t12  YourSofia                           0x00000001021c1a90 reabstraction thunk helper from @escaping @callee_guaranteed @Sendable () -> () to @escaping @callee_unowned @convention(block) @Sendable () -> () + 28\n\t13  DetoxSync                           0x00000001044fc79c ____detox_sync_dispatch_wrapper_block_invoke + 44\n\t14  libdispatch.dylib                   0x00000001801c07a8 _dispatch_call_block_and_release + 24\n\t15  libdispatch.dylib                   0x00000001801db4b0 _dispatch_client_callout + 12\n\t16  libdispatch.dylib                   0x00000001801f74a0 _dispatch_main_queue_drain.cold.7 + 24\n\t17  libdispatch.dylib                   0x00000001801d031c _dispatch_main_queue_drain + 1184\n\t18  libdispatch.dylib                   0x00000001801cfe6c _dispatch_main_queue_callback_4CF + 40\n\t19  CoreFoundation                      0x0000000180455fa8 __CFRUNLOOP_IS_SERVICING_THE_MAIN_DISPATCH_QUEUE__ + 12\n\t20  CoreFoundation                      0x0000000180455180 __CFRunLoopRun + 1884\n\t21  CoreFoundation                      0x000000018044fdbc _CFRunLoopRunSpecificWithOptions + 496\n\t22  GraphicsServices                    0x0000000192b809bc GSEventRunModal + 116\n\t23  UIKitCore                           0x000000018640a204 -[UIApplication _run] + 772\n\t24  DetoxSync                           0x0000000104502f38 __detox_sync_UIApplication_run + 80\n\t25  UIKitCore                           0x000000018640e42c UIApplicationMain + 124\n\t26  UIKitCore                           0x000000018563f6b8 block_destroy_helper.15 + 5152\n\t27  YourSofia                           0x00000001021a4104 main + 116\n\t28  dyld                                0x0000000103ef53d0 start_sim + 20\n\t29  ???                                 0x0000000104177e00 0x0 + 4363615744\n)","threadNumber":1},"messageId":-10000,"type":"AppWillTerminateWithError"}
11:25:39.314 detox[98422] i send
  data: {
    "params": {
      "queueName": "com.apple.main-thread",
      "errorDetails": "Expo/ExpoAppDelegate.swift:31: Fatal error: recreateRootView: Missing factory in ExpoAppDelegate\n(\n\t0   Detox                               0x000000010460a58c +[NSThread(DetoxUtils) dtx_demangledCallStackSymbols] + 36\n\t1   Detox                               0x000000010460dfd4 __DTXHandleCrash + 668\n\t2   Detox                               0x000000010460e464 __dtx_asl_log + 404\n\t3   libswiftCore.dylib                  0x0000000197771458 swift_reportError + 80\n\t4   libswiftCore.dylib                  0x0000000197834164 _swift_stdlib_reportFatalErrorInFile + 120\n\t5   libswiftCore.dylib                  0x000000019785d0c8 closure #1 (Swift.UnsafeBufferPointer<Swift.UInt8>) -> () in Swift._assertionFailure(_: Swift.StaticString, _: Swift.String, file: Swift.StaticString, line: Swift.UInt, flags: Swift.UInt32) -> Swift.Never + 344\n\t6   libswiftCore.dylib                  0x000000019785c2d4 Swift._assertionFailure(_: Swift.StaticString, _: Swift.String, file: Swift.StaticString, line: Swift.UInt, flags: Swift.UInt32) -> Swift.Never + 156\n\t7   YourSofia                           0x0000000102273278 Expo.ExpoAppDelegate.recreateRootView(withBundleURL: Swift.Optional<Foundation.URL>, moduleName: Swift.Optional<Swift.String>, initialProps: Swift.Optional<Swift.Dictionary<Swift.AnyHashable, Any>>, launchOptions: Swift.Optional<Swift.Dictionary<Swift.AnyHashable, Any>>) -> __C.UIView + 1484\n\t8   YourSofia                           0x000000010220a944 recreateRootView #1 (withBundleURL: Swift.Optional<Foundation.URL>, moduleName: Swift.Optional<Swift.String>, initialProps: Swift.Optional<Swift.Dictionary<Swift.AnyHashable, Any>>, launchOptions: Swift.Optional<Swift.Dictionary<Swift.AnyHashable, Any>>) -> __C.UIView in EXUpdates.ExpoUpdatesReactDelegateHandler.appController(_: EXUpdates.AppControllerInterface, didStartWithSuccess: Swift.Bool) -> () + 200\n\t9   YourSofia                           0x000000010220b35c function signature specialization <Arg[0] = Dead, Arg[1] = Dead> of EXUpdates.ExpoUpdatesReactDelegateHandler.appController(_: EXUpdates.AppControllerInterface, didStartWithSuccess: Swift.Bool) -> () + 292\n\t10  YourSofia                           0x000000010220aba4 @objc EXUpdates.ExpoUpdatesReactDelegateHandler.appController(_: EXUpdates.AppControllerInterface, didStartWithSuccess: Swift.Bool) -> () + 44\n\t11  YourSofia                           0x000000010220275c closure #1 @Swift.MainActor () -> () in closure #1 (EXUpdates.AppControllerDelegate) -> Swift.Optional<()> in EXUpdates.EnabledAppController.startupProcedureDidLaunch(EXUpdates.StartupProcedure) -> () + 996\n\t12  YourSofia                           0x00000001021c1a90 reabstraction thunk helper from @escaping @callee_guaranteed @Sendable () -> () to @escaping @callee_unowned @convention(block) @Sendable () -> () + 28\n\t13  DetoxSync                           0x00000001044fc79c ____detox_sync_dispatch_wrapper_block_invoke + 44\n\t14  libdispatch.dylib                   0x00000001801c07a8 _dispatch_call_block_and_release + 24\n\t15  libdispatch.dylib                   0x00000001801db4b0 _dispatch_client_callout + 12\n\t16  libdispatch.dylib                   0x00000001801f74a0 _dispatch_main_queue_drain.cold.7 + 24\n\t17  libdispatch.dylib                   0x00000001801d031c _dispatch_main_queue_drain + 1184\n\t18  libdispatch.dylib                   0x00000001801cfe6c _dispatch_main_queue_callback_4CF + 40\n\t19  CoreFoundation                      0x0000000180455fa8 __CFRUNLOOP_IS_SERVICING_THE_MAIN_DISPATCH_QUEUE__ + 12\n\t20  CoreFoundation                      0x0000000180455180 __CFRunLoopRun + 1884\n\t21  CoreFoundation                      0x000000018044fdbc _CFRunLoopRunSpecificWithOptions + 496\n\t22  GraphicsServices                    0x0000000192b809bc GSEventRunModal + 116\n\t23  UIKitCore                           0x000000018640a204 -[UIApplication _run] + 772\n\t24  DetoxSync                           0x0000000104502f38 __detox_sync_UIApplication_run + 80\n\t25  UIKitCore                           0x000000018640e42c UIApplicationMain + 124\n\t26  UIKitCore                           0x000000018563f6b8 block_destroy_helper.15 + 5152\n\t27  YourSofia                           0x00000001021a4104 main + 116\n\t28  dyld                                0x0000000103ef53d0 start_sim + 20\n\t29  ???                                 0x0000000104177e00 0x0 + 4363615744\n)",
      "threadNumber": 1
    },
    "messageId": -10000,
    "type": "AppWillTerminateWithError"
  }
11:25:39.316 detox[98431] i get message
  data: {"params":{"queueName":"com.apple.main-thread","errorDetails":"Expo/ExpoAppDelegate.swift:31: Fatal error: recreateRootView: Missing factory in ExpoAppDelegate\n(\n\t0   Detox                               0x000000010460a58c +[NSThread(DetoxUtils) dtx_demangledCallStackSymbols] + 36\n\t1   Detox                               0x000000010460dfd4 __DTXHandleCrash + 668\n\t2   Detox                               0x000000010460e464 __dtx_asl_log + 404\n\t3   libswiftCore.dylib                  0x0000000197771458 swift_reportError + 80\n\t4   libswiftCore.dylib                  0x0000000197834164 _swift_stdlib_reportFatalErrorInFile + 120\n\t5   libswiftCore.dylib                  0x000000019785d0c8 closure #1 (Swift.UnsafeBufferPointer<Swift.UInt8>) -> () in Swift._assertionFailure(_: Swift.StaticString, _: Swift.String, file: Swift.StaticString, line: Swift.UInt, flags: Swift.UInt32) -> Swift.Never + 344\n\t6   libswiftCore.dylib                  0x000000019785c2d4 Swift._assertionFailure(_: Swift.StaticString, _: Swift.String, file: Swift.StaticString, line: Swift.UInt, flags: Swift.UInt32) -> Swift.Never + 156\n\t7   YourSofia                           0x0000000102273278 Expo.ExpoAppDelegate.recreateRootView(withBundleURL: Swift.Optional<Foundation.URL>, moduleName: Swift.Optional<Swift.String>, initialProps: Swift.Optional<Swift.Dictionary<Swift.AnyHashable, Any>>, launchOptions: Swift.Optional<Swift.Dictionary<Swift.AnyHashable, Any>>) -> __C.UIView + 1484\n\t8   YourSofia                           0x000000010220a944 recreateRootView #1 (withBundleURL: Swift.Optional<Foundation.URL>, moduleName: Swift.Optional<Swift.String>, initialProps: Swift.Optional<Swift.Dictionary<Swift.AnyHashable, Any>>, launchOptions: Swift.Optional<Swift.Dictionary<Swift.AnyHashable, Any>>) -> __C.UIView in EXUpdates.ExpoUpdatesReactDelegateHandler.appController(_: EXUpdates.AppControllerInterface, didStartWithSuccess: Swift.Bool) -> () + 200\n\t9   YourSofia                           0x000000010220b35c function signature specialization <Arg[0] = Dead, Arg[1] = Dead> of EXUpdates.ExpoUpdatesReactDelegateHandler.appController(_: EXUpdates.AppControllerInterface, didStartWithSuccess: Swift.Bool) -> () + 292\n\t10  YourSofia                           0x000000010220aba4 @objc EXUpdates.ExpoUpdatesReactDelegateHandler.appController(_: EXUpdates.AppControllerInterface, didStartWithSuccess: Swift.Bool) -> () + 44\n\t11  YourSofia                           0x000000010220275c closure #1 @Swift.MainActor () -> () in closure #1 (EXUpdates.AppControllerDelegate) -> Swift.Optional<()> in EXUpdates.EnabledAppController.startupProcedureDidLaunch(EXUpdates.StartupProcedure) -> () + 996\n\t12  YourSofia                           0x00000001021c1a90 reabstraction thunk helper from @escaping @callee_guaranteed @Sendable () -> () to @escaping @callee_unowned @convention(block) @Sendable () -> () + 28\n\t13  DetoxSync                           0x00000001044fc79c ____detox_sync_dispatch_wrapper_block_invoke + 44\n\t14  libdispatch.dylib                   0x00000001801c07a8 _dispatch_call_block_and_release + 24\n\t15  libdispatch.dylib                   0x00000001801db4b0 _dispatch_client_callout + 12\n\t16  libdispatch.dylib                   0x00000001801f74a0 _dispatch_main_queue_drain.cold.7 + 24\n\t17  libdispatch.dylib                   0x00000001801d031c _dispatch_main_queue_drain + 1184\n\t18  libdispatch.dylib                   0x00000001801cfe6c _dispatch_main_queue_callback_4CF + 40\n\t19  CoreFoundation                      0x0000000180455fa8 __CFRUNLOOP_IS_SERVICING_THE_MAIN_DISPATCH_QUEUE__ + 12\n\t20  CoreFoundation                      0x0000000180455180 __CFRunLoopRun + 1884\n\t21  CoreFoundation                      0x000000018044fdbc _CFRunLoopRunSpecificWithOptions + 496\n\t22  GraphicsServices                    0x0000000192b809bc GSEventRunModal + 116\n\t23  UIKitCore                           0x000000018640a204 -[UIApplication _run] + 772\n\t24  DetoxSync                           0x0000000104502f38 __detox_sync_UIApplication_run + 80\n\t25  UIKitCore                           0x000000018640e42c UIApplicationMain + 124\n\t26  UIKitCore                           0x000000018563f6b8 block_destroy_helper.15 + 5152\n\t27  YourSofia                           0x00000001021a4104 main + 116\n\t28  dyld                                0x0000000103ef53d0 start_sim + 20\n\t29  ???                                 0x0000000104177e00 0x0 + 4363615744\n)","threadNumber":1},"messageId":-10000,"type":"AppWillTerminateWithError"}
   
11:25:41.316 detox[98422] i get
  data: {"messageId":-10000,"type":"AppWillTerminateWithError","params":{"threadNumber":1,"queueName":"com.apple.main-thread","errorDetails":"Signal 5 raised\n(\n\t0   Detox                               0x000000010460a58c +[NSThread(DetoxUtils) dtx_demangledCallStackSymbols] + 36\n\t1   Detox                               0x000000010460df70 __DTXHandleCrash + 568\n\t2   Detox                               0x000000010460e56c __DTXHandleSignal + 72\n\t3   libsystem_platform.dylib            0x0000000104103540 _sigtramp + 52\n\t4   libswiftCore.dylib                  0x000000019785c2d4 Swift._assertionFailure(_: Swift.StaticString, _: Swift.String, file: Swift.StaticString, line: Swift.UInt, flags: Swift.UInt32) -> Swift.Never + 156\n\t5   YourSofia                           0x0000000102273278 Expo.ExpoAppDelegate.recreateRootView(withBundleURL: Swift.Optional<Foundation.URL>, moduleName: Swift.Optional<Swift.String>, initialProps: Swift.Optional<Swift.Dictionary<Swift.AnyHashable, Any>>, launchOptions: Swift.Optional<Swift.Dictionary<Swift.AnyHashable, Any>>) -> __C.UIView + 1484\n\t6   YourSofia                           0x000000010220a944 recreateRootView #1 (withBundleURL: Swift.Optional<Foundation.URL>, moduleName: Swift.Optional<Swift.String>, initialProps: Swift.Optional<Swift.Dictionary<Swift.AnyHashable, Any>>, launchOptions: Swift.Optional<Swift.Dictionary<Swift.AnyHashable, Any>>) -> __C.UIView in EXUpdates.ExpoUpdatesReactDelegateHandler.appController(_: EXUpdates.AppControllerInterface, didStartWithSuccess: Swift.Bool) -> () + 200\n\t7   YourSofia                           0x000000010220b35c function signature specialization <Arg[0] = Dead, Arg[1] = Dead> of EXUpdates.ExpoUpdatesReactDelegateHandler.appController(_: EXUpdates.AppControllerInterface, didStartWithSuccess: Swift.Bool) -> () + 292\n\t8   YourSofia                           0x000000010220aba4 @objc EXUpdates.ExpoUpdatesReactDelegateHandler.appController(_: EXUpdates.AppControllerInterface, didStartWithSuccess: Swift.Bool) -> () + 44\n\t9   YourSofia                           0x000000010220275c closure #1 @Swift.MainActor () -> () in closure #1 (EXUpdates.AppControllerDelegate) -> Swift.Optional<()> in EXUpdates.EnabledAppController.startupProcedureDidLaunch(EXUpdates.StartupProcedure) -> () + 996\n\t10  YourSofia                           0x00000001021c1a90 reabstraction thunk helper from @escaping @callee_guaranteed @Sendable () -> () to @escaping @callee_unowned @convention(block) @Sendable () -> () + 28\n\t11  DetoxSync                           0x00000001044fc79c ____detox_sync_dispatch_wrapper_block_invoke + 44\n\t12  libdispatch.dylib                   0x00000001801c07a8 _dispatch_call_block_and_release + 24\n\t13  libdispatch.dylib                   0x00000001801db4b0 _dispatch_client_callout + 12\n\t14  libdispatch.dylib                   0x00000001801f74a0 _dispatch_main_queue_drain.cold.7 + 24\n\t15  libdispatch.dylib                   0x00000001801d031c _dispatch_main_queue_drain + 1184\n\t16  libdispatch.dylib                   0x00000001801cfe6c _dispatch_main_queue_callback_4CF + 40\n\t17  CoreFoundation                      0x0000000180455fa8 __CFRUNLOOP_IS_SERVICING_THE_MAIN_DISPATCH_QUEUE__ + 12\n\t18  CoreFoundation                      0x0000000180455180 __CFRunLoopRun + 1884\n\t19  CoreFoundation                      0x000000018044fdbc _CFRunLoopRunSpecificWithOptions + 496\n\t20  GraphicsServices                    0x0000000192b809bc GSEventRunModal + 116\n\t21  UIKitCore                           0x000000018640a204 -[UIApplication _run] + 772\n\t22  DetoxSync                           0x0000000104502f38 __detox_sync_UIApplication_run + 80\n\t23  UIKitCore                           0x000000018640e42c UIApplicationMain + 124\n\t24  UIKitCore                           0x000000018563f6b8 block_destroy_helper.15 + 5152\n\t25  YourSofia                           0x00000001021a4104 main + 116\n\t26  dyld                                0x0000000103ef53d0 start_sim + 20\n\t27  ???                                 0x0000000104177e00 0x0 + 4363615744\n)"}}
11:25:41.317 detox[98422] i send
  data: {
    "messageId": -10000,
    "type": "AppWillTerminateWithError",
    "params": {
      "threadNumber": 1,
      "queueName": "com.apple.main-thread",
      "errorDetails": "Signal 5 raised\n(\n\t0   Detox                               0x000000010460a58c +[NSThread(DetoxUtils) dtx_demangledCallStackSymbols] + 36\n\t1   Detox                               0x000000010460df70 __DTXHandleCrash + 568\n\t2   Detox                               0x000000010460e56c __DTXHandleSignal + 72\n\t3   libsystem_platform.dylib            0x0000000104103540 _sigtramp + 52\n\t4   libswiftCore.dylib                  0x000000019785c2d4 Swift._assertionFailure(_: Swift.StaticString, _: Swift.String, file: Swift.StaticString, line: Swift.UInt, flags: Swift.UInt32) -> Swift.Never + 156\n\t5   YourSofia                           0x0000000102273278 Expo.ExpoAppDelegate.recreateRootView(withBundleURL: Swift.Optional<Foundation.URL>, moduleName: Swift.Optional<Swift.String>, initialProps: Swift.Optional<Swift.Dictionary<Swift.AnyHashable, Any>>, launchOptions: Swift.Optional<Swift.Dictionary<Swift.AnyHashable, Any>>) -> __C.UIView + 1484\n\t6   YourSofia                           0x000000010220a944 recreateRootView #1 (withBundleURL: Swift.Optional<Foundation.URL>, moduleName: Swift.Optional<Swift.String>, initialProps: Swift.Optional<Swift.Dictionary<Swift.AnyHashable, Any>>, launchOptions: Swift.Optional<Swift.Dictionary<Swift.AnyHashable, Any>>) -> __C.UIView in EXUpdates.ExpoUpdatesReactDelegateHandler.appController(_: EXUpdates.AppControllerInterface, didStartWithSuccess: Swift.Bool) -> () + 200\n\t7   YourSofia                           0x000000010220b35c function signature specialization <Arg[0] = Dead, Arg[1] = Dead> of EXUpdates.ExpoUpdatesReactDelegateHandler.appController(_: EXUpdates.AppControllerInterface, didStartWithSuccess: Swift.Bool) -> () + 292\n\t8   YourSofia                           0x000000010220aba4 @objc EXUpdates.ExpoUpdatesReactDelegateHandler.appController(_: EXUpdates.AppControllerInterface, didStartWithSuccess: Swift.Bool) -> () + 44\n\t9   YourSofia                           0x000000010220275c closure #1 @Swift.MainActor () -> () in closure #1 (EXUpdates.AppControllerDelegate) -> Swift.Optional<()> in EXUpdates.EnabledAppController.startupProcedureDidLaunch(EXUpdates.StartupProcedure) -> () + 996\n\t10  YourSofia                           0x00000001021c1a90 reabstraction thunk helper from @escaping @callee_guaranteed @Sendable () -> () to @escaping @callee_unowned @convention(block) @Sendable () -> () + 28\n\t11  DetoxSync                           0x00000001044fc79c ____detox_sync_dispatch_wrapper_block_invoke + 44\n\t12  libdispatch.dylib                   0x00000001801c07a8 _dispatch_call_block_and_release + 24\n\t13  libdispatch.dylib                   0x00000001801db4b0 _dispatch_client_callout + 12\n\t14  libdispatch.dylib                   0x00000001801f74a0 _dispatch_main_queue_drain.cold.7 + 24\n\t15  libdispatch.dylib                   0x00000001801d031c _dispatch_main_queue_drain + 1184\n\t16  libdispatch.dylib                   0x00000001801cfe6c _dispatch_main_queue_callback_4CF + 40\n\t17  CoreFoundation                      0x0000000180455fa8 __CFRUNLOOP_IS_SERVICING_THE_MAIN_DISPATCH_QUEUE__ + 12\n\t18  CoreFoundation                      0x0000000180455180 __CFRunLoopRun + 1884\n\t19  CoreFoundation                      0x000000018044fdbc _CFRunLoopRunSpecificWithOptions + 496\n\t20  GraphicsServices                    0x0000000192b809bc GSEventRunModal + 116\n\t21  UIKitCore                           0x000000018640a204 -[UIApplication _run] + 772\n\t22  DetoxSync                           0x0000000104502f38 __detox_sync_UIApplication_run + 80\n\t23  UIKitCore                           0x000000018640e42c UIApplicationMain + 124\n\t24  UIKitCore                           0x000000018563f6b8 block_destroy_helper.15 + 5152\n\t25  YourSofia                           0x00000001021a4104 main + 116\n\t26  dyld                                0x0000000103ef53d0 start_sim + 20\n\t27  ???                                 0x0000000104177e00 0x0 + 4363615744\n)"
    }
  }
11:25:41.317 detox[98431] i get message
  data: {"messageId":-10000,"type":"AppWillTerminateWithError","params":{"threadNumber":1,"queueName":"com.apple.main-thread","errorDetails":"Signal 5 raised\n(\n\t0   Detox                               0x000000010460a58c +[NSThread(DetoxUtils) dtx_demangledCallStackSymbols] + 36\n\t1   Detox                               0x000000010460df70 __DTXHandleCrash + 568\n\t2   Detox                               0x000000010460e56c __DTXHandleSignal + 72\n\t3   libsystem_platform.dylib            0x0000000104103540 _sigtramp + 52\n\t4   libswiftCore.dylib                  0x000000019785c2d4 Swift._assertionFailure(_: Swift.StaticString, _: Swift.String, file: Swift.StaticString, line: Swift.UInt, flags: Swift.UInt32) -> Swift.Never + 156\n\t5   YourSofia                           0x0000000102273278 Expo.ExpoAppDelegate.recreateRootView(withBundleURL: Swift.Optional<Foundation.URL>, moduleName: Swift.Optional<Swift.String>, initialProps: Swift.Optional<Swift.Dictionary<Swift.AnyHashable, Any>>, launchOptions: Swift.Optional<Swift.Dictionary<Swift.AnyHashable, Any>>) -> __C.UIView + 1484\n\t6   YourSofia                           0x000000010220a944 recreateRootView #1 (withBundleURL: Swift.Optional<Foundation.URL>, moduleName: Swift.Optional<Swift.String>, initialProps: Swift.Optional<Swift.Dictionary<Swift.AnyHashable, Any>>, launchOptions: Swift.Optional<Swift.Dictionary<Swift.AnyHashable, Any>>) -> __C.UIView in EXUpdates.ExpoUpdatesReactDelegateHandler.appController(_: EXUpdates.AppControllerInterface, didStartWithSuccess: Swift.Bool) -> () + 200\n\t7   YourSofia                           0x000000010220b35c function signature specialization <Arg[0] = Dead, Arg[1] = Dead> of EXUpdates.ExpoUpdatesReactDelegateHandler.appController(_: EXUpdates.AppControllerInterface, didStartWithSuccess: Swift.Bool) -> () + 292\n\t8   YourSofia                           0x000000010220aba4 @objc EXUpdates.ExpoUpdatesReactDelegateHandler.appController(_: EXUpdates.AppControllerInterface, didStartWithSuccess: Swift.Bool) -> () + 44\n\t9   YourSofia                           0x000000010220275c closure #1 @Swift.MainActor () -> () in closure #1 (EXUpdates.AppControllerDelegate) -> Swift.Optional<()> in EXUpdates.EnabledAppController.startupProcedureDidLaunch(EXUpdates.StartupProcedure) -> () + 996\n\t10  YourSofia                           0x00000001021c1a90 reabstraction thunk helper from @escaping @callee_guaranteed @Sendable () -> () to @escaping @callee_unowned @convention(block) @Sendable () -> () + 28\n\t11  DetoxSync                           0x00000001044fc79c ____detox_sync_dispatch_wrapper_block_invoke + 44\n\t12  libdispatch.dylib                   0x00000001801c07a8 _dispatch_call_block_and_release + 24\n\t13  libdispatch.dylib                   0x00000001801db4b0 _dispatch_client_callout + 12\n\t14  libdispatch.dylib                   0x00000001801f74a0 _dispatch_main_queue_drain.cold.7 + 24\n\t15  libdispatch.dylib                   0x00000001801d031c _dispatch_main_queue_drain + 1184\n\t16  libdispatch.dylib                   0x00000001801cfe6c _dispatch_main_queue_callback_4CF + 40\n\t17  CoreFoundation                      0x0000000180455fa8 __CFRUNLOOP_IS_SERVICING_THE_MAIN_DISPATCH_QUEUE__ + 12\n\t18  CoreFoundation                      0x0000000180455180 __CFRunLoopRun + 1884\n\t19  CoreFoundation                      0x000000018044fdbc _CFRunLoopRunSpecificWithOptions + 496\n\t20  GraphicsServices                    0x0000000192b809bc GSEventRunModal + 116\n\t21  UIKitCore                           0x000000018640a204 -[UIApplication _run] + 772\n\t22  DetoxSync                           0x0000000104502f38 __detox_sync_UIApplication_run + 80\n\t23  UIKitCore                           0x000000018640e42c UIApplicationMain + 124\n\t24  UIKitCore                           0x000000018563f6b8 block_destroy_helper.15 + 5152\n\t25  YourSofia                           0x00000001021a4104 main + 116\n\t26  dyld                                0x0000000103ef53d0 start_sim + 20\n\t27  ???                                 0x0000000104177e00 0x0 + 4363615744\n)"}}
   
11:25:43.327 detox[98422] i app exited session e7e24cb3-de2b-71df-8789-d9be7e7dc70f
11:25:43.327 detox[98422] i send
  data: {
    "type": "appDisconnected"
  }
11:25:43.328 detox[98422] E connection :61930<->:62185
11:25:43.328 detox[98431] i get message
  data: {"type":"appDisconnected"}
   
11:25:43.329 detox[98431] E launchApp
  error: The pending request #-1000 ("isReady") has been rejected due to the following error:
  
  The app has crashed, see the details below:
  
  Expo/ExpoAppDelegate.swift:31: Fatal error: recreateRootView: Missing factory in ExpoAppDelegate
  (
  	0   Detox                               0x000000010460a58c +[NSThread(DetoxUtils) dtx_demangledCallStackSymbols] + 36
  	1   Detox                               0x000000010460dfd4 __DTXHandleCrash + 668
  	2   Detox                               0x000000010460e464 __dtx_asl_log + 404
  	3   libswiftCore.dylib                  0x0000000197771458 swift_reportError + 80
  	4   libswiftCore.dylib                  0x0000000197834164 _swift_stdlib_reportFatalErrorInFile + 120
  	5   libswiftCore.dylib                  0x000000019785d0c8 closure #1 (Swift.UnsafeBufferPointer<Swift.UInt8>) -> () in Swift._assertionFailure(_: Swift.StaticString, _: Swift.String, file: Swift.StaticString, line: Swift.UInt, flags: Swift.UInt32) -> Swift.Never + 344
  	6   libswiftCore.dylib                  0x000000019785c2d4 Swift._assertionFailure(_: Swift.StaticString, _: Swift.String, file: Swift.StaticString, line: Swift.UInt, flags: Swift.UInt32) -> Swift.Never + 156
  	7   YourSofia                           0x0000000102273278 Expo.ExpoAppDelegate.recreateRootView(withBundleURL: Swift.Optional<Foundation.URL>, moduleName: Swift.Optional<Swift.String>, initialProps: Swift.Optional<Swift.Dictionary<Swift.AnyHashable, Any>>, launchOptions: Swift.Optional<Swift.Dictionary<Swift.AnyHashable, Any>>) -> __C.UIView + 1484
  	8   YourSofia                           0x000000010220a944 recreateRootView #1 (withBundleURL: Swift.Optional<Foundation.URL>, moduleName: Swift.Optional<Swift.String>, initialProps: Swift.Optional<Swift.Dictionary<Swift.AnyHashable, Any>>, launchOptions: Swift.Optional<Swift.Dictionary<Swift.AnyHashable, Any>>) -> __C.UIView in EXUpdates.ExpoUpdatesReactDelegateHandler.appController(_: EXUpdates.AppControllerInterface, didStartWithSuccess: Swift.Bool) -> () + 200
  	9   YourSofia                           0x000000010220b35c function signature specialization <Arg[0] = Dead, Arg[1] = Dead> of EXUpdates.ExpoUpdatesReactDelegateHandler.appController(_: EXUpdates.AppControllerInterface, didStartWithSuccess: Swift.Bool) -> () + 292
  	10  YourSofia                           0x000000010220aba4 @objc EXUpdates.ExpoUpdatesReactDelegateHandler.appController(_: EXUpdates.AppControllerInterface, didStartWithSuccess: Swift.Bool) -> () + 44
  	11  YourSofia                           0x000000010220275c closure #1 @Swift.MainActor () -> () in closure #1 (EXUpdates.AppControllerDelegate) -> Swift.Optional<()> in EXUpdates.EnabledAppController.startupProcedureDidLaunch(EXUpdates.StartupProcedure) -> () + 996
  	12  YourSofia                           0x00000001021c1a90 reabstraction thunk helper from @escaping @callee_guaranteed @Sendable () -> () to @escaping @callee_unowned @convention(block) @Sendable () -> () + 28
  	13  DetoxSync                           0x00000001044fc79c ____detox_sync_dispatch_wrapper_block_invoke + 44
  	14  libdispatch.dylib                   0x00000001801c07a8 _dispatch_call_block_and_release + 24
  	15  libdispatch.dylib                   0x00000001801db4b0 _dispatch_client_callout + 12
  	16  libdispatch.dylib                   0x00000001801f74a0 _dispatch_main_queue_drain.cold.7 + 24
  	17  libdispatch.dylib                   0x00000001801d031c _dispatch_main_queue_drain + 1184
  	18  libdispatch.dylib                   0x00000001801cfe6c _dispatch_main_queue_callback_4CF + 40
  	19  CoreFoundation                      0x0000000180455fa8 __CFRUNLOOP_IS_SERVICING_THE_MAIN_DISPATCH_QUEUE__ + 12
  	20  CoreFoundation                      0x0000000180455180 __CFRunLoopRun + 1884
  	21  CoreFoundation                      0x000000018044fdbc _CFRunLoopRunSpecificWithOptions + 496
  	22  GraphicsServices                    0x0000000192b809bc GSEventRunModal + 116
  	23  UIKitCore                           0x000000018640a204 -[UIApplication _run] + 772
  	24  DetoxSync                           0x0000000104502f38 __detox_sync_UIApplication_run + 80
  	25  UIKitCore                           0x000000018640e42c UIApplicationMain + 124
  	26  UIKitCore                           0x000000018563f6b8 block_destroy_helper.15 + 5152
  	27  YourSofia                           0x00000001021a4104 main + 116
  	28  dyld                                0x0000000103ef53d0 start_sim + 20
  	29  ???                                 0x0000000104177e00 0x0 + 4363615744
  )
11:25:43.330 detox[98431] B onHookFailure
  args: ({"error":{"name":"DetoxRuntimeError"},"hook":"beforeAll"})
11:25:43.330 detox[98431] i starting SimulatorScreenshot
11:25:43.331 detox[98431] i /usr/bin/xcrun simctl io 98FA5BD8-5D12-4B35-9A26-3AEBCADAFC8A screenshot "/private/var/folders/s6/yd_zk8tj44q3s0_kpq1gwzqc0000gn/T/detox-98431-lbWj6A.detox.png"
11:25:43.612 detox[98431] i Detected file type from extension: PNG
Note: No display specified. Defaulting to display: E0D19570-6697-4B3D-AFE8-DDB99F7C319F (screenID: 1, name: LCD)
Wrote screenshot to: /private/var/folders/s6/yd_zk8tj44q3s0_kpq1gwzqc0000gn/T/detox-98431-lbWj6A.detox.png

11:25:43.612 detox[98431] i stopping SimulatorScreenshot
11:25:43.613 detox[98431] E onHookFailure
11:25:43.613 detox[98431] E beforeAll
  error: The pending request #-1000 ("isReady") has been rejected due to the following error:
  
  The app has crashed, see the details below:
  
  Expo/ExpoAppDelegate.swift:31: Fatal error: recreateRootView: Missing factory in ExpoAppDelegate
  (
  	0   Detox                               0x000000010460a58c +[NSThread(DetoxUtils) dtx_demangledCallStackSymbols] + 36
  	1   Detox                               0x000000010460dfd4 __DTXHandleCrash + 668
  	2   Detox                               0x000000010460e464 __dtx_asl_log + 404
  	3   libswiftCore.dylib                  0x0000000197771458 swift_reportError + 80
  	4   libswiftCore.dylib                  0x0000000197834164 _swift_stdlib_reportFatalErrorInFile + 120
  	5   libswiftCore.dylib                  0x000000019785d0c8 closure #1 (Swift.UnsafeBufferPointer<Swift.UInt8>) -> () in Swift._assertionFailure(_: Swift.StaticString, _: Swift.String, file: Swift.StaticString, line: Swift.UInt, flags: Swift.UInt32) -> Swift.Never + 344
  	6   libswiftCore.dylib                  0x000000019785c2d4 Swift._assertionFailure(_: Swift.StaticString, _: Swift.String, file: Swift.StaticString, line: Swift.UInt, flags: Swift.UInt32) -> Swift.Never + 156
  	7   YourSofia                           0x0000000102273278 Expo.ExpoAppDelegate.recreateRootView(withBundleURL: Swift.Optional<Foundation.URL>, moduleName: Swift.Optional<Swift.String>, initialProps: Swift.Optional<Swift.Dictionary<Swift.AnyHashable, Any>>, launchOptions: Swift.Optional<Swift.Dictionary<Swift.AnyHashable, Any>>) -> __C.UIView + 1484
  	8   YourSofia                           0x000000010220a944 recreateRootView #1 (withBundleURL: Swift.Optional<Foundation.URL>, moduleName: Swift.Optional<Swift.String>, initialProps: Swift.Optional<Swift.Dictionary<Swift.AnyHashable, Any>>, launchOptions: Swift.Optional<Swift.Dictionary<Swift.AnyHashable, Any>>) -> __C.UIView in EXUpdates.ExpoUpdatesReactDelegateHandler.appController(_: EXUpdates.AppControllerInterface, didStartWithSuccess: Swift.Bool) -> () + 200
  	9   YourSofia                           0x000000010220b35c function signature specialization <Arg[0] = Dead, Arg[1] = Dead> of EXUpdates.ExpoUpdatesReactDelegateHandler.appController(_: EXUpdates.AppControllerInterface, didStartWithSuccess: Swift.Bool) -> () + 292
  	10  YourSofia                           0x000000010220aba4 @objc EXUpdates.ExpoUpdatesReactDelegateHandler.appController(_: EXUpdates.AppControllerInterface, didStartWithSuccess: Swift.Bool) -> () + 44
  	11  YourSofia                           0x000000010220275c closure #1 @Swift.MainActor () -> () in closure #1 (EXUpdates.AppControllerDelegate) -> Swift.Optional<()> in EXUpdates.EnabledAppController.startupProcedureDidLaunch(EXUpdates.StartupProcedure) -> () + 996
  	12  YourSofia                           0x00000001021c1a90 reabstraction thunk helper from @escaping @callee_guaranteed @Sendable () -> () to @escaping @callee_unowned @convention(block) @Sendable () -> () + 28
  	13  DetoxSync                           0x00000001044fc79c ____detox_sync_dispatch_wrapper_block_invoke + 44
  	14  libdispatch.dylib                   0x00000001801c07a8 _dispatch_call_block_and_release + 24
  	15  libdispatch.dylib                   0x00000001801db4b0 _dispatch_client_callout + 12
  	16  libdispatch.dylib                   0x00000001801f74a0 _dispatch_main_queue_drain.cold.7 + 24
  	17  libdispatch.dylib                   0x00000001801d031c _dispatch_main_queue_drain + 1184
  	18  libdispatch.dylib                   0x00000001801cfe6c _dispatch_main_queue_callback_4CF + 40
  	19  CoreFoundation                      0x0000000180455fa8 __CFRUNLOOP_IS_SERVICING_THE_MAIN_DISPATCH_QUEUE__ + 12
  	20  CoreFoundation                      0x0000000180455180 __CFRunLoopRun + 1884
  	21  CoreFoundation                      0x000000018044fdbc _CFRunLoopRunSpecificWithOptions + 496
  	22  GraphicsServices                    0x0000000192b809bc GSEventRunModal + 116
  	23  UIKitCore                           0x000000018640a204 -[UIApplication _run] + 772
  	24  DetoxSync                           0x0000000104502f38 __detox_sync_UIApplication_run + 80
  	25  UIKitCore                           0x000000018640e42c UIApplicationMain + 124
  	26  UIKitCore                           0x000000018563f6b8 block_destroy_helper.15 + 5152
  	27  YourSofia                           0x00000001021a4104 main + 116
  	28  dyld                                0x0000000103ef53d0 start_sim + 20
  	29  ???                                 0x0000000104177e00 0x0 + 4363615744
  )
11:25:43.614 detox[98431] B navigates from the profile tab to the login screen
11:25:43.614 detox[98431] i Login screen: navigates from the profile tab to the login screen
11:25:43.615 detox[98431] E navigates from the profile tab to the login screen
11:25:43.615 detox[98431] i Login screen: navigates from the profile tab to the login screen [FAIL]
11:25:43.615 detox[98431] B shows a validation alert when submitting the form empty
11:25:43.615 detox[98431] i Login screen: shows a validation alert when submitting the form empty
11:25:43.616 detox[98431] E shows a validation alert when submitting the form empty
11:25:43.616 detox[98431] i Login screen: shows a validation alert when submitting the form empty [FAIL]
11:25:43.616 detox[98431] B onRunDescribeFinish
  args: ({"name":"Login screen"})
11:25:43.616 detox[98431] E onRunDescribeFinish
11:25:43.616 detox[98431] E Login screen
11:25:43.616 detox[98431] B onRunDescribeFinish
  args: ({"name":"ROOT_DESCRIBE_BLOCK"})
11:25:43.616 detox[98431] E onRunDescribeFinish
11:25:43.616 detox[98431] E run the tests
11:25:43.642 detox[98431] B tear down environment
11:25:43.643 detox[98431] B onBeforeCleanup
  args: ()
11:25:43.646 detox[98431] i saving SimulatorScreenshot to: .artifacts/ios.sim.release.2026-08-17 08-24-57Z/beforeAllFailure.png
11:25:43.647 detox[98431] i moving "/private/var/folders/s6/yd_zk8tj44q3s0_kpq1gwzqc0000gn/T/detox-98431-lbWj6A.detox.png" to .artifacts/ios.sim.release.2026-08-17 08-24-57Z/beforeAllFailure.png
11:25:43.649 detox[98431] i saving SimulatorLogRecording to: .artifacts/ios.sim.release.2026-08-17 08-24-57Z/98FA5BD8-5D12-4B35-9A26-3AEBCADAFC8A 2026-08-17 08-25-43Z.startup.log
11:25:43.649 detox[98431] i stopping SimulatorLogRecording
11:25:43.700 detox[98431] i sending SIGINT to: /usr/bin/xcrun simctl spawn 98FA5BD8-5D12-4B35-9A26-3AEBCADAFC8A log stream --level debug --style compact --predicate processImagePath beginsWith "/Users/valentinasenov/Library/Developer/CoreSimulator/Devices/98FA5BD8-5D12-4B35-9A26-3AEBCADAFC8A/data/Containers/Bundle/Application/12B90C3A-72F3-447D-B35C-244E0D70240B/YourSofia.app"
11:25:43.709 detox[98431] i /usr/bin/xcrun simctl spawn 98FA5BD8-5D12-4B35-9A26-3AEBCADAFC8A log stream --level debug --style compact --predicate "processImagePath beginsWith \"/Users/valentinasenov/Library/Developer/CoreSimulator/Devices/98FA5BD8-5D12-4B35-9A26-3AEBCADAFC8A/data/Containers/Bundle/Application/12B90C3A-72F3-447D-B35C-244E0D70240B/YourSofia.app\"" exited with code #0
11:25:43.709 detox[98431] i moving "/private/var/folders/s6/yd_zk8tj44q3s0_kpq1gwzqc0000gn/T/detox-98431-bSY4Sn.detox.log" to .artifacts/ios.sim.release.2026-08-17 08-24-57Z/98FA5BD8-5D12-4B35-9A26-3AEBCADAFC8A 2026-08-17 08-25-43Z.startup.log
11:25:43.710 detox[98431] i saving FileArtifact to: .artifacts/ios.sim.release.2026-08-17 08-24-57Z/detox_pid_98431.json.log { append: true }
11:25:43.710 detox[98431] i saving FileArtifact to: .artifacts/ios.sim.release.2026-08-17 08-24-57Z/detox_pid_98431.log { append: true }
11:25:43.711 detox[98431] E onBeforeCleanup
11:25:43.712 detox[98422] i tester exited session e7e24cb3-de2b-71df-8789-d9be7e7dc70f
11:25:43.712 detox[98422] E connection :61930<->:61933
11:25:43.713 detox[98422] i received event of :  deallocateDevice {
  deviceCookie: {
    id: '98FA5BD8-5D12-4B35-9A26-3AEBCADAFC8A',
    udid: '98FA5BD8-5D12-4B35-9A26-3AEBCADAFC8A',
    type: 'ios.simulator'
  }
}
11:25:43.713 detox[98431] i dispatching event to  primary-98422 /tmp/detox.primary-98422  :  deallocateDevice , {
  deviceCookie: {
    id: '98FA5BD8-5D12-4B35-9A26-3AEBCADAFC8A',
    udid: '98FA5BD8-5D12-4B35-9A26-3AEBCADAFC8A',
    type: 'ios.simulator'
  }
}
11:25:43.714 detox[98422] B free: 98FA5BD8-5D12-4B35-9A26-3AEBCADAFC8A
  data: {}
11:25:43.719 detox[98422] E free: 98FA5BD8-5D12-4B35-9A26-3AEBCADAFC8A
11:25:43.719 detox[98422] i dispatching event to socket  :  deallocateDeviceDone {}
11:25:43.719 detox[98431] i ## received events ##
11:25:43.719 detox[98431] i detected event deallocateDeviceDone {}
11:25:43.720 detox[98431] E tear down environment
11:25:43.720 detox[98431] E e2e/login.e2e.js
11:25:43.725 detox[98422] i received event of :  reportTestResults {
  testResults: [
    {
      success: false,
      testFilePath: '/Users/valentinasenov/your-sofia/your-sofia-mobile/e2e/login.e2e.js',
      isPermanentFailure: false
    }
  ]
}
11:25:43.725 detox[98431] i dispatching event to  primary-98422 /tmp/detox.primary-98422  :  reportTestResults , {
  testResults: [
    {
      success: false,
      testFilePath: '/Users/valentinasenov/your-sofia/your-sofia-mobile/e2e/login.e2e.js',
      testExecError: undefined,
      isPermanentFailure: false
    }
  ]
}
11:25:43.726 detox[98422] i dispatching event to socket  :  reportTestResultsDone {
  testResults: [
    {
      success: false,
      testFilePath: '/Users/valentinasenov/your-sofia/your-sofia-mobile/e2e/login.e2e.js',
      isPermanentFailure: false
    }
  ]
}
11:25:43.726 detox[98422] i broadcasting event to all known sockets listening to  /tmp/detox.primary-98422  :   sessionStateUpdate {
  testResults: [
    {
      success: false,
      testFilePath: '/Users/valentinasenov/your-sofia/your-sofia-mobile/e2e/login.e2e.js',
      isPermanentFailure: false
    }
  ]
}
11:25:43.726 detox[98431] i ## received events ##
11:25:43.728 detox[98422] i socket disconnected secondary-98431
11:25:43.736 detox[98422] E Command failed with exit code = 1:
jest --config e2e/jest.config.js
11:25:43.737 detox[98422] B cleanup
  args: ()
11:25:43.737 detox[98422] i /usr/bin/xcrun simctl shutdown 98FA5BD8-5D12-4B35-9A26-3AEBCADAFC8A
11:25:43.738 detox[98422] i Shutting down 98FA5BD8-5D12-4B35-9A26-3AEBCADAFC8A...
11:25:46.995 detox[98422] i 98FA5BD8-5D12-4B35-9A26-3AEBCADAFC8A shut down
11:25:46.996 detox[98422] E cleanup
11:25:46.996 detox[98422] i Detox server has been closed gracefully
11:25:46.998 detox[98422] E node_modules/detox/local-cli/cli.js test --configuration ios.sim.release --cleanup
