11:34:25.720 detox[1038] B node_modules/detox/local-cli/cli.js test --configuration ios.sim.release --cleanup
  data: {
    "id": "1a22a4fb-3822-9446-41f1-bb7030508e20",
    "detoxConfig": {
      "configurationName": "ios.sim.release",
      "apps": {
        "default": {
          "type": "ios.app",
          "binaryPath": "ios/build/Build/Products/Release-iphonesimulator/YourSofia.app",
          "build": "xcodebuild -workspace ios/YourSofia.xcworkspace -scheme YourSofia -configuration Release -sdk iphonesimulator -derivedDataPath ios/build -destination 'generic/platform=iOS Simulator'"
        }
      },
      "artifacts": {
        "rootDir": ".artifacts/ios.sim.release.2026-08-17 08-34-25Z",
        "plugins": {
          "log": {
            "enabled": true,
            "keepOnlyFailedTestsArtifacts": true
          },
          "screenshot": {
            "enabled": true,
            "shouldTakeAutomaticSnapshots": true,
            "keepOnlyFailedTestsArtifacts": true
          },
          "video": {
            "enabled": false,
            "keepOnlyFailedTestsArtifacts": false
          },
          "instruments": {
            "enabled": false,
            "keepOnlyFailedTestsArtifacts": false
          },
          "uiHierarchy": {
            "enabled": false,
            "keepOnlyFailedTestsArtifacts": false
          }
        }
      },
      "behavior": {
        "init": {
          "keepLockFile": false,
          "reinstallApp": true,
          "exposeGlobals": true
        },
        "cleanup": {
          "shutdownDevice": true
        },
        "launchApp": "auto"
      },
      "cli": {
        "cleanup": true,
        "configuration": "ios.sim.release",
        "start": true
      },
      "commands": [
        {
          "appName": "default",
          "build": "xcodebuild -workspace ios/YourSofia.xcworkspace -scheme YourSofia -configuration Release -sdk iphonesimulator -derivedDataPath ios/build -destination 'generic/platform=iOS Simulator'"
        }
      ],
      "device": {
        "type": "ios.simulator",
        "device": {
          "type": "iPhone 16e"
        }
      },
      "logger": {
        "level": "info",
        "overrideConsole": true,
        "options": {
          "showLoggerName": true,
          "showPid": true,
          "showLevel": false,
          "showMetadata": false,
          "basepath": "/Users/valentinasenov/your-sofia/your-sofia-mobile/node_modules/.pnpm/detox@20.51.4_patch_hash=243f4fb1396d0ba4204110e1fb380dce0954c69273b7351999aba1f3d2eca5_91662811f4238f93586f4790222322c3/node_modules/detox/src",
          "prefixers": {},
          "stringifiers": {}
        }
      },
      "testRunner": {
        "retries": 0,
        "forwardEnv": false,
        "detached": false,
        "bail": false,
        "noRetryArgs": [
          "shard"
        ],
        "jest": {
          "setupTimeout": 120000,
          "teardownTimeout": 30000,
          "retryAfterCircusRetries": false,
          "reportWorkerAssign": true
        },
        "args": {
          "$0": "jest",
          "_": [],
          "config": "e2e/jest.config.js",
          "--": []
        }
      },
      "session": {
        "autoStart": true,
        "debugSynchronization": 10000
      }
    },
    "detoxIPCServer": "primary-1038",
    "testResults": [],
    "testSessionIndex": 0,
    "workersCount": 0
  }
11:34:25.726 detox[1038] i Server path not specified, so defaulting to ipc.config.socketRoot + ipc.config.appspace + ipc.config.id /tmp/detox.primary-1038
11:34:25.726 detox[1038] i starting server on  /tmp/detox.primary-1038 
11:34:25.726 detox[1038] i starting TLS server false
11:34:25.726 detox[1038] i starting server as Unix || Windows Socket
11:34:25.728 detox[1038] i Detox server listening on localhost:62318...
11:34:25.729 detox[1038] i Serialized the session state at: /private/var/folders/s6/yd_zk8tj44q3s0_kpq1gwzqc0000gn/T/1a22a4fb-3822-9446-41f1-bb7030508e20.detox.json
11:34:25.730 detox[1038] B jest --config e2e/jest.config.js
11:34:25.731 detox[1038] i (node:1038) [DEP0190] DeprecationWarning: Passing args to a child process with shell option true can lead to security vulnerabilities, as the arguments are not escaped, only concatenated.
(Use `node --trace-deprecation ...` to show where the warning was created)
11:34:26.454 detox[1045] i Service path not specified, so defaulting to ipc.config.socketRoot + ipc.config.appspace + id 
11:34:26.454 detox[1045] i requested connection to  primary-1038 /tmp/detox.primary-1038
11:34:26.454 detox[1045] i Connecting client on Unix Socket : /tmp/detox.primary-1038
11:34:26.455 detox[1038] i ## socket connection to server detected ##
11:34:26.455 detox[1045] i retrying reset
11:34:26.455 detox[1045] i dispatching event to  primary-1038 /tmp/detox.primary-1038  :  registerContext , { id: 'secondary-1045' }
11:34:26.456 detox[1038] i received event of :  registerContext { id: 'secondary-1045' }
11:34:26.456 detox[1038] i dispatching event to socket  :  registerContextDone {
  testResults: [],
  testSessionIndex: 0,
  unsafe_earlyTeardown: undefined
}
11:34:26.457 detox[1045] i ## received events ##
11:34:26.457 detox[1045] i detected event registerContextDone { testResults: [], testSessionIndex: 0 }
11:34:26.530 detox[1045] B e2e/login.e2e.js
11:34:26.540 detox[1045] B set up environment
11:34:26.541 detox[1038] i received event of :  registerWorker { workerId: 'w1' }
11:34:26.541 detox[1038] i dispatching event to socket  :  registerWorkerDone { workersCount: 1 }
11:34:26.541 detox[1038] i broadcasting event to all known sockets listening to  /tmp/detox.primary-1038  :   sessionStateUpdate { workersCount: 1 }
11:34:26.541 detox[1045] i dispatching event to  primary-1038 /tmp/detox.primary-1038  :  registerWorker , { workerId: 'w1' }
11:34:26.541 detox[1045] i ## received events ##
11:34:26.541 detox[1045] i detected event registerWorkerDone { workersCount: 1 }
11:34:26.657 detox[1045] i ## received events ##
11:34:26.657 detox[1045] i detected event sessionStateUpdate { workersCount: 1 }
11:34:26.662 detox[1038] B connection :62318<->:62319
11:34:26.662 detox[1045] i opened web socket to: ws://localhost:62318
11:34:26.663 detox[1045] i send message
  data: {"type":"login","params":{"sessionId":"753b482f-4b0c-00ea-3fe6-c59a700fb347","role":"tester"},"messageId":0}
11:34:26.665 detox[1038] i get
  data: {"type":"login","params":{"sessionId":"753b482f-4b0c-00ea-3fe6-c59a700fb347","role":"tester"},"messageId":0}
11:34:26.665 detox[1038] i created session 753b482f-4b0c-00ea-3fe6-c59a700fb347
11:34:26.665 detox[1038] i send
  data: {
    "type": "loginSuccess",
    "params": {
      "testerConnected": true,
      "appConnected": false
    },
    "messageId": 0
  }
11:34:26.665 detox[1038] i tester joined session 753b482f-4b0c-00ea-3fe6-c59a700fb347
11:34:26.666 detox[1045] i get message
  data: {"type":"loginSuccess","params":{"testerConnected":true,"appConnected":false},"messageId":0}
   
11:34:26.862 detox[1038] i received event of :  allocateDevice {
  deviceConfig: { type: 'ios.simulator', device: { type: 'iPhone 16e' } }
}
11:34:26.862 detox[1045] i dispatching event to  primary-1038 /tmp/detox.primary-1038  :  allocateDevice , {
  deviceConfig: { type: 'ios.simulator', device: { type: 'iPhone 16e' } }
}
11:34:26.865 detox[1038] B init
  args: ()
11:34:26.866 detox[1038] E init
11:34:26.867 detox[1038] B allocate
  data: {
    "type": "ios.simulator",
    "device": {
      "type": "iPhone 16e"
    }
  }
11:34:26.886 detox[1038] i applesimutils --list --byType "iPhone 16e" --fields udid,name,deviceType,os,identifier
11:34:26.886 detox[1038] i Searching for device by type = "iPhone 16e" ...
11:34:27.098 detox[1038] i [
  {
    "os" : {
      "name" : "iOS 26.3",
      "identifier" : "com.apple.CoreSimulator.SimRuntime.iOS-26-3"
    },
    "name" : "iPhone 16e",
    "udid" : "4EC5F74C-5A9C-4D89-8E44-374310E684AE",
    "deviceType" : {
      "name" : "iPhone 16e",
      "identifier" : "com.apple.CoreSimulator.SimDeviceType.iPhone-16e"
    }
  },
  {
    "os" : {
      "name" : "iOS 26.3",
      "identifier" : "com.apple.CoreSimulator.SimRuntime.iOS-26-3"
    },
    "name" : "iPhone 16e-Detox",
    "udid" : "98FA5BD8-5D12-4B35-9A26-3AEBCADAFC8A",
    "deviceType" : {
      "name" : "iPhone 16e",
      "identifier" : "com.apple.CoreSimulator.SimDeviceType.iPhone-16e"
    }
  }
]

11:34:27.098 detox[1038] i settled on 4EC5F74C-5A9C-4D89-8E44-374310E684AE
  data: {
    "id": "4EC5F74C-5A9C-4D89-8E44-374310E684AE",
    "udid": "4EC5F74C-5A9C-4D89-8E44-374310E684AE"
  }
11:34:27.098 detox[1038] E allocate
11:34:27.098 detox[1038] B post-allocate: 4EC5F74C-5A9C-4D89-8E44-374310E684AE
  data: {
    "id": "4EC5F74C-5A9C-4D89-8E44-374310E684AE",
    "udid": "4EC5F74C-5A9C-4D89-8E44-374310E684AE"
  }
11:34:27.098 detox[1038] i applesimutils --list --byId 4EC5F74C-5A9C-4D89-8E44-374310E684AE --maxResults 1 --fields udid,os,version,state
11:34:27.191 detox[1038] i [
  {
    "state" : "Booted",
    "os" : {
      "version" : "26.3.1"
    },
    "udid" : "4EC5F74C-5A9C-4D89-8E44-374310E684AE"
  }
]

11:34:27.191 detox[1038] E post-allocate: 4EC5F74C-5A9C-4D89-8E44-374310E684AE
11:34:27.191 detox[1038] i dispatching event to socket  :  allocateDeviceDone {
  deviceCookie: {
    id: '4EC5F74C-5A9C-4D89-8E44-374310E684AE',
    udid: '4EC5F74C-5A9C-4D89-8E44-374310E684AE',
    type: 'ios.simulator',
    bootArgs: undefined,
    headless: undefined
  }
}
11:34:27.192 detox[1045] i ## received events ##
11:34:27.192 detox[1045] i detected event allocateDeviceDone {
  deviceCookie: {
    id: '4EC5F74C-5A9C-4D89-8E44-374310E684AE',
    udid: '4EC5F74C-5A9C-4D89-8E44-374310E684AE',
    type: 'ios.simulator'
  }
}
11:34:27.199 detox[1045] B onBootDevice
  args: ({"deviceId":"4EC5F74C-5A9C-4D89-8E44-374310E684AE"})
11:34:27.199 detox[1045] E onBootDevice
11:34:27.199 detox[1045] B installUtilBinaries
  args: ()
11:34:27.199 detox[1045] E installUtilBinaries
11:34:27.199 detox[1045] B selectApp
  args: ("default")
11:34:27.205 detox[1045] E selectApp
11:34:27.205 detox[1045] B uninstallApp
  args: ()
11:34:27.205 detox[1045] B onBeforeUninstallApp
  args: ({"deviceId":"4EC5F74C-5A9C-4D89-8E44-374310E684AE","bundleId":"bg.sofia.yoursofia"})
11:34:27.205 detox[1045] E onBeforeUninstallApp
11:34:27.205 detox[1045] i /usr/bin/xcrun simctl uninstall 4EC5F74C-5A9C-4D89-8E44-374310E684AE bg.sofia.yoursofia
11:34:27.205 detox[1045] i Uninstalling bg.sofia.yoursofia...
11:34:27.394 detox[1045] i bg.sofia.yoursofia uninstalled
11:34:27.394 detox[1045] E uninstallApp
11:34:27.395 detox[1045] B selectApp
  args: ("default")
11:34:27.395 detox[1045] B terminateApp
  args: ()
11:34:27.396 detox[1045] B onBeforeTerminateApp
  args: ({"deviceId":"4EC5F74C-5A9C-4D89-8E44-374310E684AE","bundleId":"bg.sofia.yoursofia"})
11:34:27.396 detox[1045] E onBeforeTerminateApp
11:34:27.396 detox[1045] i /usr/bin/xcrun simctl terminate 4EC5F74C-5A9C-4D89-8E44-374310E684AE bg.sofia.yoursofia
11:34:27.396 detox[1045] i Terminating bg.sofia.yoursofia...
11:34:28.607 detox[1045] i An error was encountered processing the command (domain=NSPOSIXErrorDomain, code=3):
Simulator device failed to terminate bg.sofia.yoursofia.
found nothing to terminate
Underlying error (domain=NSPOSIXErrorDomain, code=3):
	The request to terminate "bg.sofia.yoursofia" failed. found nothing to terminate
	found nothing to terminate

11:34:28.607 detox[1045] i Terminating bg.sofia.yoursofia...
11:34:28.714 detox[1045] i "/usr/bin/xcrun simctl terminate 4EC5F74C-5A9C-4D89-8E44-374310E684AE bg.sofia.yoursofia" failed with error = Error: Command failed: /usr/bin/xcrun simctl terminate 4EC5F74C-5A9C-4D89-8E44-374310E684AE bg.sofia.yoursofia
An error was encountered processing the command (domain=NSPOSIXErrorDomain, code=3):
Simulator device failed to terminate bg.sofia.yoursofia.
found nothing to terminate
Underlying error (domain=NSPOSIXErrorDomain, code=3):
	The request to terminate "bg.sofia.yoursofia" failed. found nothing to terminate
	found nothing to terminate
 (code=3), stdout and stderr:

11:34:28.714 detox[1045] i 
11:34:28.714 detox[1045] i An error was encountered processing the command (domain=NSPOSIXErrorDomain, code=3):
Simulator device failed to terminate bg.sofia.yoursofia.
found nothing to terminate
Underlying error (domain=NSPOSIXErrorDomain, code=3):
	The request to terminate "bg.sofia.yoursofia" failed. found nothing to terminate
	found nothing to terminate

11:34:28.714 detox[1045] B onTerminateApp
  args: ({"deviceId":"4EC5F74C-5A9C-4D89-8E44-374310E684AE","bundleId":"bg.sofia.yoursofia"})
11:34:28.714 detox[1045] E onTerminateApp
11:34:28.714 detox[1045] E terminateApp
11:34:28.714 detox[1045] E selectApp
11:34:28.714 detox[1045] B installApp
  args: ()
11:34:28.714 detox[1045] i /usr/bin/xcrun simctl install 4EC5F74C-5A9C-4D89-8E44-374310E684AE "/Users/valentinasenov/your-sofia/your-sofia-mobile/ios/build/Build/Products/Release-iphonesimulator/YourSofia.app"
11:34:28.714 detox[1045] i Installing /Users/valentinasenov/your-sofia/your-sofia-mobile/ios/build/Build/Products/Release-iphonesimulator/YourSofia.app...
11:34:29.067 detox[1045] i /Users/valentinasenov/your-sofia/your-sofia-mobile/ios/build/Build/Products/Release-iphonesimulator/YourSofia.app installed
11:34:29.068 detox[1045] E installApp
11:34:29.068 detox[1045] B selectApp
  args: ("default")
11:34:29.068 detox[1045] B terminateApp
  args: ()
11:34:29.068 detox[1045] B onBeforeTerminateApp
  args: ({"deviceId":"4EC5F74C-5A9C-4D89-8E44-374310E684AE","bundleId":"bg.sofia.yoursofia"})
11:34:29.068 detox[1045] E onBeforeTerminateApp
11:34:29.068 detox[1045] i /usr/bin/xcrun simctl terminate 4EC5F74C-5A9C-4D89-8E44-374310E684AE bg.sofia.yoursofia
11:34:29.068 detox[1045] i Terminating bg.sofia.yoursofia...
11:34:30.164 detox[1045] i An error was encountered processing the command (domain=NSPOSIXErrorDomain, code=3):
Simulator device failed to terminate bg.sofia.yoursofia.
found nothing to terminate
Underlying error (domain=NSPOSIXErrorDomain, code=3):
	The request to terminate "bg.sofia.yoursofia" failed. found nothing to terminate
	found nothing to terminate

11:34:30.164 detox[1045] i Terminating bg.sofia.yoursofia...
11:34:30.265 detox[1045] i "/usr/bin/xcrun simctl terminate 4EC5F74C-5A9C-4D89-8E44-374310E684AE bg.sofia.yoursofia" failed with error = Error: Command failed: /usr/bin/xcrun simctl terminate 4EC5F74C-5A9C-4D89-8E44-374310E684AE bg.sofia.yoursofia
An error was encountered processing the command (domain=NSPOSIXErrorDomain, code=3):
Simulator device failed to terminate bg.sofia.yoursofia.
found nothing to terminate
Underlying error (domain=NSPOSIXErrorDomain, code=3):
	The request to terminate "bg.sofia.yoursofia" failed. found nothing to terminate
	found nothing to terminate
 (code=3), stdout and stderr:

11:34:30.265 detox[1045] i 
11:34:30.265 detox[1045] i An error was encountered processing the command (domain=NSPOSIXErrorDomain, code=3):
Simulator device failed to terminate bg.sofia.yoursofia.
found nothing to terminate
Underlying error (domain=NSPOSIXErrorDomain, code=3):
	The request to terminate "bg.sofia.yoursofia" failed. found nothing to terminate
	found nothing to terminate

11:34:30.265 detox[1045] B onTerminateApp
  args: ({"deviceId":"4EC5F74C-5A9C-4D89-8E44-374310E684AE","bundleId":"bg.sofia.yoursofia"})
11:34:30.265 detox[1045] E onTerminateApp
11:34:30.265 detox[1045] E terminateApp
11:34:30.265 detox[1045] E selectApp
11:34:30.265 detox[1045] E set up environment
11:34:30.338 detox[1045] i login.e2e.js is assigned to 4EC5F74C-5A9C-4D89-8E44-374310E684AE (iPhone 16e)
11:34:30.338 detox[1045] B run the tests
11:34:30.338 detox[1045] B onRunDescribeStart
  args: ({"name":"ROOT_DESCRIBE_BLOCK"})
11:34:30.338 detox[1045] E onRunDescribeStart
11:34:30.338 detox[1045] B Login screen
11:34:30.338 detox[1045] B onRunDescribeStart
  args: ({"name":"Login screen"})
11:34:30.339 detox[1045] E onRunDescribeStart
11:34:30.339 detox[1045] B beforeAll
11:34:30.340 detox[1045] B launchApp
  args: ({"permissions":{"notifications":"YES","location":"always"}})
11:34:30.341 detox[1045] B terminateApp
  args: ("bg.sofia.yoursofia")
11:34:30.341 detox[1045] B onBeforeTerminateApp
  args: ({"deviceId":"4EC5F74C-5A9C-4D89-8E44-374310E684AE","bundleId":"bg.sofia.yoursofia"})
11:34:30.341 detox[1045] E onBeforeTerminateApp
11:34:30.341 detox[1045] i /usr/bin/xcrun simctl terminate 4EC5F74C-5A9C-4D89-8E44-374310E684AE bg.sofia.yoursofia
11:34:30.341 detox[1045] i Terminating bg.sofia.yoursofia...
11:34:31.425 detox[1045] i An error was encountered processing the command (domain=NSPOSIXErrorDomain, code=3):
Simulator device failed to terminate bg.sofia.yoursofia.
found nothing to terminate
Underlying error (domain=NSPOSIXErrorDomain, code=3):
	The request to terminate "bg.sofia.yoursofia" failed. found nothing to terminate
	found nothing to terminate

11:34:31.426 detox[1045] i Terminating bg.sofia.yoursofia...
11:34:31.545 detox[1045] i "/usr/bin/xcrun simctl terminate 4EC5F74C-5A9C-4D89-8E44-374310E684AE bg.sofia.yoursofia" failed with error = Error: Command failed: /usr/bin/xcrun simctl terminate 4EC5F74C-5A9C-4D89-8E44-374310E684AE bg.sofia.yoursofia
An error was encountered processing the command (domain=NSPOSIXErrorDomain, code=3):
Simulator device failed to terminate bg.sofia.yoursofia.
found nothing to terminate
Underlying error (domain=NSPOSIXErrorDomain, code=3):
	The request to terminate "bg.sofia.yoursofia" failed. found nothing to terminate
	found nothing to terminate
 (code=3), stdout and stderr:

11:34:31.545 detox[1045] i 
11:34:31.545 detox[1045] i An error was encountered processing the command (domain=NSPOSIXErrorDomain, code=3):
Simulator device failed to terminate bg.sofia.yoursofia.
found nothing to terminate
Underlying error (domain=NSPOSIXErrorDomain, code=3):
	The request to terminate "bg.sofia.yoursofia" failed. found nothing to terminate
	found nothing to terminate

11:34:31.545 detox[1045] B onTerminateApp
  args: ({"deviceId":"4EC5F74C-5A9C-4D89-8E44-374310E684AE","bundleId":"bg.sofia.yoursofia"})
11:34:31.545 detox[1045] E onTerminateApp
11:34:31.545 detox[1045] E terminateApp
11:34:31.545 detox[1045] i applesimutils --byId 4EC5F74C-5A9C-4D89-8E44-374310E684AE --bundle bg.sofia.yoursofia --restartSB --setPermissions notifications=YES
11:34:31.545 detox[1045] i Trying to set permissions with AppleSimUtils: notifications=YES...
11:34:31.912 detox[1045] i notifications permissions are set
11:34:31.912 detox[1045] i /usr/bin/xcrun simctl privacy 4EC5F74C-5A9C-4D89-8E44-374310E684AE grant location-always bg.sofia.yoursofia
11:34:31.912 detox[1045] i Trying to set permissions with Simctl: grant location-always...
11:34:32.024 detox[1045] i location-always permissions are set
11:34:32.024 detox[1045] B onBeforeLaunchApp
  args: ({"bundleId":"bg.sofia.yoursofia","deviceId":"4EC5F74C-5A9C-4D89-8E44-374310E684AE","launchArgs":{"detoxServer":"ws://localhost:62318","detoxSessionId":"753b482f-4b0c-00ea-3fe6-c59a700fb347"}})
11:34:32.025 detox[1045] i starting SimulatorLogRecording {
  udid: '4EC5F74C-5A9C-4D89-8E44-374310E684AE',
  bundleId: 'bg.sofia.yoursofia'
}
11:34:32.026 detox[1045] i /usr/bin/xcrun simctl get_app_container 4EC5F74C-5A9C-4D89-8E44-374310E684AE bg.sofia.yoursofia
11:34:32.141 detox[1045] i /Users/valentinasenov/Library/Developer/CoreSimulator/Devices/4EC5F74C-5A9C-4D89-8E44-374310E684AE/data/Containers/Bundle/Application/F3147808-5ECA-491B-9ADC-3DA9921C01A2/YourSofia.app

11:34:32.142 detox[1045] i /usr/bin/xcrun simctl spawn 4EC5F74C-5A9C-4D89-8E44-374310E684AE log stream --level debug --style compact --predicate "processImagePath beginsWith \"/Users/valentinasenov/Library/Developer/CoreSimulator/Devices/4EC5F74C-5A9C-4D89-8E44-374310E684AE/data/Containers/Bundle/Application/F3147808-5ECA-491B-9ADC-3DA9921C01A2/YourSofia.app\""
11:34:32.193 detox[1045] E onBeforeLaunchApp
11:34:32.194 detox[1045] i SIMCTL_CHILD_GULGeneratedClassDisposeDisabled=YES SIMCTL_CHILD_DYLD_INSERT_LIBRARIES="/Users/valentinasenov/Library/Detox/ios/framework/6e09e705b61096f1cb264334dbbf3b7979d95162/Detox.framework/Detox" /usr/bin/xcrun simctl launch 4EC5F74C-5A9C-4D89-8E44-374310E684AE bg.sofia.yoursofia --args -detoxServer ws://localhost:62318 -detoxSessionId 753b482f-4b0c-00ea-3fe6-c59a700fb347 -detoxDebugVisibility YES -detoxDisableHierarchyDump YES
11:34:32.194 detox[1045] i Launching bg.sofia.yoursofia...
11:34:35.046 detox[1045] i bg.sofia.yoursofia: 1177

11:34:35.046 detox[1045] i /usr/bin/xcrun simctl get_app_container 4EC5F74C-5A9C-4D89-8E44-374310E684AE bg.sofia.yoursofia
11:34:35.254 detox[1045] i /Users/valentinasenov/Library/Developer/CoreSimulator/Devices/4EC5F74C-5A9C-4D89-8E44-374310E684AE/data/Containers/Bundle/Application/F3147808-5ECA-491B-9ADC-3DA9921C01A2/YourSofia.app

11:34:35.267 detox[1045] i bg.sofia.yoursofia launched. To watch simulator logs, run:
        /usr/bin/xcrun simctl spawn 4EC5F74C-5A9C-4D89-8E44-374310E684AE log stream --level debug --style compact --predicate 'process == "YourSofia"'
11:34:35.268 detox[1045] B onLaunchApp
  args: ({"bundleId":"bg.sofia.yoursofia","deviceId":"4EC5F74C-5A9C-4D89-8E44-374310E684AE","launchArgs":{"detoxServer":"ws://localhost:62318","detoxSessionId":"753b482f-4b0c-00ea-3fe6-c59a700fb347","detoxDebugVisibility":"YES","detoxDisableHierarchyDump":"YES"},"pid":1177})
11:34:35.268 detox[1045] E onLaunchApp
11:34:36.016 detox[1038] B connection :62318<->:62320
11:34:36.208 detox[1038] i get
  data: {"messageId":0,"params":{"role":"app","sessionId":"753b482f-4b0c-00ea-3fe6-c59a700fb347"},"type":"login"}
11:34:36.208 detox[1038] i send
  data: {
    "messageId": 0,
    "params": {
      "testerConnected": true,
      "appConnected": true
    },
    "type": "loginSuccess"
  }
11:34:36.208 detox[1038] i app joined session 753b482f-4b0c-00ea-3fe6-c59a700fb347
11:34:36.208 detox[1038] i send
  data: {
    "type": "appConnected"
  }
11:34:36.210 detox[1045] i get message
  data: {"type":"appConnected"}
   
11:34:36.211 detox[1038] i get
  data: {"type":"isReady","params":{},"messageId":-1000}
11:34:36.211 detox[1038] i send
  data: {
    "type": "isReady",
    "params": {},
    "messageId": -1000
  }
11:34:36.211 detox[1045] i send message
  data: {"type":"isReady","params":{},"messageId":-1000}
11:34:39.783 detox[1038] i get
  data: {"messageId":-1000,"params":{},"type":"ready"}
11:34:39.783 detox[1038] i send
  data: {
    "messageId": -1000,
    "params": {},
    "type": "ready"
  }
11:34:39.784 detox[1038] i get
  data: {"messageId":-1000,"params":{},"type":"ready"}
11:34:39.784 detox[1038] i send
  data: {
    "messageId": -1000,
    "params": {},
    "type": "ready"
  }
11:34:39.784 detox[1038] i get
  data: {"messageId":-1000,"params":{},"type":"ready"}
11:34:39.784 detox[1038] i send
  data: {
    "messageId": -1000,
    "params": {},
    "type": "ready"
  }
11:34:39.784 detox[1045] i get message
  data: {"messageId":-1000,"params":{},"type":"ready"}
   
11:34:39.785 detox[1045] i send message
  data: {"type":"waitForActive","params":{},"messageId":1}
11:34:39.786 detox[1038] i get
  data: {"type":"waitForActive","params":{},"messageId":1}
11:34:39.786 detox[1038] i send
  data: {
    "type": "waitForActive",
    "params": {},
    "messageId": 1
  }
11:34:39.786 detox[1045] i get message
  data: {"messageId":-1000,"params":{},"type":"ready"}
   
11:34:39.786 detox[1045] i get message
  data: {"messageId":-1000,"params":{},"type":"ready"}
   
11:34:39.788 detox[1038] i get
  data: {"type":"waitForActiveDone","messageId":1,"params":{}}
11:34:39.788 detox[1038] i send
  data: {
    "type": "waitForActiveDone",
    "messageId": 1,
    "params": {}
  }
11:34:39.789 detox[1045] i get message
  data: {"type":"waitForActiveDone","messageId":1,"params":{}}
   
11:34:39.789 detox[1045] B onAppReady
  args: ({"deviceId":"4EC5F74C-5A9C-4D89-8E44-374310E684AE","bundleId":"bg.sofia.yoursofia","pid":1177})
11:34:39.789 detox[1045] E onAppReady
11:34:39.789 detox[1045] E launchApp
11:34:39.790 detox[1045] E beforeAll
11:34:39.791 detox[1045] B navigates from the profile tab to the login screen
11:34:39.791 detox[1045] i Login screen: navigates from the profile tab to the login screen
11:34:39.793 detox[1045] B onTestStart
  args: ({"title":"navigates from the profile tab to the login screen","fullName":"Login screen navigates from the profile tab to the login screen","status":"running","invocations":1})
11:34:39.793 detox[1045] i stopping SimulatorLogRecording
11:34:39.846 detox[1045] i sending SIGINT to: /usr/bin/xcrun simctl spawn 4EC5F74C-5A9C-4D89-8E44-374310E684AE log stream --level debug --style compact --predicate processImagePath beginsWith "/Users/valentinasenov/Library/Developer/CoreSimulator/Devices/4EC5F74C-5A9C-4D89-8E44-374310E684AE/data/Containers/Bundle/Application/F3147808-5ECA-491B-9ADC-3DA9921C01A2/YourSofia.app"
11:34:39.862 detox[1045] i /usr/bin/xcrun simctl spawn 4EC5F74C-5A9C-4D89-8E44-374310E684AE log stream --level debug --style compact --predicate "processImagePath beginsWith \"/Users/valentinasenov/Library/Developer/CoreSimulator/Devices/4EC5F74C-5A9C-4D89-8E44-374310E684AE/data/Containers/Bundle/Application/F3147808-5ECA-491B-9ADC-3DA9921C01A2/YourSofia.app\"" exited with code #0
11:34:39.864 detox[1045] i starting SimulatorLogRecording
11:34:39.865 detox[1045] i /usr/bin/xcrun simctl get_app_container 4EC5F74C-5A9C-4D89-8E44-374310E684AE bg.sofia.yoursofia
11:34:40.004 detox[1045] i /Users/valentinasenov/Library/Developer/CoreSimulator/Devices/4EC5F74C-5A9C-4D89-8E44-374310E684AE/data/Containers/Bundle/Application/F3147808-5ECA-491B-9ADC-3DA9921C01A2/YourSofia.app

11:34:40.005 detox[1045] i /usr/bin/xcrun simctl spawn 4EC5F74C-5A9C-4D89-8E44-374310E684AE log stream --level debug --style compact --predicate "processImagePath beginsWith \"/Users/valentinasenov/Library/Developer/CoreSimulator/Devices/4EC5F74C-5A9C-4D89-8E44-374310E684AE/data/Containers/Bundle/Application/F3147808-5ECA-491B-9ADC-3DA9921C01A2/YourSofia.app\""
11:34:40.056 detox[1045] i starting SimulatorScreenshot
11:34:40.057 detox[1045] i /usr/bin/xcrun simctl io 4EC5F74C-5A9C-4D89-8E44-374310E684AE screenshot "/private/var/folders/s6/yd_zk8tj44q3s0_kpq1gwzqc0000gn/T/detox-1045-4naOlC.detox.png"
11:34:40.181 detox[1045] i Detected file type from extension: PNG
Note: No display specified. Defaulting to display: 00543357-53AE-4C7E-9892-14AC0E353577 (screenID: 1, name: LCD)
Wrote screenshot to: /private/var/folders/s6/yd_zk8tj44q3s0_kpq1gwzqc0000gn/T/detox-1045-4naOlC.detox.png

11:34:40.181 detox[1045] i stopping SimulatorScreenshot
11:34:40.181 detox[1045] E onTestStart
11:34:40.181 detox[1045] B beforeEach
11:34:40.181 detox[1045] E beforeEach
11:34:40.181 detox[1045] B beforeEach
11:34:40.182 detox[1038] i get
  data: {"type":"reactNativeReload","params":{},"messageId":-1000}
11:34:40.182 detox[1038] i send
  data: {
    "type": "reactNativeReload",
    "params": {},
    "messageId": -1000
  }
11:34:40.182 detox[1045] B reloadReactNative
  args: ()
11:34:40.182 detox[1045] i send message
  data: {"type":"reactNativeReload","params":{},"messageId":-1000}
11:34:40.187 detox[1038] i get
  data: {"type":"AppWillTerminateWithError","messageId":-10000,"params":{"errorDetails":"Invalid AppDelegate\nCould not access rootViewFactory. Make sure your AppDelegate either: Inherits from RCTAppDelegate or defines 'reactNativeFactory'\n(\n\t0   CoreFoundation                      0x00000001804f733c __exceptionPreprocess + 160\n\t1   libobjc.A.dylib                     0x000000018009c094 objc_exception_throw + 72\n\t2   CoreFoundation                      0x00000001804f7258 -[NSException initWithCoder:] + 0\n\t3   Detox                               0x0000000104c1eb1c +[ReactNativeSupport getReactHost] + 428\n\t4   Detox                               0x0000000104c1e858 +[ReactNativeSupport reloadApp] + 172\n\t5   Detox                               0x0000000104c6d834 merged reabstraction thunk helper from @escaping @callee_guaranteed () -> () to @escaping @callee_unowned @convention(block) () -> () + 28\n\t6   DetoxSync                           0x0000000104a67184 __36+[DTXSyncManager _tryIdleBlocksNow:]_block_invoke.66 + 172\n\t7   libdispatch.dylib                   0x00000001801c07a8 _dispatch_call_block_and_release + 24\n\t8   libdispatch.dylib                   0x00000001801db4b0 _dispatch_client_callout + 12\n\t9   libdispatch.dylib                   0x00000001801f74a0 _dispatch_main_queue_drain.cold.7 + 24\n\t10  libdispatch.dylib                   0x00000001801d031c _dispatch_main_queue_drain + 1184\n\t11  libdispatch.dylib                   0x00000001801cfe6c _dispatch_main_queue_callback_4CF + 40\n\t12  CoreFoundation                      0x0000000180455fa8 __CFRUNLOOP_IS_SERVICING_THE_MAIN_DISPATCH_QUEUE__ + 12\n\t13  CoreFoundation                      0x0000000180455180 __CFRunLoopRun + 1884\n\t14  CoreFoundation                      0x000000018044fdbc _CFRunLoopRunSpecificWithOptions + 496\n\t15  GraphicsServices                    0x0000000192b809bc GSEventRunModal + 116\n\t16  UIKitCore                           0x000000018640a204 -[UIApplication _run] + 772\n\t17  DetoxSync                           0x0000000104a62f38 __detox_sync_UIApplication_run + 80\n\t18  UIKitCore                           0x000000018640e42c UIApplicationMain + 124\n\t19  UIKitCore                           0x000000018563f6b8 block_destroy_helper.15 + 5152\n\t20  YourSofia                           0x000000010285fea8 main + 116\n\t21  dyld                                0x00000001045b13d0 start_sim + 20\n\t22  ???                                 0x000000010479be00 0x0 + 4370054656\n)","queueName":"com.apple.main-thread","threadNumber":1}}
11:34:40.187 detox[1038] i send
  data: {
    "type": "AppWillTerminateWithError",
    "messageId": -10000,
    "params": {
      "errorDetails": "Invalid AppDelegate\nCould not access rootViewFactory. Make sure your AppDelegate either: Inherits from RCTAppDelegate or defines 'reactNativeFactory'\n(\n\t0   CoreFoundation                      0x00000001804f733c __exceptionPreprocess + 160\n\t1   libobjc.A.dylib                     0x000000018009c094 objc_exception_throw + 72\n\t2   CoreFoundation                      0x00000001804f7258 -[NSException initWithCoder:] + 0\n\t3   Detox                               0x0000000104c1eb1c +[ReactNativeSupport getReactHost] + 428\n\t4   Detox                               0x0000000104c1e858 +[ReactNativeSupport reloadApp] + 172\n\t5   Detox                               0x0000000104c6d834 merged reabstraction thunk helper from @escaping @callee_guaranteed () -> () to @escaping @callee_unowned @convention(block) () -> () + 28\n\t6   DetoxSync                           0x0000000104a67184 __36+[DTXSyncManager _tryIdleBlocksNow:]_block_invoke.66 + 172\n\t7   libdispatch.dylib                   0x00000001801c07a8 _dispatch_call_block_and_release + 24\n\t8   libdispatch.dylib                   0x00000001801db4b0 _dispatch_client_callout + 12\n\t9   libdispatch.dylib                   0x00000001801f74a0 _dispatch_main_queue_drain.cold.7 + 24\n\t10  libdispatch.dylib                   0x00000001801d031c _dispatch_main_queue_drain + 1184\n\t11  libdispatch.dylib                   0x00000001801cfe6c _dispatch_main_queue_callback_4CF + 40\n\t12  CoreFoundation                      0x0000000180455fa8 __CFRUNLOOP_IS_SERVICING_THE_MAIN_DISPATCH_QUEUE__ + 12\n\t13  CoreFoundation                      0x0000000180455180 __CFRunLoopRun + 1884\n\t14  CoreFoundation                      0x000000018044fdbc _CFRunLoopRunSpecificWithOptions + 496\n\t15  GraphicsServices                    0x0000000192b809bc GSEventRunModal + 116\n\t16  UIKitCore                           0x000000018640a204 -[UIApplication _run] + 772\n\t17  DetoxSync                           0x0000000104a62f38 __detox_sync_UIApplication_run + 80\n\t18  UIKitCore                           0x000000018640e42c UIApplicationMain + 124\n\t19  UIKitCore                           0x000000018563f6b8 block_destroy_helper.15 + 5152\n\t20  YourSofia                           0x000000010285fea8 main + 116\n\t21  dyld                                0x00000001045b13d0 start_sim + 20\n\t22  ???                                 0x000000010479be00 0x0 + 4370054656\n)",
      "queueName": "com.apple.main-thread",
      "threadNumber": 1
    }
  }
11:34:40.187 detox[1045] i get message
  data: {"type":"AppWillTerminateWithError","messageId":-10000,"params":{"errorDetails":"Invalid AppDelegate\nCould not access rootViewFactory. Make sure your AppDelegate either: Inherits from RCTAppDelegate or defines 'reactNativeFactory'\n(\n\t0   CoreFoundation                      0x00000001804f733c __exceptionPreprocess + 160\n\t1   libobjc.A.dylib                     0x000000018009c094 objc_exception_throw + 72\n\t2   CoreFoundation                      0x00000001804f7258 -[NSException initWithCoder:] + 0\n\t3   Detox                               0x0000000104c1eb1c +[ReactNativeSupport getReactHost] + 428\n\t4   Detox                               0x0000000104c1e858 +[ReactNativeSupport reloadApp] + 172\n\t5   Detox                               0x0000000104c6d834 merged reabstraction thunk helper from @escaping @callee_guaranteed () -> () to @escaping @callee_unowned @convention(block) () -> () + 28\n\t6   DetoxSync                           0x0000000104a67184 __36+[DTXSyncManager _tryIdleBlocksNow:]_block_invoke.66 + 172\n\t7   libdispatch.dylib                   0x00000001801c07a8 _dispatch_call_block_and_release + 24\n\t8   libdispatch.dylib                   0x00000001801db4b0 _dispatch_client_callout + 12\n\t9   libdispatch.dylib                   0x00000001801f74a0 _dispatch_main_queue_drain.cold.7 + 24\n\t10  libdispatch.dylib                   0x00000001801d031c _dispatch_main_queue_drain + 1184\n\t11  libdispatch.dylib                   0x00000001801cfe6c _dispatch_main_queue_callback_4CF + 40\n\t12  CoreFoundation                      0x0000000180455fa8 __CFRUNLOOP_IS_SERVICING_THE_MAIN_DISPATCH_QUEUE__ + 12\n\t13  CoreFoundation                      0x0000000180455180 __CFRunLoopRun + 1884\n\t14  CoreFoundation                      0x000000018044fdbc _CFRunLoopRunSpecificWithOptions + 496\n\t15  GraphicsServices                    0x0000000192b809bc GSEventRunModal + 116\n\t16  UIKitCore                           0x000000018640a204 -[UIApplication _run] + 772\n\t17  DetoxSync                           0x0000000104a62f38 __detox_sync_UIApplication_run + 80\n\t18  UIKitCore                           0x000000018640e42c UIApplicationMain + 124\n\t19  UIKitCore                           0x000000018563f6b8 block_destroy_helper.15 + 5152\n\t20  YourSofia                           0x000000010285fea8 main + 116\n\t21  dyld                                0x00000001045b13d0 start_sim + 20\n\t22  ???                                 0x000000010479be00 0x0 + 4370054656\n)","queueName":"com.apple.main-thread","threadNumber":1}}
   
11:34:42.200 detox[1038] i get
  data: {"messageId":-10000,"type":"AppWillTerminateWithError","params":{"threadNumber":1,"queueName":"com.apple.main-thread","errorDetails":"Signal 6 raised\n(\n\t0   Detox                               0x0000000104c2e58c +[NSThread(DetoxUtils) dtx_demangledCallStackSymbols] + 36\n\t1   Detox                               0x0000000104c31f70 __DTXHandleCrash + 568\n\t2   Detox                               0x0000000104c3256c __DTXHandleSignal + 72\n\t3   libsystem_platform.dylib            0x000000010466f540 _sigtramp + 52\n\t4   libsystem_pthread.dylib             0x000000010471a338 pthread_kill + 264\n\t5   libsystem_c.dylib                   0x00000001801b5994 abort + 100\n\t6   libc++abi.dylib                     0x000000018030326c __cxxabiv1::__aligned_malloc_with_fallback(unsigned long) + 0\n\t7   libc++abi.dylib                     0x00000001802f31a4 demangling_unexpected_handler() + 0\n\t8   libobjc.A.dylib                     0x0000000180077218 _objc_terminate() + 124\n\t9   Detox                               0x0000000104c32a04 __dtx_terminate() + 176\n\t10  libc++abi.dylib                     0x0000000180302758 std::__terminate(void (*)()) + 12\n\t11  libc++abi.dylib                     0x00000001803057c0 __cxa_get_exception_ptr + 0\n\t12  libc++abi.dylib                     0x00000001803057a0 __cxxabiv1::failed_throw(__cxxabiv1::__cxa_exception*) + 0\n\t13  libobjc.A.dylib                     0x000000018009c1cc objc_exception_throw + 384\n\t14  CoreFoundation                      0x00000001804f7258 -[NSException initWithCoder:] + 0\n\t15  Detox                               0x0000000104c1eb1c +[ReactNativeSupport getReactHost] + 428\n\t16  Detox                               0x0000000104c1e858 +[ReactNativeSupport reloadApp] + 172\n\t17  Detox                               0x0000000104c6d834 merged reabstraction thunk helper from @escaping @callee_guaranteed () -> () to @escaping @callee_unowned @convention(block) () -> () + 28\n\t18  DetoxSync                           0x0000000104a67184 __36+[DTXSyncManager _tryIdleBlocksNow:]_block_invoke.66 + 172\n\t19  libdispatch.dylib                   0x00000001801c07a8 _dispatch_call_block_and_release + 24\n\t20  libdispatch.dylib                   0x00000001801db4b0 _dispatch_client_callout + 12\n\t21  libdispatch.dylib                   0x00000001801f74a0 _dispatch_main_queue_drain.cold.7 + 24\n\t22  libdispatch.dylib                   0x00000001801d031c _dispatch_main_queue_drain + 1184\n\t23  libdispatch.dylib                   0x00000001801cfe6c _dispatch_main_queue_callback_4CF + 40\n\t24  CoreFoundation                      0x0000000180455fa8 __CFRUNLOOP_IS_SERVICING_THE_MAIN_DISPATCH_QUEUE__ + 12\n\t25  CoreFoundation                      0x0000000180455180 __CFRunLoopRun + 1884\n\t26  CoreFoundation                      0x000000018044fdbc _CFRunLoopRunSpecificWithOptions + 496\n\t27  GraphicsServices                    0x0000000192b809bc GSEventRunModal + 116\n\t28  UIKitCore                           0x000000018640a204 -[UIApplication _run] + 772\n\t29  DetoxSync                           0x0000000104a62f38 __detox_sync_UIApplication_run + 80\n\t30  UIKitCore                           0x000000018640e42c UIApplicationMain + 124\n\t31  UIKitCore                           0x000000018563f6b8 block_destroy_helper.15 + 5152\n\t32  YourSofia                           0x000000010285fea8 main + 116\n\t33  dyld                                0x00000001045b13d0 start_sim + 20\n\t34  ???                                 0x000000010479be00 0x0 + 4370054656\n)"}}
11:34:42.200 detox[1038] i send
  data: {
    "messageId": -10000,
    "type": "AppWillTerminateWithError",
    "params": {
      "threadNumber": 1,
      "queueName": "com.apple.main-thread",
      "errorDetails": "Signal 6 raised\n(\n\t0   Detox                               0x0000000104c2e58c +[NSThread(DetoxUtils) dtx_demangledCallStackSymbols] + 36\n\t1   Detox                               0x0000000104c31f70 __DTXHandleCrash + 568\n\t2   Detox                               0x0000000104c3256c __DTXHandleSignal + 72\n\t3   libsystem_platform.dylib            0x000000010466f540 _sigtramp + 52\n\t4   libsystem_pthread.dylib             0x000000010471a338 pthread_kill + 264\n\t5   libsystem_c.dylib                   0x00000001801b5994 abort + 100\n\t6   libc++abi.dylib                     0x000000018030326c __cxxabiv1::__aligned_malloc_with_fallback(unsigned long) + 0\n\t7   libc++abi.dylib                     0x00000001802f31a4 demangling_unexpected_handler() + 0\n\t8   libobjc.A.dylib                     0x0000000180077218 _objc_terminate() + 124\n\t9   Detox                               0x0000000104c32a04 __dtx_terminate() + 176\n\t10  libc++abi.dylib                     0x0000000180302758 std::__terminate(void (*)()) + 12\n\t11  libc++abi.dylib                     0x00000001803057c0 __cxa_get_exception_ptr + 0\n\t12  libc++abi.dylib                     0x00000001803057a0 __cxxabiv1::failed_throw(__cxxabiv1::__cxa_exception*) + 0\n\t13  libobjc.A.dylib                     0x000000018009c1cc objc_exception_throw + 384\n\t14  CoreFoundation                      0x00000001804f7258 -[NSException initWithCoder:] + 0\n\t15  Detox                               0x0000000104c1eb1c +[ReactNativeSupport getReactHost] + 428\n\t16  Detox                               0x0000000104c1e858 +[ReactNativeSupport reloadApp] + 172\n\t17  Detox                               0x0000000104c6d834 merged reabstraction thunk helper from @escaping @callee_guaranteed () -> () to @escaping @callee_unowned @convention(block) () -> () + 28\n\t18  DetoxSync                           0x0000000104a67184 __36+[DTXSyncManager _tryIdleBlocksNow:]_block_invoke.66 + 172\n\t19  libdispatch.dylib                   0x00000001801c07a8 _dispatch_call_block_and_release + 24\n\t20  libdispatch.dylib                   0x00000001801db4b0 _dispatch_client_callout + 12\n\t21  libdispatch.dylib                   0x00000001801f74a0 _dispatch_main_queue_drain.cold.7 + 24\n\t22  libdispatch.dylib                   0x00000001801d031c _dispatch_main_queue_drain + 1184\n\t23  libdispatch.dylib                   0x00000001801cfe6c _dispatch_main_queue_callback_4CF + 40\n\t24  CoreFoundation                      0x0000000180455fa8 __CFRUNLOOP_IS_SERVICING_THE_MAIN_DISPATCH_QUEUE__ + 12\n\t25  CoreFoundation                      0x0000000180455180 __CFRunLoopRun + 1884\n\t26  CoreFoundation                      0x000000018044fdbc _CFRunLoopRunSpecificWithOptions + 496\n\t27  GraphicsServices                    0x0000000192b809bc GSEventRunModal + 116\n\t28  UIKitCore                           0x000000018640a204 -[UIApplication _run] + 772\n\t29  DetoxSync                           0x0000000104a62f38 __detox_sync_UIApplication_run + 80\n\t30  UIKitCore                           0x000000018640e42c UIApplicationMain + 124\n\t31  UIKitCore                           0x000000018563f6b8 block_destroy_helper.15 + 5152\n\t32  YourSofia                           0x000000010285fea8 main + 116\n\t33  dyld                                0x00000001045b13d0 start_sim + 20\n\t34  ???                                 0x000000010479be00 0x0 + 4370054656\n)"
    }
  }
11:34:42.214 detox[1045] i get message
  data: {"messageId":-10000,"type":"AppWillTerminateWithError","params":{"threadNumber":1,"queueName":"com.apple.main-thread","errorDetails":"Signal 6 raised\n(\n\t0   Detox                               0x0000000104c2e58c +[NSThread(DetoxUtils) dtx_demangledCallStackSymbols] + 36\n\t1   Detox                               0x0000000104c31f70 __DTXHandleCrash + 568\n\t2   Detox                               0x0000000104c3256c __DTXHandleSignal + 72\n\t3   libsystem_platform.dylib            0x000000010466f540 _sigtramp + 52\n\t4   libsystem_pthread.dylib             0x000000010471a338 pthread_kill + 264\n\t5   libsystem_c.dylib                   0x00000001801b5994 abort + 100\n\t6   libc++abi.dylib                     0x000000018030326c __cxxabiv1::__aligned_malloc_with_fallback(unsigned long) + 0\n\t7   libc++abi.dylib                     0x00000001802f31a4 demangling_unexpected_handler() + 0\n\t8   libobjc.A.dylib                     0x0000000180077218 _objc_terminate() + 124\n\t9   Detox                               0x0000000104c32a04 __dtx_terminate() + 176\n\t10  libc++abi.dylib                     0x0000000180302758 std::__terminate(void (*)()) + 12\n\t11  libc++abi.dylib                     0x00000001803057c0 __cxa_get_exception_ptr + 0\n\t12  libc++abi.dylib                     0x00000001803057a0 __cxxabiv1::failed_throw(__cxxabiv1::__cxa_exception*) + 0\n\t13  libobjc.A.dylib                     0x000000018009c1cc objc_exception_throw + 384\n\t14  CoreFoundation                      0x00000001804f7258 -[NSException initWithCoder:] + 0\n\t15  Detox                               0x0000000104c1eb1c +[ReactNativeSupport getReactHost] + 428\n\t16  Detox                               0x0000000104c1e858 +[ReactNativeSupport reloadApp] + 172\n\t17  Detox                               0x0000000104c6d834 merged reabstraction thunk helper from @escaping @callee_guaranteed () -> () to @escaping @callee_unowned @convention(block) () -> () + 28\n\t18  DetoxSync                           0x0000000104a67184 __36+[DTXSyncManager _tryIdleBlocksNow:]_block_invoke.66 + 172\n\t19  libdispatch.dylib                   0x00000001801c07a8 _dispatch_call_block_and_release + 24\n\t20  libdispatch.dylib                   0x00000001801db4b0 _dispatch_client_callout + 12\n\t21  libdispatch.dylib                   0x00000001801f74a0 _dispatch_main_queue_drain.cold.7 + 24\n\t22  libdispatch.dylib                   0x00000001801d031c _dispatch_main_queue_drain + 1184\n\t23  libdispatch.dylib                   0x00000001801cfe6c _dispatch_main_queue_callback_4CF + 40\n\t24  CoreFoundation                      0x0000000180455fa8 __CFRUNLOOP_IS_SERVICING_THE_MAIN_DISPATCH_QUEUE__ + 12\n\t25  CoreFoundation                      0x0000000180455180 __CFRunLoopRun + 1884\n\t26  CoreFoundation                      0x000000018044fdbc _CFRunLoopRunSpecificWithOptions + 496\n\t27  GraphicsServices                    0x0000000192b809bc GSEventRunModal + 116\n\t28  UIKitCore                           0x000000018640a204 -[UIApplication _run] + 772\n\t29  DetoxSync                           0x0000000104a62f38 __detox_sync_UIApplication_run + 80\n\t30  UIKitCore                           0x000000018640e42c UIApplicationMain + 124\n\t31  UIKitCore                           0x000000018563f6b8 block_destroy_helper.15 + 5152\n\t32  YourSofia                           0x000000010285fea8 main + 116\n\t33  dyld                                0x00000001045b13d0 start_sim + 20\n\t34  ???                                 0x000000010479be00 0x0 + 4370054656\n)"}}
   
11:34:44.227 detox[1038] i app exited session 753b482f-4b0c-00ea-3fe6-c59a700fb347
11:34:44.227 detox[1038] i send
  data: {
    "type": "appDisconnected"
  }
11:34:44.228 detox[1038] E connection :62318<->:62320
11:34:44.228 detox[1045] i get message
  data: {"type":"appDisconnected"}
   
11:34:44.229 detox[1045] E reloadReactNative
  error: The pending request #-1000 ("reactNativeReload") has been rejected due to the following error:
  
  The app has crashed, see the details below:
  
  Invalid AppDelegate
  Could not access rootViewFactory. Make sure your AppDelegate either: Inherits from RCTAppDelegate or defines 'reactNativeFactory'
  (
  	0   CoreFoundation                      0x00000001804f733c __exceptionPreprocess + 160
  	1   libobjc.A.dylib                     0x000000018009c094 objc_exception_throw + 72
  	2   CoreFoundation                      0x00000001804f7258 -[NSException initWithCoder:] + 0
  	3   Detox                               0x0000000104c1eb1c +[ReactNativeSupport getReactHost] + 428
  	4   Detox                               0x0000000104c1e858 +[ReactNativeSupport reloadApp] + 172
  	5   Detox                               0x0000000104c6d834 merged reabstraction thunk helper from @escaping @callee_guaranteed () -> () to @escaping @callee_unowned @convention(block) () -> () + 28
  	6   DetoxSync                           0x0000000104a67184 __36+[DTXSyncManager _tryIdleBlocksNow:]_block_invoke.66 + 172
  	7   libdispatch.dylib                   0x00000001801c07a8 _dispatch_call_block_and_release + 24
  	8   libdispatch.dylib                   0x00000001801db4b0 _dispatch_client_callout + 12
  	9   libdispatch.dylib                   0x00000001801f74a0 _dispatch_main_queue_drain.cold.7 + 24
  	10  libdispatch.dylib                   0x00000001801d031c _dispatch_main_queue_drain + 1184
  	11  libdispatch.dylib                   0x00000001801cfe6c _dispatch_main_queue_callback_4CF + 40
  	12  CoreFoundation                      0x0000000180455fa8 __CFRUNLOOP_IS_SERVICING_THE_MAIN_DISPATCH_QUEUE__ + 12
  	13  CoreFoundation                      0x0000000180455180 __CFRunLoopRun + 1884
  	14  CoreFoundation                      0x000000018044fdbc _CFRunLoopRunSpecificWithOptions + 496
  	15  GraphicsServices                    0x0000000192b809bc GSEventRunModal + 116
  	16  UIKitCore                           0x000000018640a204 -[UIApplication _run] + 772
  	17  DetoxSync                           0x0000000104a62f38 __detox_sync_UIApplication_run + 80
  	18  UIKitCore                           0x000000018640e42c UIApplicationMain + 124
  	19  UIKitCore                           0x000000018563f6b8 block_destroy_helper.15 + 5152
  	20  YourSofia                           0x000000010285fea8 main + 116
  	21  dyld                                0x00000001045b13d0 start_sim + 20
  	22  ???                                 0x000000010479be00 0x0 + 4370054656
  )
11:34:44.230 detox[1045] B onHookFailure
  args: ({"error":{"name":"DetoxRuntimeError"},"hook":"beforeEach"})
11:34:44.230 detox[1045] i starting SimulatorScreenshot
11:34:44.233 detox[1045] i /usr/bin/xcrun simctl io 4EC5F74C-5A9C-4D89-8E44-374310E684AE screenshot "/private/var/folders/s6/yd_zk8tj44q3s0_kpq1gwzqc0000gn/T/detox-1045-c9qbwc.detox.png"
11:34:44.446 detox[1045] i Detected file type from extension: PNG
Note: No display specified. Defaulting to display: 00543357-53AE-4C7E-9892-14AC0E353577 (screenID: 1, name: LCD)
Wrote screenshot to: /private/var/folders/s6/yd_zk8tj44q3s0_kpq1gwzqc0000gn/T/detox-1045-c9qbwc.detox.png

11:34:44.446 detox[1045] i stopping SimulatorScreenshot
11:34:44.446 detox[1045] E onHookFailure
11:34:44.446 detox[1045] E beforeEach
  error: The pending request #-1000 ("reactNativeReload") has been rejected due to the following error:
  
  The app has crashed, see the details below:
  
  Invalid AppDelegate
  Could not access rootViewFactory. Make sure your AppDelegate either: Inherits from RCTAppDelegate or defines 'reactNativeFactory'
  (
  	0   CoreFoundation                      0x00000001804f733c __exceptionPreprocess + 160
  	1   libobjc.A.dylib                     0x000000018009c094 objc_exception_throw + 72
  	2   CoreFoundation                      0x00000001804f7258 -[NSException initWithCoder:] + 0
  	3   Detox                               0x0000000104c1eb1c +[ReactNativeSupport getReactHost] + 428
  	4   Detox                               0x0000000104c1e858 +[ReactNativeSupport reloadApp] + 172
  	5   Detox                               0x0000000104c6d834 merged reabstraction thunk helper from @escaping @callee_guaranteed () -> () to @escaping @callee_unowned @convention(block) () -> () + 28
  	6   DetoxSync                           0x0000000104a67184 __36+[DTXSyncManager _tryIdleBlocksNow:]_block_invoke.66 + 172
  	7   libdispatch.dylib                   0x00000001801c07a8 _dispatch_call_block_and_release + 24
  	8   libdispatch.dylib                   0x00000001801db4b0 _dispatch_client_callout + 12
  	9   libdispatch.dylib                   0x00000001801f74a0 _dispatch_main_queue_drain.cold.7 + 24
  	10  libdispatch.dylib                   0x00000001801d031c _dispatch_main_queue_drain + 1184
  	11  libdispatch.dylib                   0x00000001801cfe6c _dispatch_main_queue_callback_4CF + 40
  	12  CoreFoundation                      0x0000000180455fa8 __CFRUNLOOP_IS_SERVICING_THE_MAIN_DISPATCH_QUEUE__ + 12
  	13  CoreFoundation                      0x0000000180455180 __CFRunLoopRun + 1884
  	14  CoreFoundation                      0x000000018044fdbc _CFRunLoopRunSpecificWithOptions + 496
  	15  GraphicsServices                    0x0000000192b809bc GSEventRunModal + 116
  	16  UIKitCore                           0x000000018640a204 -[UIApplication _run] + 772
  	17  DetoxSync                           0x0000000104a62f38 __detox_sync_UIApplication_run + 80
  	18  UIKitCore                           0x000000018640e42c UIApplicationMain + 124
  	19  UIKitCore                           0x000000018563f6b8 block_destroy_helper.15 + 5152
  	20  YourSofia                           0x000000010285fea8 main + 116
  	21  dyld                                0x00000001045b13d0 start_sim + 20
  	22  ???                                 0x000000010479be00 0x0 + 4370054656
  )
11:34:44.446 detox[1045] B test_fn
11:34:44.447 detox[1045] B onTestDone
  args: ({"title":"navigates from the profile tab to the login screen","fullName":"Login screen navigates from the profile tab to the login screen","status":"failed","invocations":1,"timedOut":false})
11:34:44.447 detox[1045] i starting SimulatorScreenshot
11:34:44.448 detox[1045] i /usr/bin/xcrun simctl io 4EC5F74C-5A9C-4D89-8E44-374310E684AE screenshot "/private/var/folders/s6/yd_zk8tj44q3s0_kpq1gwzqc0000gn/T/detox-1045-w5rMJf.detox.png"
11:34:44.603 detox[1045] i Detected file type from extension: PNG
Note: No display specified. Defaulting to display: 00543357-53AE-4C7E-9892-14AC0E353577 (screenID: 1, name: LCD)
Wrote screenshot to: /private/var/folders/s6/yd_zk8tj44q3s0_kpq1gwzqc0000gn/T/detox-1045-w5rMJf.detox.png

11:34:44.603 detox[1045] i stopping SimulatorScreenshot
11:34:44.604 detox[1045] i stopping SimulatorLogRecording
11:34:44.604 detox[1045] i saving SimulatorScreenshot to: .artifacts/ios.sim.release.2026-08-17 08-34-25Z/✗ Login screen navigates from the profile tab to the login screen/testStart.png
11:34:44.604 detox[1045] i moving "/private/var/folders/s6/yd_zk8tj44q3s0_kpq1gwzqc0000gn/T/detox-1045-4naOlC.detox.png" to .artifacts/ios.sim.release.2026-08-17 08-34-25Z/✗ Login screen navigates from the profile tab to the login screen/testStart.png
11:34:44.605 detox[1045] i saving SimulatorScreenshot to: .artifacts/ios.sim.release.2026-08-17 08-34-25Z/✗ Login screen navigates from the profile tab to the login screen/beforeEachFailure.png
11:34:44.605 detox[1045] i moving "/private/var/folders/s6/yd_zk8tj44q3s0_kpq1gwzqc0000gn/T/detox-1045-c9qbwc.detox.png" to .artifacts/ios.sim.release.2026-08-17 08-34-25Z/✗ Login screen navigates from the profile tab to the login screen/beforeEachFailure.png
11:34:44.605 detox[1045] i saving SimulatorScreenshot to: .artifacts/ios.sim.release.2026-08-17 08-34-25Z/✗ Login screen navigates from the profile tab to the login screen/testDone.png
11:34:44.605 detox[1045] i moving "/private/var/folders/s6/yd_zk8tj44q3s0_kpq1gwzqc0000gn/T/detox-1045-w5rMJf.detox.png" to .artifacts/ios.sim.release.2026-08-17 08-34-25Z/✗ Login screen navigates from the profile tab to the login screen/testDone.png
11:34:44.656 detox[1045] i sending SIGINT to: /usr/bin/xcrun simctl spawn 4EC5F74C-5A9C-4D89-8E44-374310E684AE log stream --level debug --style compact --predicate processImagePath beginsWith "/Users/valentinasenov/Library/Developer/CoreSimulator/Devices/4EC5F74C-5A9C-4D89-8E44-374310E684AE/data/Containers/Bundle/Application/F3147808-5ECA-491B-9ADC-3DA9921C01A2/YourSofia.app"
11:34:44.664 detox[1045] i /usr/bin/xcrun simctl spawn 4EC5F74C-5A9C-4D89-8E44-374310E684AE log stream --level debug --style compact --predicate "processImagePath beginsWith \"/Users/valentinasenov/Library/Developer/CoreSimulator/Devices/4EC5F74C-5A9C-4D89-8E44-374310E684AE/data/Containers/Bundle/Application/F3147808-5ECA-491B-9ADC-3DA9921C01A2/YourSofia.app\"" exited with code #0
11:34:44.664 detox[1045] E onTestDone
11:34:44.665 detox[1045] E test_fn
11:34:44.665 detox[1045] i Login screen: navigates from the profile tab to the login screen [FAIL]
11:34:44.666 detox[1045] B shows a validation alert when submitting the form empty
11:34:44.666 detox[1045] i Login screen: shows a validation alert when submitting the form empty
11:34:44.666 detox[1045] B onTestStart
  args: ({"title":"shows a validation alert when submitting the form empty","fullName":"Login screen shows a validation alert when submitting the form empty","status":"running","invocations":1})
11:34:44.667 detox[1045] i starting SimulatorLogRecording
11:34:44.667 detox[1045] i saving SimulatorLogRecording to: .artifacts/ios.sim.release.2026-08-17 08-34-25Z/✗ Login screen navigates from the profile tab to the login screen/device.log
11:34:44.667 detox[1045] i moving "/private/var/folders/s6/yd_zk8tj44q3s0_kpq1gwzqc0000gn/T/detox-1045-0ti5kr.detox.log" to .artifacts/ios.sim.release.2026-08-17 08-34-25Z/✗ Login screen navigates from the profile tab to the login screen/device.log
11:34:44.667 detox[1045] i /usr/bin/xcrun simctl get_app_container 4EC5F74C-5A9C-4D89-8E44-374310E684AE bg.sofia.yoursofia
11:34:44.668 detox[1045] i saving SimulatorLogRecording to: .artifacts/ios.sim.release.2026-08-17 08-34-25Z/4EC5F74C-5A9C-4D89-8E44-374310E684AE 2026-08-17 08-34-44Z.startup.log
11:34:44.668 detox[1045] i moving "/private/var/folders/s6/yd_zk8tj44q3s0_kpq1gwzqc0000gn/T/detox-1045-LlQrui.detox.log" to .artifacts/ios.sim.release.2026-08-17 08-34-25Z/4EC5F74C-5A9C-4D89-8E44-374310E684AE 2026-08-17 08-34-44Z.startup.log
11:34:44.772 detox[1045] i /Users/valentinasenov/Library/Developer/CoreSimulator/Devices/4EC5F74C-5A9C-4D89-8E44-374310E684AE/data/Containers/Bundle/Application/F3147808-5ECA-491B-9ADC-3DA9921C01A2/YourSofia.app

11:34:44.772 detox[1045] i /usr/bin/xcrun simctl spawn 4EC5F74C-5A9C-4D89-8E44-374310E684AE log stream --level debug --style compact --predicate "processImagePath beginsWith \"/Users/valentinasenov/Library/Developer/CoreSimulator/Devices/4EC5F74C-5A9C-4D89-8E44-374310E684AE/data/Containers/Bundle/Application/F3147808-5ECA-491B-9ADC-3DA9921C01A2/YourSofia.app\""
11:34:44.823 detox[1045] i starting SimulatorScreenshot
11:34:44.824 detox[1045] i /usr/bin/xcrun simctl io 4EC5F74C-5A9C-4D89-8E44-374310E684AE screenshot "/private/var/folders/s6/yd_zk8tj44q3s0_kpq1gwzqc0000gn/T/detox-1045-1AqMD7.detox.png"
11:34:44.981 detox[1045] i Detected file type from extension: PNG
Note: No display specified. Defaulting to display: 00543357-53AE-4C7E-9892-14AC0E353577 (screenID: 1, name: LCD)
Wrote screenshot to: /private/var/folders/s6/yd_zk8tj44q3s0_kpq1gwzqc0000gn/T/detox-1045-1AqMD7.detox.png

11:34:44.981 detox[1045] i stopping SimulatorScreenshot
11:34:44.981 detox[1045] E onTestStart
11:34:44.981 detox[1045] B beforeEach
11:34:44.981 detox[1045] E beforeEach
11:34:44.981 detox[1045] B beforeEach
11:34:44.981 detox[1045] B reloadReactNative
  args: ()
11:34:44.981 detox[1045] E reloadReactNative
  error: The app has crashed, see the details below:
  
  Invalid AppDelegate
  Could not access rootViewFactory. Make sure your AppDelegate either: Inherits from RCTAppDelegate or defines 'reactNativeFactory'
  (
  	0   CoreFoundation                      0x00000001804f733c __exceptionPreprocess + 160
  	1   libobjc.A.dylib                     0x000000018009c094 objc_exception_throw + 72
  	2   CoreFoundation                      0x00000001804f7258 -[NSException initWithCoder:] + 0
  	3   Detox                               0x0000000104c1eb1c +[ReactNativeSupport getReactHost] + 428
  	4   Detox                               0x0000000104c1e858 +[ReactNativeSupport reloadApp] + 172
  	5   Detox                               0x0000000104c6d834 merged reabstraction thunk helper from @escaping @callee_guaranteed () -> () to @escaping @callee_unowned @convention(block) () -> () + 28
  	6   DetoxSync                           0x0000000104a67184 __36+[DTXSyncManager _tryIdleBlocksNow:]_block_invoke.66 + 172
  	7   libdispatch.dylib                   0x00000001801c07a8 _dispatch_call_block_and_release + 24
  	8   libdispatch.dylib                   0x00000001801db4b0 _dispatch_client_callout + 12
  	9   libdispatch.dylib                   0x00000001801f74a0 _dispatch_main_queue_drain.cold.7 + 24
  	10  libdispatch.dylib                   0x00000001801d031c _dispatch_main_queue_drain + 1184
  	11  libdispatch.dylib                   0x00000001801cfe6c _dispatch_main_queue_callback_4CF + 40
  	12  CoreFoundation                      0x0000000180455fa8 __CFRUNLOOP_IS_SERVICING_THE_MAIN_DISPATCH_QUEUE__ + 12
  	13  CoreFoundation                      0x0000000180455180 __CFRunLoopRun + 1884
  	14  CoreFoundation                      0x000000018044fdbc _CFRunLoopRunSpecificWithOptions + 496
  	15  GraphicsServices                    0x0000000192b809bc GSEventRunModal + 116
  	16  UIKitCore                           0x000000018640a204 -[UIApplication _run] + 772
  	17  DetoxSync                           0x0000000104a62f38 __detox_sync_UIApplication_run + 80
  	18  UIKitCore                           0x000000018640e42c UIApplicationMain + 124
  	19  UIKitCore                           0x000000018563f6b8 block_destroy_helper.15 + 5152
  	20  YourSofia                           0x000000010285fea8 main + 116
  	21  dyld                                0x00000001045b13d0 start_sim + 20
  	22  ???                                 0x000000010479be00 0x0 + 4370054656
  )
11:34:44.981 detox[1045] B onHookFailure
  args: ({"error":{"name":"DetoxRuntimeError"},"hook":"beforeEach"})
11:34:44.981 detox[1045] i starting SimulatorScreenshot
11:34:44.982 detox[1045] i /usr/bin/xcrun simctl io 4EC5F74C-5A9C-4D89-8E44-374310E684AE screenshot "/private/var/folders/s6/yd_zk8tj44q3s0_kpq1gwzqc0000gn/T/detox-1045-BObq0j.detox.png"
11:34:45.140 detox[1045] i Detected file type from extension: PNG
Note: No display specified. Defaulting to display: 00543357-53AE-4C7E-9892-14AC0E353577 (screenID: 1, name: LCD)
Wrote screenshot to: /private/var/folders/s6/yd_zk8tj44q3s0_kpq1gwzqc0000gn/T/detox-1045-BObq0j.detox.png

11:34:45.140 detox[1045] i stopping SimulatorScreenshot
11:34:45.140 detox[1045] E onHookFailure
11:34:45.140 detox[1045] E beforeEach
  error: The app has crashed, see the details below:
  
  Invalid AppDelegate
  Could not access rootViewFactory. Make sure your AppDelegate either: Inherits from RCTAppDelegate or defines 'reactNativeFactory'
  (
  	0   CoreFoundation                      0x00000001804f733c __exceptionPreprocess + 160
  	1   libobjc.A.dylib                     0x000000018009c094 objc_exception_throw + 72
  	2   CoreFoundation                      0x00000001804f7258 -[NSException initWithCoder:] + 0
  	3   Detox                               0x0000000104c1eb1c +[ReactNativeSupport getReactHost] + 428
  	4   Detox                               0x0000000104c1e858 +[ReactNativeSupport reloadApp] + 172
  	5   Detox                               0x0000000104c6d834 merged reabstraction thunk helper from @escaping @callee_guaranteed () -> () to @escaping @callee_unowned @convention(block) () -> () + 28
  	6   DetoxSync                           0x0000000104a67184 __36+[DTXSyncManager _tryIdleBlocksNow:]_block_invoke.66 + 172
  	7   libdispatch.dylib                   0x00000001801c07a8 _dispatch_call_block_and_release + 24
  	8   libdispatch.dylib                   0x00000001801db4b0 _dispatch_client_callout + 12
  	9   libdispatch.dylib                   0x00000001801f74a0 _dispatch_main_queue_drain.cold.7 + 24
  	10  libdispatch.dylib                   0x00000001801d031c _dispatch_main_queue_drain + 1184
  	11  libdispatch.dylib                   0x00000001801cfe6c _dispatch_main_queue_callback_4CF + 40
  	12  CoreFoundation                      0x0000000180455fa8 __CFRUNLOOP_IS_SERVICING_THE_MAIN_DISPATCH_QUEUE__ + 12
  	13  CoreFoundation                      0x0000000180455180 __CFRunLoopRun + 1884
  	14  CoreFoundation                      0x000000018044fdbc _CFRunLoopRunSpecificWithOptions + 496
  	15  GraphicsServices                    0x0000000192b809bc GSEventRunModal + 116
  	16  UIKitCore                           0x000000018640a204 -[UIApplication _run] + 772
  	17  DetoxSync                           0x0000000104a62f38 __detox_sync_UIApplication_run + 80
  	18  UIKitCore                           0x000000018640e42c UIApplicationMain + 124
  	19  UIKitCore                           0x000000018563f6b8 block_destroy_helper.15 + 5152
  	20  YourSofia                           0x000000010285fea8 main + 116
  	21  dyld                                0x00000001045b13d0 start_sim + 20
  	22  ???                                 0x000000010479be00 0x0 + 4370054656
  )
11:34:45.141 detox[1045] B test_fn
11:34:45.141 detox[1045] B onTestDone
  args: ({"title":"shows a validation alert when submitting the form empty","fullName":"Login screen shows a validation alert when submitting the form empty","status":"failed","invocations":1,"timedOut":false})
11:34:45.141 detox[1045] i starting SimulatorScreenshot
11:34:45.141 detox[1045] i /usr/bin/xcrun simctl io 4EC5F74C-5A9C-4D89-8E44-374310E684AE screenshot "/private/var/folders/s6/yd_zk8tj44q3s0_kpq1gwzqc0000gn/T/detox-1045-oxSxze.detox.png"
11:34:45.292 detox[1045] i Detected file type from extension: PNG
Note: No display specified. Defaulting to display: 00543357-53AE-4C7E-9892-14AC0E353577 (screenID: 1, name: LCD)
Wrote screenshot to: /private/var/folders/s6/yd_zk8tj44q3s0_kpq1gwzqc0000gn/T/detox-1045-oxSxze.detox.png

11:34:45.292 detox[1045] i stopping SimulatorScreenshot
11:34:45.292 detox[1045] i stopping SimulatorLogRecording
11:34:45.292 detox[1045] i saving SimulatorScreenshot to: .artifacts/ios.sim.release.2026-08-17 08-34-25Z/✗ Login screen shows a validation alert when submitting the form empty/testStart.png
11:34:45.292 detox[1045] i moving "/private/var/folders/s6/yd_zk8tj44q3s0_kpq1gwzqc0000gn/T/detox-1045-1AqMD7.detox.png" to .artifacts/ios.sim.release.2026-08-17 08-34-25Z/✗ Login screen shows a validation alert when submitting the form empty/testStart.png
11:34:45.293 detox[1045] i saving SimulatorScreenshot to: .artifacts/ios.sim.release.2026-08-17 08-34-25Z/✗ Login screen shows a validation alert when submitting the form empty/beforeEachFailure.png
11:34:45.293 detox[1045] i moving "/private/var/folders/s6/yd_zk8tj44q3s0_kpq1gwzqc0000gn/T/detox-1045-BObq0j.detox.png" to .artifacts/ios.sim.release.2026-08-17 08-34-25Z/✗ Login screen shows a validation alert when submitting the form empty/beforeEachFailure.png
11:34:45.293 detox[1045] i saving SimulatorScreenshot to: .artifacts/ios.sim.release.2026-08-17 08-34-25Z/✗ Login screen shows a validation alert when submitting the form empty/testDone.png
11:34:45.293 detox[1045] i moving "/private/var/folders/s6/yd_zk8tj44q3s0_kpq1gwzqc0000gn/T/detox-1045-oxSxze.detox.png" to .artifacts/ios.sim.release.2026-08-17 08-34-25Z/✗ Login screen shows a validation alert when submitting the form empty/testDone.png
11:34:45.345 detox[1045] i sending SIGINT to: /usr/bin/xcrun simctl spawn 4EC5F74C-5A9C-4D89-8E44-374310E684AE log stream --level debug --style compact --predicate processImagePath beginsWith "/Users/valentinasenov/Library/Developer/CoreSimulator/Devices/4EC5F74C-5A9C-4D89-8E44-374310E684AE/data/Containers/Bundle/Application/F3147808-5ECA-491B-9ADC-3DA9921C01A2/YourSofia.app"
11:34:45.354 detox[1045] i /usr/bin/xcrun simctl spawn 4EC5F74C-5A9C-4D89-8E44-374310E684AE log stream --level debug --style compact --predicate "processImagePath beginsWith \"/Users/valentinasenov/Library/Developer/CoreSimulator/Devices/4EC5F74C-5A9C-4D89-8E44-374310E684AE/data/Containers/Bundle/Application/F3147808-5ECA-491B-9ADC-3DA9921C01A2/YourSofia.app\"" exited with code #0
11:34:45.354 detox[1045] E onTestDone
11:34:45.354 detox[1045] E test_fn
11:34:45.354 detox[1045] i Login screen: shows a validation alert when submitting the form empty [FAIL]
11:34:45.355 detox[1045] B onRunDescribeFinish
  args: ({"name":"Login screen"})
11:34:45.355 detox[1045] E onRunDescribeFinish
11:34:45.355 detox[1045] E shows a validation alert when submitting the form empty
11:34:45.355 detox[1045] B onRunDescribeFinish
  args: ({"name":"ROOT_DESCRIBE_BLOCK"})
11:34:45.355 detox[1045] E onRunDescribeFinish
11:34:45.355 detox[1045] E navigates from the profile tab to the login screen
11:34:45.369 detox[1045] B tear down environment
11:34:45.369 detox[1045] B onBeforeCleanup
  args: ()
11:34:45.369 detox[1045] i saving SimulatorLogRecording to: .artifacts/ios.sim.release.2026-08-17 08-34-25Z/✗ Login screen shows a validation alert when submitting the form empty/device.log
11:34:45.370 detox[1045] i moving "/private/var/folders/s6/yd_zk8tj44q3s0_kpq1gwzqc0000gn/T/detox-1045-4FzUVK.detox.log" to .artifacts/ios.sim.release.2026-08-17 08-34-25Z/✗ Login screen shows a validation alert when submitting the form empty/device.log
11:34:45.370 detox[1045] i saving FileArtifact to: .artifacts/ios.sim.release.2026-08-17 08-34-25Z/detox_pid_1045.json.log { append: true }
11:34:45.370 detox[1045] i saving FileArtifact to: .artifacts/ios.sim.release.2026-08-17 08-34-25Z/detox_pid_1045.log { append: true }
11:34:45.370 detox[1045] E onBeforeCleanup
11:34:45.371 detox[1038] i tester exited session 753b482f-4b0c-00ea-3fe6-c59a700fb347
11:34:45.371 detox[1038] E connection :62318<->:62319
11:34:45.372 detox[1038] i received event of :  deallocateDevice {
  deviceCookie: {
    id: '4EC5F74C-5A9C-4D89-8E44-374310E684AE',
    udid: '4EC5F74C-5A9C-4D89-8E44-374310E684AE',
    type: 'ios.simulator'
  }
}
11:34:45.372 detox[1038] B free: 4EC5F74C-5A9C-4D89-8E44-374310E684AE
  data: {}
11:34:45.372 detox[1045] i dispatching event to  primary-1038 /tmp/detox.primary-1038  :  deallocateDevice , {
  deviceCookie: {
    id: '4EC5F74C-5A9C-4D89-8E44-374310E684AE',
    udid: '4EC5F74C-5A9C-4D89-8E44-374310E684AE',
    type: 'ios.simulator'
  }
}
11:34:45.373 detox[1038] E free: 4EC5F74C-5A9C-4D89-8E44-374310E684AE
11:34:45.373 detox[1038] i dispatching event to socket  :  deallocateDeviceDone {}
11:34:45.373 detox[1045] i ## received events ##
11:34:45.373 detox[1045] i detected event deallocateDeviceDone {}
11:34:45.373 detox[1045] E tear down environment
11:34:45.373 detox[1045] E Login screen
11:34:45.376 detox[1038] i received event of :  reportTestResults {
  testResults: [
    {
      success: false,
      testFilePath: '/Users/valentinasenov/your-sofia/your-sofia-mobile/e2e/login.e2e.js',
      isPermanentFailure: false
    }
  ]
}
11:34:45.376 detox[1038] i dispatching event to socket  :  reportTestResultsDone {
  testResults: [
    {
      success: false,
      testFilePath: '/Users/valentinasenov/your-sofia/your-sofia-mobile/e2e/login.e2e.js',
      isPermanentFailure: false
    }
  ]
}
11:34:45.376 detox[1038] i broadcasting event to all known sockets listening to  /tmp/detox.primary-1038  :   sessionStateUpdate {
  testResults: [
    {
      success: false,
      testFilePath: '/Users/valentinasenov/your-sofia/your-sofia-mobile/e2e/login.e2e.js',
      isPermanentFailure: false
    }
  ]
}
11:34:45.376 detox[1045] i dispatching event to  primary-1038 /tmp/detox.primary-1038  :  reportTestResults , {
  testResults: [
    {
      success: false,
      testFilePath: '/Users/valentinasenov/your-sofia/your-sofia-mobile/e2e/login.e2e.js',
      testExecError: undefined,
      isPermanentFailure: false
    }
  ]
}
11:34:45.376 detox[1045] i ## received events ##
11:34:45.377 detox[1038] i socket disconnected secondary-1045
11:34:45.382 detox[1038] E Command failed with exit code = 1:
jest --config e2e/jest.config.js
11:34:45.382 detox[1038] B cleanup
  args: ()
11:34:45.383 detox[1038] i /usr/bin/xcrun simctl shutdown 4EC5F74C-5A9C-4D89-8E44-374310E684AE
11:34:45.383 detox[1038] i Shutting down 4EC5F74C-5A9C-4D89-8E44-374310E684AE...
11:34:45.763 detox[1038] i 4EC5F74C-5A9C-4D89-8E44-374310E684AE shut down
11:34:45.765 detox[1038] E cleanup
11:34:45.765 detox[1038] i Detox server has been closed gracefully
11:34:45.767 detox[1038] E node_modules/detox/local-cli/cli.js test --configuration ios.sim.release --cleanup
