11:24:28.561 detox[98038] B node_modules/detox/local-cli/cli.js test --configuration ios.sim.release --cleanup
  data: {
    "id": "3164bf31-57b7-786c-c6a8-01b1444a11d0",
    "detoxConfig": {
      "configurationName": "ios.sim.release",
      "apps": {
        "default": {
          "type": "ios.app",
          "binaryPath": "ios/build/Build/Products/Release-iphonesimulator/YourSofia.app",
          "build": "xcodebuild -workspace ios/YourSofia.xcworkspace -scheme YourSofia -configuration Release -sdk iphonesimulator -derivedDataPath ios/build -destination 'generic/platform=iOS Simulator'"
        }
      },
      "artifacts": {
        "rootDir": ".artifacts/ios.sim.release.2026-08-17 08-24-28Z",
        "plugins": {
          "log": {
            "enabled": true,
            "keepOnlyFailedTestsArtifacts": true
          },
          "screenshot": {
            "enabled": true,
            "shouldTakeAutomaticSnapshots": true,
            "keepOnlyFailedTestsArtifacts": true
          },
          "video": {
            "enabled": false,
            "keepOnlyFailedTestsArtifacts": false
          },
          "instruments": {
            "enabled": false,
            "keepOnlyFailedTestsArtifacts": false
          },
          "uiHierarchy": {
            "enabled": false,
            "keepOnlyFailedTestsArtifacts": false
          }
        }
      },
      "behavior": {
        "init": {
          "keepLockFile": false,
          "reinstallApp": true,
          "exposeGlobals": true
        },
        "cleanup": {
          "shutdownDevice": true
        },
        "launchApp": "auto"
      },
      "cli": {
        "cleanup": true,
        "configuration": "ios.sim.release",
        "start": true
      },
      "commands": [
        {
          "appName": "default",
          "build": "xcodebuild -workspace ios/YourSofia.xcworkspace -scheme YourSofia -configuration Release -sdk iphonesimulator -derivedDataPath ios/build -destination 'generic/platform=iOS Simulator'"
        }
      ],
      "device": {
        "type": "ios.simulator",
        "device": {
          "type": "iPhone 16e"
        }
      },
      "logger": {
        "level": "info",
        "overrideConsole": true,
        "options": {
          "showLoggerName": true,
          "showPid": true,
          "showLevel": false,
          "showMetadata": false,
          "basepath": "/Users/valentinasenov/your-sofia/your-sofia-mobile/node_modules/.pnpm/detox@20.51.4_patch_hash=243f4fb1396d0ba4204110e1fb380dce0954c69273b7351999aba1f3d2eca5_91662811f4238f93586f4790222322c3/node_modules/detox/src",
          "prefixers": {},
          "stringifiers": {}
        }
      },
      "testRunner": {
        "retries": 0,
        "forwardEnv": false,
        "detached": false,
        "bail": false,
        "noRetryArgs": [
          "shard"
        ],
        "jest": {
          "setupTimeout": 120000,
          "teardownTimeout": 30000,
          "retryAfterCircusRetries": false,
          "reportWorkerAssign": true
        },
        "args": {
          "$0": "jest",
          "_": [],
          "config": "e2e/jest.config.js",
          "--": []
        }
      },
      "session": {
        "autoStart": true,
        "debugSynchronization": 10000
      }
    },
    "detoxIPCServer": "primary-98038",
    "testResults": [],
    "testSessionIndex": 0,
    "workersCount": 0
  }
11:24:28.566 detox[98038] i Server path not specified, so defaulting to ipc.config.socketRoot + ipc.config.appspace + ipc.config.id /tmp/detox.primary-98038
11:24:28.567 detox[98038] i starting server on  /tmp/detox.primary-98038 
11:24:28.567 detox[98038] i starting TLS server false
11:24:28.567 detox[98038] i starting server as Unix || Windows Socket
11:24:28.568 detox[98038] i Detox server listening on localhost:61878...
11:24:28.570 detox[98038] i Serialized the session state at: /private/var/folders/s6/yd_zk8tj44q3s0_kpq1gwzqc0000gn/T/3164bf31-57b7-786c-c6a8-01b1444a11d0.detox.json
11:24:28.570 detox[98038] B jest --config e2e/jest.config.js
11:24:28.572 detox[98038] i (node:98038) [DEP0190] DeprecationWarning: Passing args to a child process with shell option true can lead to security vulnerabilities, as the arguments are not escaped, only concatenated.
(Use `node --trace-deprecation ...` to show where the warning was created)
11:24:29.697 detox[98044] i Service path not specified, so defaulting to ipc.config.socketRoot + ipc.config.appspace + id 
11:24:29.698 detox[98038] i ## socket connection to server detected ##
11:24:29.698 detox[98044] i requested connection to  primary-98038 /tmp/detox.primary-98038
11:24:29.698 detox[98044] i Connecting client on Unix Socket : /tmp/detox.primary-98038
11:24:29.698 detox[98044] i retrying reset
11:24:29.699 detox[98044] i dispatching event to  primary-98038 /tmp/detox.primary-98038  :  registerContext , { id: 'secondary-98044' }
11:24:29.700 detox[98038] i received event of :  registerContext { id: 'secondary-98044' }
11:24:29.700 detox[98038] i dispatching event to socket  :  registerContextDone {
  testResults: [],
  testSessionIndex: 0,
  unsafe_earlyTeardown: undefined
}
11:24:29.700 detox[98044] i ## received events ##
11:24:29.700 detox[98044] i detected event registerContextDone { testResults: [], testSessionIndex: 0 }
11:24:29.769 detox[98044] B e2e/login.e2e.js
11:24:29.776 detox[98044] B set up environment
11:24:29.777 detox[98038] i received event of :  registerWorker { workerId: 'w1' }
11:24:29.777 detox[98038] i dispatching event to socket  :  registerWorkerDone { workersCount: 1 }
11:24:29.777 detox[98038] i broadcasting event to all known sockets listening to  /tmp/detox.primary-98038  :   sessionStateUpdate { workersCount: 1 }
11:24:29.777 detox[98044] i dispatching event to  primary-98038 /tmp/detox.primary-98038  :  registerWorker , { workerId: 'w1' }
11:24:29.778 detox[98044] i ## received events ##
11:24:29.778 detox[98044] i detected event registerWorkerDone { workersCount: 1 }
11:24:29.778 detox[98044] i detected event sessionStateUpdate { workersCount: 1 }
11:24:29.877 detox[98038] B connection :61878<->:61879
11:24:29.877 detox[98044] i opened web socket to: ws://localhost:61878
11:24:29.878 detox[98044] i send message
  data: {"type":"login","params":{"sessionId":"b696999b-8268-abe6-78e6-f1407dbc7682","role":"tester"},"messageId":0}
11:24:29.879 detox[98038] i get
  data: {"type":"login","params":{"sessionId":"b696999b-8268-abe6-78e6-f1407dbc7682","role":"tester"},"messageId":0}
11:24:29.879 detox[98038] i created session b696999b-8268-abe6-78e6-f1407dbc7682
11:24:29.879 detox[98038] i send
  data: {
    "type": "loginSuccess",
    "params": {
      "testerConnected": true,
      "appConnected": false
    },
    "messageId": 0
  }
11:24:29.880 detox[98038] i tester joined session b696999b-8268-abe6-78e6-f1407dbc7682
11:24:29.880 detox[98044] i get message
  data: {"type":"loginSuccess","params":{"testerConnected":true,"appConnected":false},"messageId":0}
   
11:24:30.062 detox[98038] i received event of :  allocateDevice {
  deviceConfig: { type: 'ios.simulator', device: { type: 'iPhone 16e' } }
}
11:24:30.062 detox[98044] i dispatching event to  primary-98038 /tmp/detox.primary-98038  :  allocateDevice , {
  deviceConfig: { type: 'ios.simulator', device: { type: 'iPhone 16e' } }
}
11:24:30.064 detox[98038] B init
  args: ()
11:24:30.066 detox[98038] E init
11:24:30.066 detox[98038] B allocate
  data: {
    "type": "ios.simulator",
    "device": {
      "type": "iPhone 16e"
    }
  }
11:24:30.084 detox[98038] i applesimutils --list --byType "iPhone 16e" --fields udid,name,deviceType,os,identifier
11:24:30.084 detox[98038] i Searching for device by type = "iPhone 16e" ...
11:24:30.349 detox[98038] i [
  {
    "os" : {
      "name" : "iOS 26.3",
      "identifier" : "com.apple.CoreSimulator.SimRuntime.iOS-26-3"
    },
    "name" : "iPhone 16e",
    "udid" : "4EC5F74C-5A9C-4D89-8E44-374310E684AE",
    "deviceType" : {
      "name" : "iPhone 16e",
      "identifier" : "com.apple.CoreSimulator.SimDeviceType.iPhone-16e"
    }
  }
]

11:24:30.350 detox[98038] i settled on 4EC5F74C-5A9C-4D89-8E44-374310E684AE
  data: {
    "id": "4EC5F74C-5A9C-4D89-8E44-374310E684AE",
    "udid": "4EC5F74C-5A9C-4D89-8E44-374310E684AE"
  }
11:24:30.350 detox[98038] E allocate
11:24:30.350 detox[98038] B post-allocate: 4EC5F74C-5A9C-4D89-8E44-374310E684AE
  data: {
    "id": "4EC5F74C-5A9C-4D89-8E44-374310E684AE",
    "udid": "4EC5F74C-5A9C-4D89-8E44-374310E684AE"
  }
11:24:30.350 detox[98038] i applesimutils --list --byId 4EC5F74C-5A9C-4D89-8E44-374310E684AE --maxResults 1 --fields udid,os,version,state
11:24:30.437 detox[98038] i [
  {
    "state" : "Shutdown",
    "os" : {
      "version" : "26.3.1"
    },
    "udid" : "4EC5F74C-5A9C-4D89-8E44-374310E684AE"
  }
]

11:24:30.438 detox[98038] i /usr/bin/xcrun simctl boot 4EC5F74C-5A9C-4D89-8E44-374310E684AE 
11:24:30.438 detox[98038] i Booting device 4EC5F74C-5A9C-4D89-8E44-374310E684AE...
11:24:31.152 detox[98038] i 
11:24:31.152 detox[98038] i /usr/bin/xcrun simctl bootstatus 4EC5F74C-5A9C-4D89-8E44-374310E684AE
11:24:37.307 detox[98038] i Monitoring boot status for iPhone 16e (4EC5F74C-5A9C-4D89-8E44-374310E684AE).
[2026-08-17 08:24:32 +0000] Status=1, isTerminal=NO, Elapsed=00:01.
	Waiting on BackBoard

[2026-08-17 08:24:33 +0000] Status=4, isTerminal=NO, Elapsed=00:02.
	Waiting on System App

[2026-08-17 08:24:33 +0000] Status=4, isTerminal=NO, Elapsed=00:02.
	Waiting on System App

[2026-08-17 08:24:34 +0000] Status=4, isTerminal=NO, Elapsed=00:03.
	Waiting on System App

[2026-08-17 08:24:37 +0000] Status=4294967295, isTerminal=YES, Elapsed=00:06.
	Finished


11:24:37.307 detox[98038] i open -a Simulator --args -CurrentDeviceUDID 4EC5F74C-5A9C-4D89-8E44-374310E684AE
11:24:37.372 detox[98038] i 
11:24:37.373 detox[98038] E post-allocate: 4EC5F74C-5A9C-4D89-8E44-374310E684AE
11:24:37.373 detox[98038] i dispatching event to socket  :  allocateDeviceDone {
  deviceCookie: {
    id: '4EC5F74C-5A9C-4D89-8E44-374310E684AE',
    udid: '4EC5F74C-5A9C-4D89-8E44-374310E684AE',
    type: 'ios.simulator',
    bootArgs: undefined,
    headless: undefined
  }
}
11:24:37.373 detox[98044] i ## received events ##
11:24:37.373 detox[98044] i detected event allocateDeviceDone {
  deviceCookie: {
    id: '4EC5F74C-5A9C-4D89-8E44-374310E684AE',
    udid: '4EC5F74C-5A9C-4D89-8E44-374310E684AE',
    type: 'ios.simulator'
  }
}
11:24:37.395 detox[98044] B onBootDevice
  args: ({"deviceId":"4EC5F74C-5A9C-4D89-8E44-374310E684AE"})
11:24:37.396 detox[98044] E onBootDevice
11:24:37.397 detox[98044] B installUtilBinaries
  args: ()
11:24:37.397 detox[98044] E installUtilBinaries
11:24:37.398 detox[98044] B selectApp
  args: ("default")
11:24:37.415 detox[98044] E selectApp
11:24:37.416 detox[98044] B uninstallApp
  args: ()
11:24:37.416 detox[98044] B onBeforeUninstallApp
  args: ({"deviceId":"4EC5F74C-5A9C-4D89-8E44-374310E684AE","bundleId":"bg.sofia.yoursofia"})
11:24:37.416 detox[98044] E onBeforeUninstallApp
11:24:37.417 detox[98044] i /usr/bin/xcrun simctl uninstall 4EC5F74C-5A9C-4D89-8E44-374310E684AE bg.sofia.yoursofia
11:24:37.417 detox[98044] i Uninstalling bg.sofia.yoursofia...
11:24:43.149 detox[98044] i bg.sofia.yoursofia uninstalled
11:24:43.150 detox[98044] E uninstallApp
11:24:43.151 detox[98044] B selectApp
  args: ("default")
11:24:43.152 detox[98044] B terminateApp
  args: ()
11:24:43.153 detox[98044] B onBeforeTerminateApp
  args: ({"deviceId":"4EC5F74C-5A9C-4D89-8E44-374310E684AE","bundleId":"bg.sofia.yoursofia"})
11:24:43.153 detox[98044] E onBeforeTerminateApp
11:24:43.153 detox[98044] i /usr/bin/xcrun simctl terminate 4EC5F74C-5A9C-4D89-8E44-374310E684AE bg.sofia.yoursofia
11:24:43.153 detox[98044] i Terminating bg.sofia.yoursofia...
11:24:44.832 detox[98044] i An error was encountered processing the command (domain=NSPOSIXErrorDomain, code=3):
Simulator device failed to terminate bg.sofia.yoursofia.
found nothing to terminate
Underlying error (domain=NSPOSIXErrorDomain, code=3):
	The request to terminate "bg.sofia.yoursofia" failed. found nothing to terminate
	found nothing to terminate

11:24:44.832 detox[98044] i Terminating bg.sofia.yoursofia...
11:24:45.070 detox[98044] i "/usr/bin/xcrun simctl terminate 4EC5F74C-5A9C-4D89-8E44-374310E684AE bg.sofia.yoursofia" failed with error = Error: Command failed: /usr/bin/xcrun simctl terminate 4EC5F74C-5A9C-4D89-8E44-374310E684AE bg.sofia.yoursofia
An error was encountered processing the command (domain=NSPOSIXErrorDomain, code=3):
Simulator device failed to terminate bg.sofia.yoursofia.
found nothing to terminate
Underlying error (domain=NSPOSIXErrorDomain, code=3):
	The request to terminate "bg.sofia.yoursofia" failed. found nothing to terminate
	found nothing to terminate
 (code=3), stdout and stderr:

11:24:45.070 detox[98044] i 
11:24:45.071 detox[98044] i An error was encountered processing the command (domain=NSPOSIXErrorDomain, code=3):
Simulator device failed to terminate bg.sofia.yoursofia.
found nothing to terminate
Underlying error (domain=NSPOSIXErrorDomain, code=3):
	The request to terminate "bg.sofia.yoursofia" failed. found nothing to terminate
	found nothing to terminate

11:24:45.071 detox[98044] B onTerminateApp
  args: ({"deviceId":"4EC5F74C-5A9C-4D89-8E44-374310E684AE","bundleId":"bg.sofia.yoursofia"})
11:24:45.071 detox[98044] E onTerminateApp
11:24:45.071 detox[98044] E terminateApp
11:24:45.071 detox[98044] E selectApp
11:24:45.071 detox[98044] B installApp
  args: ()
11:24:45.072 detox[98044] i /usr/bin/xcrun simctl install 4EC5F74C-5A9C-4D89-8E44-374310E684AE "/Users/valentinasenov/your-sofia/your-sofia-mobile/ios/build/Build/Products/Release-iphonesimulator/YourSofia.app"
11:24:45.072 detox[98044] i Installing /Users/valentinasenov/your-sofia/your-sofia-mobile/ios/build/Build/Products/Release-iphonesimulator/YourSofia.app...
11:24:50.861 detox[98044] i /Users/valentinasenov/your-sofia/your-sofia-mobile/ios/build/Build/Products/Release-iphonesimulator/YourSofia.app installed
11:24:50.861 detox[98044] E installApp
11:24:50.861 detox[98044] B selectApp
  args: ("default")
11:24:50.861 detox[98044] B terminateApp
  args: ()
11:24:50.861 detox[98044] B onBeforeTerminateApp
  args: ({"deviceId":"4EC5F74C-5A9C-4D89-8E44-374310E684AE","bundleId":"bg.sofia.yoursofia"})
11:24:50.861 detox[98044] E onBeforeTerminateApp
11:24:50.861 detox[98044] i /usr/bin/xcrun simctl terminate 4EC5F74C-5A9C-4D89-8E44-374310E684AE bg.sofia.yoursofia
11:24:50.862 detox[98044] i Terminating bg.sofia.yoursofia...
11:24:51.980 detox[98044] i An error was encountered processing the command (domain=NSPOSIXErrorDomain, code=3):
Simulator device failed to terminate bg.sofia.yoursofia.
found nothing to terminate
Underlying error (domain=NSPOSIXErrorDomain, code=3):
	The request to terminate "bg.sofia.yoursofia" failed. found nothing to terminate
	found nothing to terminate

11:24:51.980 detox[98044] i Terminating bg.sofia.yoursofia...
11:24:52.101 detox[98044] i "/usr/bin/xcrun simctl terminate 4EC5F74C-5A9C-4D89-8E44-374310E684AE bg.sofia.yoursofia" failed with error = Error: Command failed: /usr/bin/xcrun simctl terminate 4EC5F74C-5A9C-4D89-8E44-374310E684AE bg.sofia.yoursofia
An error was encountered processing the command (domain=NSPOSIXErrorDomain, code=3):
Simulator device failed to terminate bg.sofia.yoursofia.
found nothing to terminate
Underlying error (domain=NSPOSIXErrorDomain, code=3):
	The request to terminate "bg.sofia.yoursofia" failed. found nothing to terminate
	found nothing to terminate
 (code=3), stdout and stderr:

11:24:52.101 detox[98044] i 
11:24:52.101 detox[98044] i An error was encountered processing the command (domain=NSPOSIXErrorDomain, code=3):
Simulator device failed to terminate bg.sofia.yoursofia.
found nothing to terminate
Underlying error (domain=NSPOSIXErrorDomain, code=3):
	The request to terminate "bg.sofia.yoursofia" failed. found nothing to terminate
	found nothing to terminate

11:24:52.101 detox[98044] B onTerminateApp
  args: ({"deviceId":"4EC5F74C-5A9C-4D89-8E44-374310E684AE","bundleId":"bg.sofia.yoursofia"})
11:24:52.101 detox[98044] E onTerminateApp
11:24:52.101 detox[98044] E terminateApp
11:24:52.101 detox[98044] E selectApp
11:24:52.102 detox[98044] E set up environment
11:24:52.316 detox[98044] i login.e2e.js is assigned to 4EC5F74C-5A9C-4D89-8E44-374310E684AE (iPhone 16e)
11:24:52.317 detox[98044] B run the tests
11:24:52.317 detox[98044] B onRunDescribeStart
  args: ({"name":"ROOT_DESCRIBE_BLOCK"})
11:24:52.317 detox[98044] E onRunDescribeStart
11:24:52.317 detox[98044] B Login screen
11:24:52.317 detox[98044] B onRunDescribeStart
  args: ({"name":"Login screen"})
11:24:52.318 detox[98044] E onRunDescribeStart
11:24:52.318 detox[98044] B beforeAll
11:24:52.318 detox[98044] B launchApp
  args: ({"permissions":{"notifications":"YES","location":"always"}})
11:24:52.319 detox[98044] B terminateApp
  args: ("bg.sofia.yoursofia")
11:24:52.319 detox[98044] B onBeforeTerminateApp
  args: ({"deviceId":"4EC5F74C-5A9C-4D89-8E44-374310E684AE","bundleId":"bg.sofia.yoursofia"})
11:24:52.319 detox[98044] E onBeforeTerminateApp
11:24:52.319 detox[98044] i /usr/bin/xcrun simctl terminate 4EC5F74C-5A9C-4D89-8E44-374310E684AE bg.sofia.yoursofia
11:24:52.319 detox[98044] i Terminating bg.sofia.yoursofia...
11:24:53.413 detox[98044] i An error was encountered processing the command (domain=NSPOSIXErrorDomain, code=3):
Simulator device failed to terminate bg.sofia.yoursofia.
found nothing to terminate
Underlying error (domain=NSPOSIXErrorDomain, code=3):
	The request to terminate "bg.sofia.yoursofia" failed. found nothing to terminate
	found nothing to terminate

11:24:53.413 detox[98044] i Terminating bg.sofia.yoursofia...
11:24:53.504 detox[98044] i "/usr/bin/xcrun simctl terminate 4EC5F74C-5A9C-4D89-8E44-374310E684AE bg.sofia.yoursofia" failed with error = Error: Command failed: /usr/bin/xcrun simctl terminate 4EC5F74C-5A9C-4D89-8E44-374310E684AE bg.sofia.yoursofia
An error was encountered processing the command (domain=NSPOSIXErrorDomain, code=3):
Simulator device failed to terminate bg.sofia.yoursofia.
found nothing to terminate
Underlying error (domain=NSPOSIXErrorDomain, code=3):
	The request to terminate "bg.sofia.yoursofia" failed. found nothing to terminate
	found nothing to terminate
 (code=3), stdout and stderr:

11:24:53.504 detox[98044] i 
11:24:53.504 detox[98044] i An error was encountered processing the command (domain=NSPOSIXErrorDomain, code=3):
Simulator device failed to terminate bg.sofia.yoursofia.
found nothing to terminate
Underlying error (domain=NSPOSIXErrorDomain, code=3):
	The request to terminate "bg.sofia.yoursofia" failed. found nothing to terminate
	found nothing to terminate

11:24:53.504 detox[98044] B onTerminateApp
  args: ({"deviceId":"4EC5F74C-5A9C-4D89-8E44-374310E684AE","bundleId":"bg.sofia.yoursofia"})
11:24:53.504 detox[98044] E onTerminateApp
11:24:53.504 detox[98044] E terminateApp
11:24:53.504 detox[98044] i applesimutils --byId 4EC5F74C-5A9C-4D89-8E44-374310E684AE --bundle bg.sofia.yoursofia --restartSB --setPermissions notifications=YES
11:24:53.504 detox[98044] i Trying to set permissions with AppleSimUtils: notifications=YES...
11:24:53.890 detox[98044] i notifications permissions are set
11:24:53.890 detox[98044] i /usr/bin/xcrun simctl privacy 4EC5F74C-5A9C-4D89-8E44-374310E684AE grant location-always bg.sofia.yoursofia
11:24:53.890 detox[98044] i Trying to set permissions with Simctl: grant location-always...
11:24:53.998 detox[98044] i location-always permissions are set
11:24:53.998 detox[98044] B onBeforeLaunchApp
  args: ({"bundleId":"bg.sofia.yoursofia","deviceId":"4EC5F74C-5A9C-4D89-8E44-374310E684AE","launchArgs":{"detoxServer":"ws://localhost:61878","detoxSessionId":"b696999b-8268-abe6-78e6-f1407dbc7682"}})
11:24:54.000 detox[98044] i starting SimulatorLogRecording {
  udid: '4EC5F74C-5A9C-4D89-8E44-374310E684AE',
  bundleId: 'bg.sofia.yoursofia'
}
11:24:54.001 detox[98044] i /usr/bin/xcrun simctl get_app_container 4EC5F74C-5A9C-4D89-8E44-374310E684AE bg.sofia.yoursofia
11:24:54.118 detox[98044] i /Users/valentinasenov/Library/Developer/CoreSimulator/Devices/4EC5F74C-5A9C-4D89-8E44-374310E684AE/data/Containers/Bundle/Application/31087BF4-D319-4611-A136-08A015F59238/YourSofia.app

11:24:54.119 detox[98044] i /usr/bin/xcrun simctl spawn 4EC5F74C-5A9C-4D89-8E44-374310E684AE log stream --level debug --style compact --predicate "processImagePath beginsWith \"/Users/valentinasenov/Library/Developer/CoreSimulator/Devices/4EC5F74C-5A9C-4D89-8E44-374310E684AE/data/Containers/Bundle/Application/31087BF4-D319-4611-A136-08A015F59238/YourSofia.app\""
11:24:54.171 detox[98044] E onBeforeLaunchApp
11:24:54.171 detox[98044] i SIMCTL_CHILD_GULGeneratedClassDisposeDisabled=YES SIMCTL_CHILD_DYLD_INSERT_LIBRARIES="/Users/valentinasenov/Library/Detox/ios/framework/6e09e705b61096f1cb264334dbbf3b7979d95162/Detox.framework/Detox" /usr/bin/xcrun simctl launch 4EC5F74C-5A9C-4D89-8E44-374310E684AE bg.sofia.yoursofia --args -detoxServer ws://localhost:61878 -detoxSessionId b696999b-8268-abe6-78e6-f1407dbc7682 -detoxDebugVisibility YES -detoxDisableHierarchyDump YES
11:24:54.171 detox[98044] i Launching bg.sofia.yoursofia...
11:24:56.972 detox[98044] i bg.sofia.yoursofia: 98412

11:24:56.972 detox[98044] i /usr/bin/xcrun simctl get_app_container 4EC5F74C-5A9C-4D89-8E44-374310E684AE bg.sofia.yoursofia
11:24:57.602 detox[98044] i /Users/valentinasenov/Library/Developer/CoreSimulator/Devices/4EC5F74C-5A9C-4D89-8E44-374310E684AE/data/Containers/Bundle/Application/31087BF4-D319-4611-A136-08A015F59238/YourSofia.app

11:24:57.616 detox[98044] i bg.sofia.yoursofia launched. To watch simulator logs, run:
        /usr/bin/xcrun simctl spawn 4EC5F74C-5A9C-4D89-8E44-374310E684AE log stream --level debug --style compact --predicate 'process == "YourSofia"'
11:24:57.616 detox[98044] B onLaunchApp
  args: ({"bundleId":"bg.sofia.yoursofia","deviceId":"4EC5F74C-5A9C-4D89-8E44-374310E684AE","launchArgs":{"detoxServer":"ws://localhost:61878","detoxSessionId":"b696999b-8268-abe6-78e6-f1407dbc7682","detoxDebugVisibility":"YES","detoxDisableHierarchyDump":"YES"},"pid":98412})
11:24:57.617 detox[98044] E onLaunchApp
11:24:58.029 detox[98038] B connection :61878<->:61931
11:24:58.135 detox[98038] i get
  data: {"type":"login","messageId":0,"params":{"sessionId":"b696999b-8268-abe6-78e6-f1407dbc7682","role":"app"}}
11:24:58.135 detox[98038] i send
  data: {
    "type": "loginSuccess",
    "messageId": 0,
    "params": {
      "testerConnected": true,
      "appConnected": true
    }
  }
11:24:58.136 detox[98038] i app joined session b696999b-8268-abe6-78e6-f1407dbc7682
11:24:58.136 detox[98038] i send
  data: {
    "type": "appConnected"
  }
11:24:58.142 detox[98044] i get message
  data: {"type":"appConnected"}
   
11:24:58.143 detox[98044] i send message
  data: {"type":"isReady","params":{},"messageId":-1000}
11:24:58.146 detox[98038] i get
  data: {"type":"isReady","params":{},"messageId":-1000}
11:24:58.146 detox[98038] i send
  data: {
    "type": "isReady",
    "params": {},
    "messageId": -1000
  }
11:24:58.168 detox[98038] i get
  data: {"type":"AppWillTerminateWithError","messageId":-10000,"params":{"queueName":"com.apple.main-thread","threadNumber":1,"errorDetails":"Expo\/ExpoAppDelegate.swift:31: Fatal error: recreateRootView: Missing factory in ExpoAppDelegate\n(\n\t0   Detox                               0x0000000102c4e58c +[NSThread(DetoxUtils) dtx_demangledCallStackSymbols] + 36\n\t1   Detox                               0x0000000102c51fd4 __DTXHandleCrash + 668\n\t2   Detox                               0x0000000102c52464 __dtx_asl_log + 404\n\t3   libswiftCore.dylib                  0x0000000197771458 swift_reportError + 80\n\t4   libswiftCore.dylib                  0x0000000197834164 _swift_stdlib_reportFatalErrorInFile + 120\n\t5   libswiftCore.dylib                  0x000000019785d0c8 closure #1 (Swift.UnsafeBufferPointer<Swift.UInt8>) -> () in Swift._assertionFailure(_: Swift.StaticString, _: Swift.String, file: Swift.StaticString, line: Swift.UInt, flags: Swift.UInt32) -> Swift.Never + 344\n\t6   libswiftCore.dylib                  0x000000019785c2d4 Swift._assertionFailure(_: Swift.StaticString, _: Swift.String, file: Swift.StaticString, line: Swift.UInt, flags: Swift.UInt32) -> Swift.Never + 156\n\t7   YourSofia                           0x0000000100917278 Expo.ExpoAppDelegate.recreateRootView(withBundleURL: Swift.Optional<Foundation.URL>, moduleName: Swift.Optional<Swift.String>, initialProps: Swift.Optional<Swift.Dictionary<Swift.AnyHashable, Any>>, launchOptions: Swift.Optional<Swift.Dictionary<Swift.AnyHashable, Any>>) -> __C.UIView + 1484\n\t8   YourSofia                           0x00000001008ae944 recreateRootView #1 (withBundleURL: Swift.Optional<Foundation.URL>, moduleName: Swift.Optional<Swift.String>, initialProps: Swift.Optional<Swift.Dictionary<Swift.AnyHashable, Any>>, launchOptions: Swift.Optional<Swift.Dictionary<Swift.AnyHashable, Any>>) -> __C.UIView in EXUpdates.ExpoUpdatesReactDelegateHandler.appController(_: EXUpdates.AppControllerInterface, didStartWithSuccess: Swift.Bool) -> () + 200\n\t9   YourSofia                           0x00000001008af35c function signature specialization <Arg[0] = Dead, Arg[1] = Dead> of EXUpdates.ExpoUpdatesReactDelegateHandler.appController(_: EXUpdates.AppControllerInterface, didStartWithSuccess: Swift.Bool) -> () + 292\n\t10  YourSofia                           0x00000001008aeba4 @objc EXUpdates.ExpoUpdatesReactDelegateHandler.appController(_: EXUpdates.AppControllerInterface, didStartWithSuccess: Swift.Bool) -> () + 44\n\t11  YourSofia                           0x00000001008a675c closure #1 @Swift.MainActor () -> () in closure #1 (EXUpdates.AppControllerDelegate) -> Swift.Optional<()> in EXUpdates.EnabledAppController.startupProcedureDidLaunch(EXUpdates.StartupProcedure) -> () + 996\n\t12  YourSofia                           0x0000000100865a90 reabstraction thunk helper from @escaping @callee_guaranteed @Sendable () -> () to @escaping @callee_unowned @convention(block) @Sendable () -> () + 28\n\t13  DetoxSync                           0x0000000102a5c79c ____detox_sync_dispatch_wrapper_block_invoke + 44\n\t14  libdispatch.dylib                   0x00000001801c07a8 _dispatch_call_block_and_release + 24\n\t15  libdispatch.dylib                   0x00000001801db4b0 _dispatch_client_callout + 12\n\t16  libdispatch.dylib                   0x00000001801f74a0 _dispatch_main_queue_drain.cold.7 + 24\n\t17  libdispatch.dylib                   0x00000001801d031c _dispatch_main_queue_drain + 1184\n\t18  libdispatch.dylib                   0x00000001801cfe6c _dispatch_main_queue_callback_4CF + 40\n\t19  CoreFoundation                      0x0000000180455fa8 __CFRUNLOOP_IS_SERVICING_THE_MAIN_DISPATCH_QUEUE__ + 12\n\t20  CoreFoundation                      0x0000000180455180 __CFRunLoopRun + 1884\n\t21  CoreFoundation                      0x000000018044fdbc _CFRunLoopRunSpecificWithOptions + 496\n\t22  GraphicsServices                    0x0000000192b809bc GSEventRunModal + 116\n\t23  UIKitCore                           0x000000018640a204 -[UIApplication _run] + 772\n\t24  DetoxSync                           0x0000000102a62f38 __detox_sync_UIApplication_run + 80\n\t25  UIKitCore                           0x000000018640e42c UIApplicationMain + 124\n\t26  UIKitCore                           0x000000018563f6b8 block_destroy_helper.15 + 5152\n\t27  YourSofia                           0x0000000100848104 main + 116\n\t28  dyld                                0x00000001025993d0 start_sim + 20\n\t29  ???                                 0x00000001027bbe00 0x0 + 4336631296\n)"}}
11:24:58.168 detox[98038] i send
  data: {
    "type": "AppWillTerminateWithError",
    "messageId": -10000,
    "params": {
      "queueName": "com.apple.main-thread",
      "threadNumber": 1,
      "errorDetails": "Expo/ExpoAppDelegate.swift:31: Fatal error: recreateRootView: Missing factory in ExpoAppDelegate\n(\n\t0   Detox                               0x0000000102c4e58c +[NSThread(DetoxUtils) dtx_demangledCallStackSymbols] + 36\n\t1   Detox                               0x0000000102c51fd4 __DTXHandleCrash + 668\n\t2   Detox                               0x0000000102c52464 __dtx_asl_log + 404\n\t3   libswiftCore.dylib                  0x0000000197771458 swift_reportError + 80\n\t4   libswiftCore.dylib                  0x0000000197834164 _swift_stdlib_reportFatalErrorInFile + 120\n\t5   libswiftCore.dylib                  0x000000019785d0c8 closure #1 (Swift.UnsafeBufferPointer<Swift.UInt8>) -> () in Swift._assertionFailure(_: Swift.StaticString, _: Swift.String, file: Swift.StaticString, line: Swift.UInt, flags: Swift.UInt32) -> Swift.Never + 344\n\t6   libswiftCore.dylib                  0x000000019785c2d4 Swift._assertionFailure(_: Swift.StaticString, _: Swift.String, file: Swift.StaticString, line: Swift.UInt, flags: Swift.UInt32) -> Swift.Never + 156\n\t7   YourSofia                           0x0000000100917278 Expo.ExpoAppDelegate.recreateRootView(withBundleURL: Swift.Optional<Foundation.URL>, moduleName: Swift.Optional<Swift.String>, initialProps: Swift.Optional<Swift.Dictionary<Swift.AnyHashable, Any>>, launchOptions: Swift.Optional<Swift.Dictionary<Swift.AnyHashable, Any>>) -> __C.UIView + 1484\n\t8   YourSofia                           0x00000001008ae944 recreateRootView #1 (withBundleURL: Swift.Optional<Foundation.URL>, moduleName: Swift.Optional<Swift.String>, initialProps: Swift.Optional<Swift.Dictionary<Swift.AnyHashable, Any>>, launchOptions: Swift.Optional<Swift.Dictionary<Swift.AnyHashable, Any>>) -> __C.UIView in EXUpdates.ExpoUpdatesReactDelegateHandler.appController(_: EXUpdates.AppControllerInterface, didStartWithSuccess: Swift.Bool) -> () + 200\n\t9   YourSofia                           0x00000001008af35c function signature specialization <Arg[0] = Dead, Arg[1] = Dead> of EXUpdates.ExpoUpdatesReactDelegateHandler.appController(_: EXUpdates.AppControllerInterface, didStartWithSuccess: Swift.Bool) -> () + 292\n\t10  YourSofia                           0x00000001008aeba4 @objc EXUpdates.ExpoUpdatesReactDelegateHandler.appController(_: EXUpdates.AppControllerInterface, didStartWithSuccess: Swift.Bool) -> () + 44\n\t11  YourSofia                           0x00000001008a675c closure #1 @Swift.MainActor () -> () in closure #1 (EXUpdates.AppControllerDelegate) -> Swift.Optional<()> in EXUpdates.EnabledAppController.startupProcedureDidLaunch(EXUpdates.StartupProcedure) -> () + 996\n\t12  YourSofia                           0x0000000100865a90 reabstraction thunk helper from @escaping @callee_guaranteed @Sendable () -> () to @escaping @callee_unowned @convention(block) @Sendable () -> () + 28\n\t13  DetoxSync                           0x0000000102a5c79c ____detox_sync_dispatch_wrapper_block_invoke + 44\n\t14  libdispatch.dylib                   0x00000001801c07a8 _dispatch_call_block_and_release + 24\n\t15  libdispatch.dylib                   0x00000001801db4b0 _dispatch_client_callout + 12\n\t16  libdispatch.dylib                   0x00000001801f74a0 _dispatch_main_queue_drain.cold.7 + 24\n\t17  libdispatch.dylib                   0x00000001801d031c _dispatch_main_queue_drain + 1184\n\t18  libdispatch.dylib                   0x00000001801cfe6c _dispatch_main_queue_callback_4CF + 40\n\t19  CoreFoundation                      0x0000000180455fa8 __CFRUNLOOP_IS_SERVICING_THE_MAIN_DISPATCH_QUEUE__ + 12\n\t20  CoreFoundation                      0x0000000180455180 __CFRunLoopRun + 1884\n\t21  CoreFoundation                      0x000000018044fdbc _CFRunLoopRunSpecificWithOptions + 496\n\t22  GraphicsServices                    0x0000000192b809bc GSEventRunModal + 116\n\t23  UIKitCore                           0x000000018640a204 -[UIApplication _run] + 772\n\t24  DetoxSync                           0x0000000102a62f38 __detox_sync_UIApplication_run + 80\n\t25  UIKitCore                           0x000000018640e42c UIApplicationMain + 124\n\t26  UIKitCore                           0x000000018563f6b8 block_destroy_helper.15 + 5152\n\t27  YourSofia                           0x0000000100848104 main + 116\n\t28  dyld                                0x00000001025993d0 start_sim + 20\n\t29  ???                                 0x00000001027bbe00 0x0 + 4336631296\n)"
    }
  }
11:24:58.173 detox[98044] i get message
  data: {"type":"AppWillTerminateWithError","messageId":-10000,"params":{"queueName":"com.apple.main-thread","threadNumber":1,"errorDetails":"Expo/ExpoAppDelegate.swift:31: Fatal error: recreateRootView: Missing factory in ExpoAppDelegate\n(\n\t0   Detox                               0x0000000102c4e58c +[NSThread(DetoxUtils) dtx_demangledCallStackSymbols] + 36\n\t1   Detox                               0x0000000102c51fd4 __DTXHandleCrash + 668\n\t2   Detox                               0x0000000102c52464 __dtx_asl_log + 404\n\t3   libswiftCore.dylib                  0x0000000197771458 swift_reportError + 80\n\t4   libswiftCore.dylib                  0x0000000197834164 _swift_stdlib_reportFatalErrorInFile + 120\n\t5   libswiftCore.dylib                  0x000000019785d0c8 closure #1 (Swift.UnsafeBufferPointer<Swift.UInt8>) -> () in Swift._assertionFailure(_: Swift.StaticString, _: Swift.String, file: Swift.StaticString, line: Swift.UInt, flags: Swift.UInt32) -> Swift.Never + 344\n\t6   libswiftCore.dylib                  0x000000019785c2d4 Swift._assertionFailure(_: Swift.StaticString, _: Swift.String, file: Swift.StaticString, line: Swift.UInt, flags: Swift.UInt32) -> Swift.Never + 156\n\t7   YourSofia                           0x0000000100917278 Expo.ExpoAppDelegate.recreateRootView(withBundleURL: Swift.Optional<Foundation.URL>, moduleName: Swift.Optional<Swift.String>, initialProps: Swift.Optional<Swift.Dictionary<Swift.AnyHashable, Any>>, launchOptions: Swift.Optional<Swift.Dictionary<Swift.AnyHashable, Any>>) -> __C.UIView + 1484\n\t8   YourSofia                           0x00000001008ae944 recreateRootView #1 (withBundleURL: Swift.Optional<Foundation.URL>, moduleName: Swift.Optional<Swift.String>, initialProps: Swift.Optional<Swift.Dictionary<Swift.AnyHashable, Any>>, launchOptions: Swift.Optional<Swift.Dictionary<Swift.AnyHashable, Any>>) -> __C.UIView in EXUpdates.ExpoUpdatesReactDelegateHandler.appController(_: EXUpdates.AppControllerInterface, didStartWithSuccess: Swift.Bool) -> () + 200\n\t9   YourSofia                           0x00000001008af35c function signature specialization <Arg[0] = Dead, Arg[1] = Dead> of EXUpdates.ExpoUpdatesReactDelegateHandler.appController(_: EXUpdates.AppControllerInterface, didStartWithSuccess: Swift.Bool) -> () + 292\n\t10  YourSofia                           0x00000001008aeba4 @objc EXUpdates.ExpoUpdatesReactDelegateHandler.appController(_: EXUpdates.AppControllerInterface, didStartWithSuccess: Swift.Bool) -> () + 44\n\t11  YourSofia                           0x00000001008a675c closure #1 @Swift.MainActor () -> () in closure #1 (EXUpdates.AppControllerDelegate) -> Swift.Optional<()> in EXUpdates.EnabledAppController.startupProcedureDidLaunch(EXUpdates.StartupProcedure) -> () + 996\n\t12  YourSofia                           0x0000000100865a90 reabstraction thunk helper from @escaping @callee_guaranteed @Sendable () -> () to @escaping @callee_unowned @convention(block) @Sendable () -> () + 28\n\t13  DetoxSync                           0x0000000102a5c79c ____detox_sync_dispatch_wrapper_block_invoke + 44\n\t14  libdispatch.dylib                   0x00000001801c07a8 _dispatch_call_block_and_release + 24\n\t15  libdispatch.dylib                   0x00000001801db4b0 _dispatch_client_callout + 12\n\t16  libdispatch.dylib                   0x00000001801f74a0 _dispatch_main_queue_drain.cold.7 + 24\n\t17  libdispatch.dylib                   0x00000001801d031c _dispatch_main_queue_drain + 1184\n\t18  libdispatch.dylib                   0x00000001801cfe6c _dispatch_main_queue_callback_4CF + 40\n\t19  CoreFoundation                      0x0000000180455fa8 __CFRUNLOOP_IS_SERVICING_THE_MAIN_DISPATCH_QUEUE__ + 12\n\t20  CoreFoundation                      0x0000000180455180 __CFRunLoopRun + 1884\n\t21  CoreFoundation                      0x000000018044fdbc _CFRunLoopRunSpecificWithOptions + 496\n\t22  GraphicsServices                    0x0000000192b809bc GSEventRunModal + 116\n\t23  UIKitCore                           0x000000018640a204 -[UIApplication _run] + 772\n\t24  DetoxSync                           0x0000000102a62f38 __detox_sync_UIApplication_run + 80\n\t25  UIKitCore                           0x000000018640e42c UIApplicationMain + 124\n\t26  UIKitCore                           0x000000018563f6b8 block_destroy_helper.15 + 5152\n\t27  YourSofia                           0x0000000100848104 main + 116\n\t28  dyld                                0x00000001025993d0 start_sim + 20\n\t29  ???                                 0x00000001027bbe00 0x0 + 4336631296\n)"}}
   
11:25:00.170 detox[98038] i get
  data: {"type":"AppWillTerminateWithError","messageId":-10000,"params":{"errorDetails":"Signal 5 raised\n(\n\t0   Detox                               0x0000000102c4e58c +[NSThread(DetoxUtils) dtx_demangledCallStackSymbols] + 36\n\t1   Detox                               0x0000000102c51f70 __DTXHandleCrash + 568\n\t2   Detox                               0x0000000102c5256c __DTXHandleSignal + 72\n\t3   libsystem_platform.dylib            0x0000000102657540 _sigtramp + 52\n\t4   libswiftCore.dylib                  0x000000019785c2d4 Swift._assertionFailure(_: Swift.StaticString, _: Swift.String, file: Swift.StaticString, line: Swift.UInt, flags: Swift.UInt32) -> Swift.Never + 156\n\t5   YourSofia                           0x0000000100917278 Expo.ExpoAppDelegate.recreateRootView(withBundleURL: Swift.Optional<Foundation.URL>, moduleName: Swift.Optional<Swift.String>, initialProps: Swift.Optional<Swift.Dictionary<Swift.AnyHashable, Any>>, launchOptions: Swift.Optional<Swift.Dictionary<Swift.AnyHashable, Any>>) -> __C.UIView + 1484\n\t6   YourSofia                           0x00000001008ae944 recreateRootView #1 (withBundleURL: Swift.Optional<Foundation.URL>, moduleName: Swift.Optional<Swift.String>, initialProps: Swift.Optional<Swift.Dictionary<Swift.AnyHashable, Any>>, launchOptions: Swift.Optional<Swift.Dictionary<Swift.AnyHashable, Any>>) -> __C.UIView in EXUpdates.ExpoUpdatesReactDelegateHandler.appController(_: EXUpdates.AppControllerInterface, didStartWithSuccess: Swift.Bool) -> () + 200\n\t7   YourSofia                           0x00000001008af35c function signature specialization <Arg[0] = Dead, Arg[1] = Dead> of EXUpdates.ExpoUpdatesReactDelegateHandler.appController(_: EXUpdates.AppControllerInterface, didStartWithSuccess: Swift.Bool) -> () + 292\n\t8   YourSofia                           0x00000001008aeba4 @objc EXUpdates.ExpoUpdatesReactDelegateHandler.appController(_: EXUpdates.AppControllerInterface, didStartWithSuccess: Swift.Bool) -> () + 44\n\t9   YourSofia                           0x00000001008a675c closure #1 @Swift.MainActor () -> () in closure #1 (EXUpdates.AppControllerDelegate) -> Swift.Optional<()> in EXUpdates.EnabledAppController.startupProcedureDidLaunch(EXUpdates.StartupProcedure) -> () + 996\n\t10  YourSofia                           0x0000000100865a90 reabstraction thunk helper from @escaping @callee_guaranteed @Sendable () -> () to @escaping @callee_unowned @convention(block) @Sendable () -> () + 28\n\t11  DetoxSync                           0x0000000102a5c79c ____detox_sync_dispatch_wrapper_block_invoke + 44\n\t12  libdispatch.dylib                   0x00000001801c07a8 _dispatch_call_block_and_release + 24\n\t13  libdispatch.dylib                   0x00000001801db4b0 _dispatch_client_callout + 12\n\t14  libdispatch.dylib                   0x00000001801f74a0 _dispatch_main_queue_drain.cold.7 + 24\n\t15  libdispatch.dylib                   0x00000001801d031c _dispatch_main_queue_drain + 1184\n\t16  libdispatch.dylib                   0x00000001801cfe6c _dispatch_main_queue_callback_4CF + 40\n\t17  CoreFoundation                      0x0000000180455fa8 __CFRUNLOOP_IS_SERVICING_THE_MAIN_DISPATCH_QUEUE__ + 12\n\t18  CoreFoundation                      0x0000000180455180 __CFRunLoopRun + 1884\n\t19  CoreFoundation                      0x000000018044fdbc _CFRunLoopRunSpecificWithOptions + 496\n\t20  GraphicsServices                    0x0000000192b809bc GSEventRunModal + 116\n\t21  UIKitCore                           0x000000018640a204 -[UIApplication _run] + 772\n\t22  DetoxSync                           0x0000000102a62f38 __detox_sync_UIApplication_run + 80\n\t23  UIKitCore                           0x000000018640e42c UIApplicationMain + 124\n\t24  UIKitCore                           0x000000018563f6b8 block_destroy_helper.15 + 5152\n\t25  YourSofia                           0x0000000100848104 main + 116\n\t26  dyld                                0x00000001025993d0 start_sim + 20\n\t27  ???                                 0x00000001027bbe00 0x0 + 4336631296\n)","queueName":"com.apple.main-thread","threadNumber":1}}
11:25:00.170 detox[98038] i send
  data: {
    "type": "AppWillTerminateWithError",
    "messageId": -10000,
    "params": {
      "errorDetails": "Signal 5 raised\n(\n\t0   Detox                               0x0000000102c4e58c +[NSThread(DetoxUtils) dtx_demangledCallStackSymbols] + 36\n\t1   Detox                               0x0000000102c51f70 __DTXHandleCrash + 568\n\t2   Detox                               0x0000000102c5256c __DTXHandleSignal + 72\n\t3   libsystem_platform.dylib            0x0000000102657540 _sigtramp + 52\n\t4   libswiftCore.dylib                  0x000000019785c2d4 Swift._assertionFailure(_: Swift.StaticString, _: Swift.String, file: Swift.StaticString, line: Swift.UInt, flags: Swift.UInt32) -> Swift.Never + 156\n\t5   YourSofia                           0x0000000100917278 Expo.ExpoAppDelegate.recreateRootView(withBundleURL: Swift.Optional<Foundation.URL>, moduleName: Swift.Optional<Swift.String>, initialProps: Swift.Optional<Swift.Dictionary<Swift.AnyHashable, Any>>, launchOptions: Swift.Optional<Swift.Dictionary<Swift.AnyHashable, Any>>) -> __C.UIView + 1484\n\t6   YourSofia                           0x00000001008ae944 recreateRootView #1 (withBundleURL: Swift.Optional<Foundation.URL>, moduleName: Swift.Optional<Swift.String>, initialProps: Swift.Optional<Swift.Dictionary<Swift.AnyHashable, Any>>, launchOptions: Swift.Optional<Swift.Dictionary<Swift.AnyHashable, Any>>) -> __C.UIView in EXUpdates.ExpoUpdatesReactDelegateHandler.appController(_: EXUpdates.AppControllerInterface, didStartWithSuccess: Swift.Bool) -> () + 200\n\t7   YourSofia                           0x00000001008af35c function signature specialization <Arg[0] = Dead, Arg[1] = Dead> of EXUpdates.ExpoUpdatesReactDelegateHandler.appController(_: EXUpdates.AppControllerInterface, didStartWithSuccess: Swift.Bool) -> () + 292\n\t8   YourSofia                           0x00000001008aeba4 @objc EXUpdates.ExpoUpdatesReactDelegateHandler.appController(_: EXUpdates.AppControllerInterface, didStartWithSuccess: Swift.Bool) -> () + 44\n\t9   YourSofia                           0x00000001008a675c closure #1 @Swift.MainActor () -> () in closure #1 (EXUpdates.AppControllerDelegate) -> Swift.Optional<()> in EXUpdates.EnabledAppController.startupProcedureDidLaunch(EXUpdates.StartupProcedure) -> () + 996\n\t10  YourSofia                           0x0000000100865a90 reabstraction thunk helper from @escaping @callee_guaranteed @Sendable () -> () to @escaping @callee_unowned @convention(block) @Sendable () -> () + 28\n\t11  DetoxSync                           0x0000000102a5c79c ____detox_sync_dispatch_wrapper_block_invoke + 44\n\t12  libdispatch.dylib                   0x00000001801c07a8 _dispatch_call_block_and_release + 24\n\t13  libdispatch.dylib                   0x00000001801db4b0 _dispatch_client_callout + 12\n\t14  libdispatch.dylib                   0x00000001801f74a0 _dispatch_main_queue_drain.cold.7 + 24\n\t15  libdispatch.dylib                   0x00000001801d031c _dispatch_main_queue_drain + 1184\n\t16  libdispatch.dylib                   0x00000001801cfe6c _dispatch_main_queue_callback_4CF + 40\n\t17  CoreFoundation                      0x0000000180455fa8 __CFRUNLOOP_IS_SERVICING_THE_MAIN_DISPATCH_QUEUE__ + 12\n\t18  CoreFoundation                      0x0000000180455180 __CFRunLoopRun + 1884\n\t19  CoreFoundation                      0x000000018044fdbc _CFRunLoopRunSpecificWithOptions + 496\n\t20  GraphicsServices                    0x0000000192b809bc GSEventRunModal + 116\n\t21  UIKitCore                           0x000000018640a204 -[UIApplication _run] + 772\n\t22  DetoxSync                           0x0000000102a62f38 __detox_sync_UIApplication_run + 80\n\t23  UIKitCore                           0x000000018640e42c UIApplicationMain + 124\n\t24  UIKitCore                           0x000000018563f6b8 block_destroy_helper.15 + 5152\n\t25  YourSofia                           0x0000000100848104 main + 116\n\t26  dyld                                0x00000001025993d0 start_sim + 20\n\t27  ???                                 0x00000001027bbe00 0x0 + 4336631296\n)",
      "queueName": "com.apple.main-thread",
      "threadNumber": 1
    }
  }
11:25:00.171 detox[98044] i get message
  data: {"type":"AppWillTerminateWithError","messageId":-10000,"params":{"errorDetails":"Signal 5 raised\n(\n\t0   Detox                               0x0000000102c4e58c +[NSThread(DetoxUtils) dtx_demangledCallStackSymbols] + 36\n\t1   Detox                               0x0000000102c51f70 __DTXHandleCrash + 568\n\t2   Detox                               0x0000000102c5256c __DTXHandleSignal + 72\n\t3   libsystem_platform.dylib            0x0000000102657540 _sigtramp + 52\n\t4   libswiftCore.dylib                  0x000000019785c2d4 Swift._assertionFailure(_: Swift.StaticString, _: Swift.String, file: Swift.StaticString, line: Swift.UInt, flags: Swift.UInt32) -> Swift.Never + 156\n\t5   YourSofia                           0x0000000100917278 Expo.ExpoAppDelegate.recreateRootView(withBundleURL: Swift.Optional<Foundation.URL>, moduleName: Swift.Optional<Swift.String>, initialProps: Swift.Optional<Swift.Dictionary<Swift.AnyHashable, Any>>, launchOptions: Swift.Optional<Swift.Dictionary<Swift.AnyHashable, Any>>) -> __C.UIView + 1484\n\t6   YourSofia                           0x00000001008ae944 recreateRootView #1 (withBundleURL: Swift.Optional<Foundation.URL>, moduleName: Swift.Optional<Swift.String>, initialProps: Swift.Optional<Swift.Dictionary<Swift.AnyHashable, Any>>, launchOptions: Swift.Optional<Swift.Dictionary<Swift.AnyHashable, Any>>) -> __C.UIView in EXUpdates.ExpoUpdatesReactDelegateHandler.appController(_: EXUpdates.AppControllerInterface, didStartWithSuccess: Swift.Bool) -> () + 200\n\t7   YourSofia                           0x00000001008af35c function signature specialization <Arg[0] = Dead, Arg[1] = Dead> of EXUpdates.ExpoUpdatesReactDelegateHandler.appController(_: EXUpdates.AppControllerInterface, didStartWithSuccess: Swift.Bool) -> () + 292\n\t8   YourSofia                           0x00000001008aeba4 @objc EXUpdates.ExpoUpdatesReactDelegateHandler.appController(_: EXUpdates.AppControllerInterface, didStartWithSuccess: Swift.Bool) -> () + 44\n\t9   YourSofia                           0x00000001008a675c closure #1 @Swift.MainActor () -> () in closure #1 (EXUpdates.AppControllerDelegate) -> Swift.Optional<()> in EXUpdates.EnabledAppController.startupProcedureDidLaunch(EXUpdates.StartupProcedure) -> () + 996\n\t10  YourSofia                           0x0000000100865a90 reabstraction thunk helper from @escaping @callee_guaranteed @Sendable () -> () to @escaping @callee_unowned @convention(block) @Sendable () -> () + 28\n\t11  DetoxSync                           0x0000000102a5c79c ____detox_sync_dispatch_wrapper_block_invoke + 44\n\t12  libdispatch.dylib                   0x00000001801c07a8 _dispatch_call_block_and_release + 24\n\t13  libdispatch.dylib                   0x00000001801db4b0 _dispatch_client_callout + 12\n\t14  libdispatch.dylib                   0x00000001801f74a0 _dispatch_main_queue_drain.cold.7 + 24\n\t15  libdispatch.dylib                   0x00000001801d031c _dispatch_main_queue_drain + 1184\n\t16  libdispatch.dylib                   0x00000001801cfe6c _dispatch_main_queue_callback_4CF + 40\n\t17  CoreFoundation                      0x0000000180455fa8 __CFRUNLOOP_IS_SERVICING_THE_MAIN_DISPATCH_QUEUE__ + 12\n\t18  CoreFoundation                      0x0000000180455180 __CFRunLoopRun + 1884\n\t19  CoreFoundation                      0x000000018044fdbc _CFRunLoopRunSpecificWithOptions + 496\n\t20  GraphicsServices                    0x0000000192b809bc GSEventRunModal + 116\n\t21  UIKitCore                           0x000000018640a204 -[UIApplication _run] + 772\n\t22  DetoxSync                           0x0000000102a62f38 __detox_sync_UIApplication_run + 80\n\t23  UIKitCore                           0x000000018640e42c UIApplicationMain + 124\n\t24  UIKitCore                           0x000000018563f6b8 block_destroy_helper.15 + 5152\n\t25  YourSofia                           0x0000000100848104 main + 116\n\t26  dyld                                0x00000001025993d0 start_sim + 20\n\t27  ???                                 0x00000001027bbe00 0x0 + 4336631296\n)","queueName":"com.apple.main-thread","threadNumber":1}}
   
11:25:02.195 detox[98038] i app exited session b696999b-8268-abe6-78e6-f1407dbc7682
11:25:02.195 detox[98038] i send
  data: {
    "type": "appDisconnected"
  }
11:25:02.196 detox[98038] E connection :61878<->:61931
11:25:02.198 detox[98044] i get message
  data: {"type":"appDisconnected"}
   
11:25:02.199 detox[98044] E launchApp
  error: The pending request #-1000 ("isReady") has been rejected due to the following error:
  
  The app has crashed, see the details below:
  
  Expo/ExpoAppDelegate.swift:31: Fatal error: recreateRootView: Missing factory in ExpoAppDelegate
  (
  	0   Detox                               0x0000000102c4e58c +[NSThread(DetoxUtils) dtx_demangledCallStackSymbols] + 36
  	1   Detox                               0x0000000102c51fd4 __DTXHandleCrash + 668
  	2   Detox                               0x0000000102c52464 __dtx_asl_log + 404
  	3   libswiftCore.dylib                  0x0000000197771458 swift_reportError + 80
  	4   libswiftCore.dylib                  0x0000000197834164 _swift_stdlib_reportFatalErrorInFile + 120
  	5   libswiftCore.dylib                  0x000000019785d0c8 closure #1 (Swift.UnsafeBufferPointer<Swift.UInt8>) -> () in Swift._assertionFailure(_: Swift.StaticString, _: Swift.String, file: Swift.StaticString, line: Swift.UInt, flags: Swift.UInt32) -> Swift.Never + 344
  	6   libswiftCore.dylib                  0x000000019785c2d4 Swift._assertionFailure(_: Swift.StaticString, _: Swift.String, file: Swift.StaticString, line: Swift.UInt, flags: Swift.UInt32) -> Swift.Never + 156
  	7   YourSofia                           0x0000000100917278 Expo.ExpoAppDelegate.recreateRootView(withBundleURL: Swift.Optional<Foundation.URL>, moduleName: Swift.Optional<Swift.String>, initialProps: Swift.Optional<Swift.Dictionary<Swift.AnyHashable, Any>>, launchOptions: Swift.Optional<Swift.Dictionary<Swift.AnyHashable, Any>>) -> __C.UIView + 1484
  	8   YourSofia                           0x00000001008ae944 recreateRootView #1 (withBundleURL: Swift.Optional<Foundation.URL>, moduleName: Swift.Optional<Swift.String>, initialProps: Swift.Optional<Swift.Dictionary<Swift.AnyHashable, Any>>, launchOptions: Swift.Optional<Swift.Dictionary<Swift.AnyHashable, Any>>) -> __C.UIView in EXUpdates.ExpoUpdatesReactDelegateHandler.appController(_: EXUpdates.AppControllerInterface, didStartWithSuccess: Swift.Bool) -> () + 200
  	9   YourSofia                           0x00000001008af35c function signature specialization <Arg[0] = Dead, Arg[1] = Dead> of EXUpdates.ExpoUpdatesReactDelegateHandler.appController(_: EXUpdates.AppControllerInterface, didStartWithSuccess: Swift.Bool) -> () + 292
  	10  YourSofia                           0x00000001008aeba4 @objc EXUpdates.ExpoUpdatesReactDelegateHandler.appController(_: EXUpdates.AppControllerInterface, didStartWithSuccess: Swift.Bool) -> () + 44
  	11  YourSofia                           0x00000001008a675c closure #1 @Swift.MainActor () -> () in closure #1 (EXUpdates.AppControllerDelegate) -> Swift.Optional<()> in EXUpdates.EnabledAppController.startupProcedureDidLaunch(EXUpdates.StartupProcedure) -> () + 996
  	12  YourSofia                           0x0000000100865a90 reabstraction thunk helper from @escaping @callee_guaranteed @Sendable () -> () to @escaping @callee_unowned @convention(block) @Sendable () -> () + 28
  	13  DetoxSync                           0x0000000102a5c79c ____detox_sync_dispatch_wrapper_block_invoke + 44
  	14  libdispatch.dylib                   0x00000001801c07a8 _dispatch_call_block_and_release + 24
  	15  libdispatch.dylib                   0x00000001801db4b0 _dispatch_client_callout + 12
  	16  libdispatch.dylib                   0x00000001801f74a0 _dispatch_main_queue_drain.cold.7 + 24
  	17  libdispatch.dylib                   0x00000001801d031c _dispatch_main_queue_drain + 1184
  	18  libdispatch.dylib                   0x00000001801cfe6c _dispatch_main_queue_callback_4CF + 40
  	19  CoreFoundation                      0x0000000180455fa8 __CFRUNLOOP_IS_SERVICING_THE_MAIN_DISPATCH_QUEUE__ + 12
  	20  CoreFoundation                      0x0000000180455180 __CFRunLoopRun + 1884
  	21  CoreFoundation                      0x000000018044fdbc _CFRunLoopRunSpecificWithOptions + 496
  	22  GraphicsServices                    0x0000000192b809bc GSEventRunModal + 116
  	23  UIKitCore                           0x000000018640a204 -[UIApplication _run] + 772
  	24  DetoxSync                           0x0000000102a62f38 __detox_sync_UIApplication_run + 80
  	25  UIKitCore                           0x000000018640e42c UIApplicationMain + 124
  	26  UIKitCore                           0x000000018563f6b8 block_destroy_helper.15 + 5152
  	27  YourSofia                           0x0000000100848104 main + 116
  	28  dyld                                0x00000001025993d0 start_sim + 20
  	29  ???                                 0x00000001027bbe00 0x0 + 4336631296
  )
11:25:02.201 detox[98044] B onHookFailure
  args: ({"error":{"name":"DetoxRuntimeError"},"hook":"beforeAll"})
11:25:02.201 detox[98044] i starting SimulatorScreenshot
11:25:02.202 detox[98044] i /usr/bin/xcrun simctl io 4EC5F74C-5A9C-4D89-8E44-374310E684AE screenshot "/private/var/folders/s6/yd_zk8tj44q3s0_kpq1gwzqc0000gn/T/detox-98044-DOStKt.detox.png"
11:25:02.517 detox[98044] i Detected file type from extension: PNG
Note: No display specified. Defaulting to display: 3F938521-7DF9-46F3-A18C-510BED4490D7 (screenID: 1, name: LCD)
Wrote screenshot to: /private/var/folders/s6/yd_zk8tj44q3s0_kpq1gwzqc0000gn/T/detox-98044-DOStKt.detox.png

11:25:02.518 detox[98044] i stopping SimulatorScreenshot
11:25:02.518 detox[98044] E onHookFailure
11:25:02.518 detox[98044] E beforeAll
  error: The pending request #-1000 ("isReady") has been rejected due to the following error:
  
  The app has crashed, see the details below:
  
  Expo/ExpoAppDelegate.swift:31: Fatal error: recreateRootView: Missing factory in ExpoAppDelegate
  (
  	0   Detox                               0x0000000102c4e58c +[NSThread(DetoxUtils) dtx_demangledCallStackSymbols] + 36
  	1   Detox                               0x0000000102c51fd4 __DTXHandleCrash + 668
  	2   Detox                               0x0000000102c52464 __dtx_asl_log + 404
  	3   libswiftCore.dylib                  0x0000000197771458 swift_reportError + 80
  	4   libswiftCore.dylib                  0x0000000197834164 _swift_stdlib_reportFatalErrorInFile + 120
  	5   libswiftCore.dylib                  0x000000019785d0c8 closure #1 (Swift.UnsafeBufferPointer<Swift.UInt8>) -> () in Swift._assertionFailure(_: Swift.StaticString, _: Swift.String, file: Swift.StaticString, line: Swift.UInt, flags: Swift.UInt32) -> Swift.Never + 344
  	6   libswiftCore.dylib                  0x000000019785c2d4 Swift._assertionFailure(_: Swift.StaticString, _: Swift.String, file: Swift.StaticString, line: Swift.UInt, flags: Swift.UInt32) -> Swift.Never + 156
  	7   YourSofia                           0x0000000100917278 Expo.ExpoAppDelegate.recreateRootView(withBundleURL: Swift.Optional<Foundation.URL>, moduleName: Swift.Optional<Swift.String>, initialProps: Swift.Optional<Swift.Dictionary<Swift.AnyHashable, Any>>, launchOptions: Swift.Optional<Swift.Dictionary<Swift.AnyHashable, Any>>) -> __C.UIView + 1484
  	8   YourSofia                           0x00000001008ae944 recreateRootView #1 (withBundleURL: Swift.Optional<Foundation.URL>, moduleName: Swift.Optional<Swift.String>, initialProps: Swift.Optional<Swift.Dictionary<Swift.AnyHashable, Any>>, launchOptions: Swift.Optional<Swift.Dictionary<Swift.AnyHashable, Any>>) -> __C.UIView in EXUpdates.ExpoUpdatesReactDelegateHandler.appController(_: EXUpdates.AppControllerInterface, didStartWithSuccess: Swift.Bool) -> () + 200
  	9   YourSofia                           0x00000001008af35c function signature specialization <Arg[0] = Dead, Arg[1] = Dead> of EXUpdates.ExpoUpdatesReactDelegateHandler.appController(_: EXUpdates.AppControllerInterface, didStartWithSuccess: Swift.Bool) -> () + 292
  	10  YourSofia                           0x00000001008aeba4 @objc EXUpdates.ExpoUpdatesReactDelegateHandler.appController(_: EXUpdates.AppControllerInterface, didStartWithSuccess: Swift.Bool) -> () + 44
  	11  YourSofia                           0x00000001008a675c closure #1 @Swift.MainActor () -> () in closure #1 (EXUpdates.AppControllerDelegate) -> Swift.Optional<()> in EXUpdates.EnabledAppController.startupProcedureDidLaunch(EXUpdates.StartupProcedure) -> () + 996
  	12  YourSofia                           0x0000000100865a90 reabstraction thunk helper from @escaping @callee_guaranteed @Sendable () -> () to @escaping @callee_unowned @convention(block) @Sendable () -> () + 28
  	13  DetoxSync                           0x0000000102a5c79c ____detox_sync_dispatch_wrapper_block_invoke + 44
  	14  libdispatch.dylib                   0x00000001801c07a8 _dispatch_call_block_and_release + 24
  	15  libdispatch.dylib                   0x00000001801db4b0 _dispatch_client_callout + 12
  	16  libdispatch.dylib                   0x00000001801f74a0 _dispatch_main_queue_drain.cold.7 + 24
  	17  libdispatch.dylib                   0x00000001801d031c _dispatch_main_queue_drain + 1184
  	18  libdispatch.dylib                   0x00000001801cfe6c _dispatch_main_queue_callback_4CF + 40
  	19  CoreFoundation                      0x0000000180455fa8 __CFRUNLOOP_IS_SERVICING_THE_MAIN_DISPATCH_QUEUE__ + 12
  	20  CoreFoundation                      0x0000000180455180 __CFRunLoopRun + 1884
  	21  CoreFoundation                      0x000000018044fdbc _CFRunLoopRunSpecificWithOptions + 496
  	22  GraphicsServices                    0x0000000192b809bc GSEventRunModal + 116
  	23  UIKitCore                           0x000000018640a204 -[UIApplication _run] + 772
  	24  DetoxSync                           0x0000000102a62f38 __detox_sync_UIApplication_run + 80
  	25  UIKitCore                           0x000000018640e42c UIApplicationMain + 124
  	26  UIKitCore                           0x000000018563f6b8 block_destroy_helper.15 + 5152
  	27  YourSofia                           0x0000000100848104 main + 116
  	28  dyld                                0x00000001025993d0 start_sim + 20
  	29  ???                                 0x00000001027bbe00 0x0 + 4336631296
  )
11:25:02.518 detox[98044] B navigates from the profile tab to the login screen
11:25:02.518 detox[98044] i Login screen: navigates from the profile tab to the login screen
11:25:02.520 detox[98044] E navigates from the profile tab to the login screen
11:25:02.520 detox[98044] i Login screen: navigates from the profile tab to the login screen [FAIL]
11:25:02.521 detox[98044] B shows a validation alert when submitting the form empty
11:25:02.521 detox[98044] i Login screen: shows a validation alert when submitting the form empty
11:25:02.521 detox[98044] E shows a validation alert when submitting the form empty
11:25:02.521 detox[98044] i Login screen: shows a validation alert when submitting the form empty [FAIL]
11:25:02.522 detox[98044] B onRunDescribeFinish
  args: ({"name":"Login screen"})
11:25:02.522 detox[98044] E onRunDescribeFinish
11:25:02.522 detox[98044] E Login screen
11:25:02.522 detox[98044] B onRunDescribeFinish
  args: ({"name":"ROOT_DESCRIBE_BLOCK"})
11:25:02.523 detox[98044] E onRunDescribeFinish
11:25:02.523 detox[98044] E run the tests
11:25:02.541 detox[98044] B tear down environment
11:25:02.542 detox[98044] B onBeforeCleanup
  args: ()
11:25:02.543 detox[98044] i saving SimulatorScreenshot to: .artifacts/ios.sim.release.2026-08-17 08-24-28Z/beforeAllFailure.png
11:25:02.543 detox[98044] i moving "/private/var/folders/s6/yd_zk8tj44q3s0_kpq1gwzqc0000gn/T/detox-98044-DOStKt.detox.png" to .artifacts/ios.sim.release.2026-08-17 08-24-28Z/beforeAllFailure.png
11:25:02.545 detox[98044] i saving SimulatorLogRecording to: .artifacts/ios.sim.release.2026-08-17 08-24-28Z/4EC5F74C-5A9C-4D89-8E44-374310E684AE 2026-08-17 08-25-02Z.startup.log
11:25:02.545 detox[98044] i stopping SimulatorLogRecording
11:25:02.597 detox[98044] i sending SIGINT to: /usr/bin/xcrun simctl spawn 4EC5F74C-5A9C-4D89-8E44-374310E684AE log stream --level debug --style compact --predicate processImagePath beginsWith "/Users/valentinasenov/Library/Developer/CoreSimulator/Devices/4EC5F74C-5A9C-4D89-8E44-374310E684AE/data/Containers/Bundle/Application/31087BF4-D319-4611-A136-08A015F59238/YourSofia.app"
11:25:02.610 detox[98044] i /usr/bin/xcrun simctl spawn 4EC5F74C-5A9C-4D89-8E44-374310E684AE log stream --level debug --style compact --predicate "processImagePath beginsWith \"/Users/valentinasenov/Library/Developer/CoreSimulator/Devices/4EC5F74C-5A9C-4D89-8E44-374310E684AE/data/Containers/Bundle/Application/31087BF4-D319-4611-A136-08A015F59238/YourSofia.app\"" exited with code #0
11:25:02.610 detox[98044] i moving "/private/var/folders/s6/yd_zk8tj44q3s0_kpq1gwzqc0000gn/T/detox-98044-A3Qm52.detox.log" to .artifacts/ios.sim.release.2026-08-17 08-24-28Z/4EC5F74C-5A9C-4D89-8E44-374310E684AE 2026-08-17 08-25-02Z.startup.log
11:25:02.612 detox[98044] i saving FileArtifact to: .artifacts/ios.sim.release.2026-08-17 08-24-28Z/detox_pid_98044.json.log { append: true }
11:25:02.612 detox[98044] i saving FileArtifact to: .artifacts/ios.sim.release.2026-08-17 08-24-28Z/detox_pid_98044.log { append: true }
11:25:02.612 detox[98044] E onBeforeCleanup
11:25:02.613 detox[98038] i tester exited session b696999b-8268-abe6-78e6-f1407dbc7682
11:25:02.613 detox[98038] E connection :61878<->:61879
11:25:02.614 detox[98044] i dispatching event to  primary-98038 /tmp/detox.primary-98038  :  deallocateDevice , {
  deviceCookie: {
    id: '4EC5F74C-5A9C-4D89-8E44-374310E684AE',
    udid: '4EC5F74C-5A9C-4D89-8E44-374310E684AE',
    type: 'ios.simulator'
  }
}
11:25:02.615 detox[98038] i received event of :  deallocateDevice {
  deviceCookie: {
    id: '4EC5F74C-5A9C-4D89-8E44-374310E684AE',
    udid: '4EC5F74C-5A9C-4D89-8E44-374310E684AE',
    type: 'ios.simulator'
  }
}
11:25:02.615 detox[98038] B free: 4EC5F74C-5A9C-4D89-8E44-374310E684AE
  data: {}
11:25:02.617 detox[98038] E free: 4EC5F74C-5A9C-4D89-8E44-374310E684AE
11:25:02.617 detox[98038] i dispatching event to socket  :  deallocateDeviceDone {}
11:25:02.617 detox[98044] i ## received events ##
11:25:02.617 detox[98044] i detected event deallocateDeviceDone {}
11:25:02.617 detox[98044] E tear down environment
11:25:02.618 detox[98044] E e2e/login.e2e.js
11:25:02.624 detox[98038] i received event of :  reportTestResults {
  testResults: [
    {
      success: false,
      testFilePath: '/Users/valentinasenov/your-sofia/your-sofia-mobile/e2e/login.e2e.js',
      isPermanentFailure: false
    }
  ]
}
11:25:02.624 detox[98038] i dispatching event to socket  :  reportTestResultsDone {
  testResults: [
    {
      success: false,
      testFilePath: '/Users/valentinasenov/your-sofia/your-sofia-mobile/e2e/login.e2e.js',
      isPermanentFailure: false
    }
  ]
}
11:25:02.624 detox[98038] i broadcasting event to all known sockets listening to  /tmp/detox.primary-98038  :   sessionStateUpdate {
  testResults: [
    {
      success: false,
      testFilePath: '/Users/valentinasenov/your-sofia/your-sofia-mobile/e2e/login.e2e.js',
      isPermanentFailure: false
    }
  ]
}
11:25:02.624 detox[98044] i dispatching event to  primary-98038 /tmp/detox.primary-98038  :  reportTestResults , {
  testResults: [
    {
      success: false,
      testFilePath: '/Users/valentinasenov/your-sofia/your-sofia-mobile/e2e/login.e2e.js',
      testExecError: undefined,
      isPermanentFailure: false
    }
  ]
}
11:25:02.625 detox[98044] i ## received events ##
11:25:02.627 detox[98038] i socket disconnected secondary-98044
11:25:02.639 detox[98038] E Command failed with exit code = 1:
jest --config e2e/jest.config.js
11:25:02.647 detox[98038] B cleanup
  args: ()
11:25:02.648 detox[98038] i /usr/bin/xcrun simctl shutdown 4EC5F74C-5A9C-4D89-8E44-374310E684AE
11:25:02.648 detox[98038] i Shutting down 4EC5F74C-5A9C-4D89-8E44-374310E684AE...
11:25:05.947 detox[98038] i 4EC5F74C-5A9C-4D89-8E44-374310E684AE shut down
11:25:05.948 detox[98038] E cleanup
11:25:05.949 detox[98038] i Detox server has been closed gracefully
11:25:05.951 detox[98038] E node_modules/detox/local-cli/cli.js test --configuration ios.sim.release --cleanup
