10:54:45.621 detox[82764] [90mB[39m node_modules/detox/local-cli/cli.js test --configuration ios.sim.release --cleanup
  data: {
    "id": "bb18649e-683a-ad74-9d93-1d4c1c0423aa",
    "detoxConfig": {
      "configurationName": "ios.sim.release",
      "apps": {
        "default": {
          "type": "ios.app",
          "binaryPath": "ios/build/Build/Products/Release-iphonesimulator/YourSofia.app",
          "build": "xcodebuild -workspace ios/YourSofia.xcworkspace -scheme YourSofia -configuration Release -sdk iphonesimulator -derivedDataPath ios/build -destination 'generic/platform=iOS Simulator'"
        }
      },
      "artifacts": {
        "rootDir": ".artifacts/ios.sim.release.2026-08-17 07-54-45Z",
        "plugins": {
          "log": {
            "enabled": true,
            "keepOnlyFailedTestsArtifacts": true
          },
          "screenshot": {
            "enabled": true,
            "shouldTakeAutomaticSnapshots": true,
            "keepOnlyFailedTestsArtifacts": true
          },
          "video": {
            "enabled": false,
            "keepOnlyFailedTestsArtifacts": false
          },
          "instruments": {
            "enabled": false,
            "keepOnlyFailedTestsArtifacts": false
          },
          "uiHierarchy": {
            "enabled": false,
            "keepOnlyFailedTestsArtifacts": false
          }
        }
      },
      "behavior": {
        "init": {
          "keepLockFile": false,
          "reinstallApp": true,
          "exposeGlobals": true
        },
        "cleanup": {
          "shutdownDevice": true
        },
        "launchApp": "auto"
      },
      "cli": {
        "cleanup": true,
        "configuration": "ios.sim.release",
        "start": true
      },
      "commands": [
        {
          "appName": "default",
          "build": "xcodebuild -workspace ios/YourSofia.xcworkspace -scheme YourSofia -configuration Release -sdk iphonesimulator -derivedDataPath ios/build -destination 'generic/platform=iOS Simulator'"
        }
      ],
      "device": {
        "type": "ios.simulator",
        "device": {
          "type": "iPhone 16e"
        }
      },
      "logger": {
        "level": "info",
        "overrideConsole": true,
        "options": {
          "showLoggerName": true,
          "showPid": true,
          "showLevel": false,
          "showMetadata": false,
          "basepath": "/Users/valentinasenov/your-sofia/your-sofia-mobile/node_modules/.pnpm/detox@20.51.4_patch_hash=243f4fb1396d0ba4204110e1fb380dce0954c69273b7351999aba1f3d2eca5_91662811f4238f93586f4790222322c3/node_modules/detox/src",
          "prefixers": {},
          "stringifiers": {}
        }
      },
      "testRunner": {
        "retries": 0,
        "forwardEnv": false,
        "detached": false,
        "bail": false,
        "noRetryArgs": [
          "shard"
        ],
        "jest": {
          "setupTimeout": 120000,
          "teardownTimeout": 30000,
          "retryAfterCircusRetries": false,
          "reportWorkerAssign": true
        },
        "args": {
          "$0": "jest",
          "_": [],
          "config": "e2e/jest.config.js",
          "--": []
        }
      },
      "session": {
        "autoStart": true,
        "debugSynchronization": 10000
      }
    },
    "detoxIPCServer": "primary-82764",
    "testResults": [],
    "testSessionIndex": 0,
    "workersCount": 0
  }
10:54:45.626 detox[82764] [90mi[39m Server path not specified, so defaulting to ipc.config.socketRoot + ipc.config.appspace + ipc.config.id /tmp/detox.primary-82764
10:54:45.627 detox[82764] [90mi[39m starting server on  /tmp/detox.primary-82764 
10:54:45.627 detox[82764] [90mi[39m starting TLS server false
10:54:45.627 detox[82764] [90mi[39m starting server as Unix || Windows Socket
10:54:45.628 detox[82764] [90mi[39m Detox server listening on localhost:61705...
10:54:45.630 detox[82764] [90mi[39m Serialized the session state at: /private/var/folders/s6/yd_zk8tj44q3s0_kpq1gwzqc0000gn/T/bb18649e-683a-ad74-9d93-1d4c1c0423aa.detox.json
10:54:45.630 detox[82764] [90mB[39m jest --config e2e/jest.config.js
10:54:45.632 detox[82764] [90mi[39m (node:82764) [DEP0190] DeprecationWarning: Passing args to a child process with shell option true can lead to security vulnerabilities, as the arguments are not escaped, only concatenated.
(Use `node --trace-deprecation ...` to show where the warning was created)
10:54:46.149 detox[82770] [90mi[39m Service path not specified, so defaulting to ipc.config.socketRoot + ipc.config.appspace + id 
10:54:46.149 detox[82770] [90mi[39m requested connection to  primary-82764 /tmp/detox.primary-82764
10:54:46.149 detox[82770] [90mi[39m Connecting client on Unix Socket : /tmp/detox.primary-82764
10:54:46.150 detox[82764] [90mi[39m ## socket connection to server detected ##
10:54:46.151 detox[82770] [90mi[39m retrying reset
10:54:46.152 detox[82770] [90mi[39m dispatching event to  primary-82764 /tmp/detox.primary-82764  :  registerContext , { id: 'secondary-82770' }
10:54:46.153 detox[82764] [90mi[39m received event of :  registerContext { id: 'secondary-82770' }
10:54:46.153 detox[82764] [90mi[39m dispatching event to socket  :  registerContextDone {
  testResults: [],
  testSessionIndex: 0,
  unsafe_earlyTeardown: undefined
}
10:54:46.153 detox[82770] [90mi[39m ## received events ##
10:54:46.153 detox[82770] [90mi[39m detected event registerContextDone { testResults: [], testSessionIndex: 0 }
10:54:46.228 detox[82770] [90mB[39m e2e/login.e2e.js
10:54:46.238 detox[82770] [90mB[39m set up environment
10:54:46.238 detox[82770] [90mi[39m dispatching event to  primary-82764 /tmp/detox.primary-82764  :  registerWorker , { workerId: 'w1' }
10:54:46.239 detox[82764] [90mi[39m received event of :  registerWorker { workerId: 'w1' }
10:54:46.239 detox[82764] [90mi[39m dispatching event to socket  :  registerWorkerDone { workersCount: 1 }
10:54:46.239 detox[82764] [90mi[39m broadcasting event to all known sockets listening to  /tmp/detox.primary-82764  :   sessionStateUpdate { workersCount: 1 }
10:54:46.239 detox[82770] [90mi[39m ## received events ##
10:54:46.239 detox[82770] [90mi[39m detected event registerWorkerDone { workersCount: 1 }
10:54:46.344 detox[82770] [90mi[39m ## received events ##
10:54:46.345 detox[82770] [90mi[39m detected event sessionStateUpdate { workersCount: 1 }
10:54:46.348 detox[82764] [90mB[39m connection :61705<->:61706
10:54:46.349 detox[82770] [90mi[39m opened web socket to: ws://localhost:61705
10:54:46.349 detox[82770] [90mi[39m send message
  data: {"type":"login","params":{"sessionId":"68ee4c49-31ee-fd25-9a42-5b99c229115e","role":"tester"},"messageId":0}
10:54:46.351 detox[82764] [90mi[39m get
  data: {"type":"login","params":{"sessionId":"68ee4c49-31ee-fd25-9a42-5b99c229115e","role":"tester"},"messageId":0}
10:54:46.351 detox[82764] [90mi[39m created session 68ee4c49-31ee-fd25-9a42-5b99c229115e
10:54:46.351 detox[82764] [90mi[39m send
  data: {
    "type": "loginSuccess",
    "params": {
      "testerConnected": true,
      "appConnected": false
    },
    "messageId": 0
  }
10:54:46.351 detox[82764] [90mi[39m tester joined session 68ee4c49-31ee-fd25-9a42-5b99c229115e
10:54:46.352 detox[82770] [90mi[39m get message
  data: {"type":"loginSuccess","params":{"testerConnected":true,"appConnected":false},"messageId":0}
   
10:54:46.542 detox[82770] [90mi[39m dispatching event to  primary-82764 /tmp/detox.primary-82764  :  allocateDevice , {
  deviceConfig: { type: 'ios.simulator', device: { type: 'iPhone 16e' } }
}
10:54:46.543 detox[82764] [90mi[39m received event of :  allocateDevice {
  deviceConfig: { type: 'ios.simulator', device: { type: 'iPhone 16e' } }
}
10:54:46.545 detox[82764] [90mB[39m init
  args: ()
10:54:46.546 detox[82764] [90mE[39m init
10:54:46.547 detox[82764] [90mB[39m allocate
  data: {
    "type": "ios.simulator",
    "device": {
      "type": "iPhone 16e"
    }
  }
10:54:46.559 detox[82764] [90mi[39m applesimutils --list --byType "iPhone 16e" --fields udid,name,deviceType,os,identifier
10:54:46.559 detox[82764] [90mi[39m Searching for device by type = "iPhone 16e" ...
10:54:46.835 detox[82764] [90mi[39m [
  {
    "os" : {
      "name" : "iOS 26.3",
      "identifier" : "com.apple.CoreSimulator.SimRuntime.iOS-26-3"
    },
    "name" : "iPhone 16e",
    "udid" : "4EC5F74C-5A9C-4D89-8E44-374310E684AE",
    "deviceType" : {
      "name" : "iPhone 16e",
      "identifier" : "com.apple.CoreSimulator.SimDeviceType.iPhone-16e"
    }
  }
]

10:54:46.835 detox[82764] [90mi[39m settled on 4EC5F74C-5A9C-4D89-8E44-374310E684AE
  data: {
    "id": "4EC5F74C-5A9C-4D89-8E44-374310E684AE",
    "udid": "4EC5F74C-5A9C-4D89-8E44-374310E684AE"
  }
10:54:46.835 detox[82764] [90mE[39m allocate
10:54:46.835 detox[82764] [90mB[39m post-allocate: 4EC5F74C-5A9C-4D89-8E44-374310E684AE
  data: {
    "id": "4EC5F74C-5A9C-4D89-8E44-374310E684AE",
    "udid": "4EC5F74C-5A9C-4D89-8E44-374310E684AE"
  }
10:54:46.835 detox[82764] [90mi[39m applesimutils --list --byId 4EC5F74C-5A9C-4D89-8E44-374310E684AE --maxResults 1 --fields udid,os,version,state
10:54:46.924 detox[82764] [90mi[39m [
  {
    "state" : "Booted",
    "os" : {
      "version" : "26.3.1"
    },
    "udid" : "4EC5F74C-5A9C-4D89-8E44-374310E684AE"
  }
]

10:54:46.925 detox[82764] [90mE[39m post-allocate: 4EC5F74C-5A9C-4D89-8E44-374310E684AE
10:54:46.925 detox[82764] [90mi[39m dispatching event to socket  :  allocateDeviceDone {
  deviceCookie: {
    id: '4EC5F74C-5A9C-4D89-8E44-374310E684AE',
    udid: '4EC5F74C-5A9C-4D89-8E44-374310E684AE',
    type: 'ios.simulator',
    bootArgs: undefined,
    headless: undefined
  }
}
10:54:46.925 detox[82770] [90mi[39m ## received events ##
10:54:46.925 detox[82770] [90mi[39m detected event allocateDeviceDone {
  deviceCookie: {
    id: '4EC5F74C-5A9C-4D89-8E44-374310E684AE',
    udid: '4EC5F74C-5A9C-4D89-8E44-374310E684AE',
    type: 'ios.simulator'
  }
}
10:54:46.933 detox[82770] [90mB[39m onBootDevice
  args: ({"deviceId":"4EC5F74C-5A9C-4D89-8E44-374310E684AE"})
10:54:46.933 detox[82770] [90mE[39m onBootDevice
10:54:46.934 detox[82770] [90mB[39m installUtilBinaries
  args: ()
10:54:46.934 detox[82770] [90mE[39m installUtilBinaries
10:54:46.934 detox[82770] [90mB[39m selectApp
  args: ("default")
10:54:46.939 detox[82770] [90mE[39m selectApp
  error: field CFBundleIdentifier not found inside Info.plist of app binary at /Users/valentinasenov/your-sofia/your-sofia-mobile/ios/build/Build/Products/Release-iphonesimulator/YourSofia.app
10:54:46.939 detox[82770] [90mE[39m set up environment
  error: field CFBundleIdentifier not found inside Info.plist of app binary at /Users/valentinasenov/your-sofia/your-sofia-mobile/ios/build/Build/Products/Release-iphonesimulator/YourSofia.app
10:54:46.940 detox[82770] [90mB[39m tear down environment
10:54:46.940 detox[82770] [90mB[39m onBeforeCleanup
  args: ()
10:54:46.940 detox[82770] [90mE[39m onBeforeCleanup
10:54:46.941 detox[82764] [90mi[39m tester exited session 68ee4c49-31ee-fd25-9a42-5b99c229115e
10:54:46.941 detox[82764] [90mE[39m connection :61705<->:61706
10:54:46.941 detox[82764] [90mi[39m received event of :  deallocateDevice {
  deviceCookie: {
    id: '4EC5F74C-5A9C-4D89-8E44-374310E684AE',
    udid: '4EC5F74C-5A9C-4D89-8E44-374310E684AE',
    type: 'ios.simulator'
  }
}
10:54:46.941 detox[82764] [90mB[39m free: 4EC5F74C-5A9C-4D89-8E44-374310E684AE
  data: {}
10:54:46.941 detox[82770] [90mi[39m dispatching event to  primary-82764 /tmp/detox.primary-82764  :  deallocateDevice , {
  deviceCookie: {
    id: '4EC5F74C-5A9C-4D89-8E44-374310E684AE',
    udid: '4EC5F74C-5A9C-4D89-8E44-374310E684AE',
    type: 'ios.simulator'
  }
}
10:54:46.942 detox[82764] [90mE[39m free: 4EC5F74C-5A9C-4D89-8E44-374310E684AE
10:54:46.942 detox[82764] [90mi[39m dispatching event to socket  :  deallocateDeviceDone {}
10:54:46.942 detox[82770] [90mi[39m ## received events ##
10:54:46.942 detox[82770] [90mi[39m detected event deallocateDeviceDone {}
10:54:46.942 detox[82770] [90mE[39m tear down environment
10:54:46.942 detox[82770] [90mE[39m e2e/login.e2e.js
10:54:46.950 detox[82764] [90mi[39m received event of :  reportTestResults {
  testResults: [
    {
      success: false,
      testFilePath: '/Users/valentinasenov/your-sofia/your-sofia-mobile/e2e/login.e2e.js',
      testExecError: {
        name: 'DetoxRuntimeError',
        message: 'field CFBundleIdentifier not found inside Info.plist of app binary at /Users/valentinasenov/your-sofia/your-sofia-mobile/ios/build/Build/Products/Release-iphonesimulator/YourSofia.app',
        stack: 'field CFBundleIdentifier not found inside Info.plist of app binary at /Users/valentinasenov/your-sofia/your-sofia-mobile/ios/build/Build/Products/Release-iphonesimulator/YourSofia.app\n' +
          '    at _reinstallAppsOnDevice.next (<anonymous>)\n' +
          '    at getNextResult (/Users/valentinasenov/your-sofia/your-sofia-mobile/node_modules/.pnpm/caf@15.0.1/node_modules/caf/src/caf.js:253:25)\n' +
          '    at DetoxWorker.runner (/Users/valentinasenov/your-sofia/your-sofia-mobile/node_modules/.pnpm/caf@15.0.1/node_modules/caf/src/caf.js:293:5)\n' +
          '    at DetoxWorker.instance [as _reinstallAppsOnDevice] (/Users/valentinasenov/your-sofia/your-sofia-mobile/node_modules/.pnpm/caf@15.0.1/node_modules/caf/src/caf.js:63:32)\n' +
          '    at init.next (<anonymous>)\n' +
          '    at getNextResult (/Users/valentinasenov/your-sofia/your-sofia-mobile/node_modules/.pnpm/caf@15.0.1/node_modules/caf/src/caf.js:253:25)\n' +
          '    at processTicksAndRejections (node:internal/process/task_queues:104:5)'
      },
      isPermanentFailure: false
    }
  ]
}
10:54:46.950 detox[82764] [90mi[39m dispatching event to socket  :  reportTestResultsDone {
  testResults: [
    {
      success: false,
      testFilePath: '/Users/valentinasenov/your-sofia/your-sofia-mobile/e2e/login.e2e.js',
      testExecError: {
        name: 'DetoxRuntimeError',
        message: 'field CFBundleIdentifier not found inside Info.plist of app binary at /Users/valentinasenov/your-sofia/your-sofia-mobile/ios/build/Build/Products/Release-iphonesimulator/YourSofia.app',
        stack: 'field CFBundleIdentifier not found inside Info.plist of app binary at /Users/valentinasenov/your-sofia/your-sofia-mobile/ios/build/Build/Products/Release-iphonesimulator/YourSofia.app\n' +
          '    at _reinstallAppsOnDevice.next (<anonymous>)\n' +
          '    at getNextResult (/Users/valentinasenov/your-sofia/your-sofia-mobile/node_modules/.pnpm/caf@15.0.1/node_modules/caf/src/caf.js:253:25)\n' +
          '    at DetoxWorker.runner (/Users/valentinasenov/your-sofia/your-sofia-mobile/node_modules/.pnpm/caf@15.0.1/node_modules/caf/src/caf.js:293:5)\n' +
          '    at DetoxWorker.instance [as _reinstallAppsOnDevice] (/Users/valentinasenov/your-sofia/your-sofia-mobile/node_modules/.pnpm/caf@15.0.1/node_modules/caf/src/caf.js:63:32)\n' +
          '    at init.next (<anonymous>)\n' +
          '    at getNextResult (/Users/valentinasenov/your-sofia/your-sofia-mobile/node_modules/.pnpm/caf@15.0.1/node_modules/caf/src/caf.js:253:25)\n' +
          '    at processTicksAndRejections (node:internal/process/task_queues:104:5)'
      },
      isPermanentFailure: false
    }
  ]
}
10:54:46.950 detox[82764] [90mi[39m broadcasting event to all known sockets listening to  /tmp/detox.primary-82764  :   sessionStateUpdate {
  testResults: [
    {
      success: false,
      testFilePath: '/Users/valentinasenov/your-sofia/your-sofia-mobile/e2e/login.e2e.js',
      testExecError: {
        name: 'DetoxRuntimeError',
        message: 'field CFBundleIdentifier not found inside Info.plist of app binary at /Users/valentinasenov/your-sofia/your-sofia-mobile/ios/build/Build/Products/Release-iphonesimulator/YourSofia.app',
        stack: 'field CFBundleIdentifier not found inside Info.plist of app binary at /Users/valentinasenov/your-sofia/your-sofia-mobile/ios/build/Build/Products/Release-iphonesimulator/YourSofia.app\n' +
          '    at _reinstallAppsOnDevice.next (<anonymous>)\n' +
          '    at getNextResult (/Users/valentinasenov/your-sofia/your-sofia-mobile/node_modules/.pnpm/caf@15.0.1/node_modules/caf/src/caf.js:253:25)\n' +
          '    at DetoxWorker.runner (/Users/valentinasenov/your-sofia/your-sofia-mobile/node_modules/.pnpm/caf@15.0.1/node_modules/caf/src/caf.js:293:5)\n' +
          '    at DetoxWorker.instance [as _reinstallAppsOnDevice] (/Users/valentinasenov/your-sofia/your-sofia-mobile/node_modules/.pnpm/caf@15.0.1/node_modules/caf/src/caf.js:63:32)\n' +
          '    at init.next (<anonymous>)\n' +
          '    at getNextResult (/Users/valentinasenov/your-sofia/your-sofia-mobile/node_modules/.pnpm/caf@15.0.1/node_modules/caf/src/caf.js:253:25)\n' +
          '    at processTicksAndRejections (node:internal/process/task_queues:104:5)'
      },
      isPermanentFailure: false
    }
  ]
}
10:54:46.950 detox[82770] [90mi[39m dispatching event to  primary-82764 /tmp/detox.primary-82764  :  reportTestResults , {
  testResults: [
    {
      success: false,
      testFilePath: '/Users/valentinasenov/your-sofia/your-sofia-mobile/e2e/login.e2e.js',
      testExecError: {
        name: 'DetoxRuntimeError',
        message: 'field CFBundleIdentifier not found inside Info.plist of app binary at /Users/valentinasenov/your-sofia/your-sofia-mobile/ios/build/Build/Products/Release-iphonesimulator/YourSofia.app',
        stack: 'field CFBundleIdentifier not found inside Info.plist of app binary at /Users/valentinasenov/your-sofia/your-sofia-mobile/ios/build/Build/Products/Release-iphonesimulator/YourSofia.app\n' +
          '    at _reinstallAppsOnDevice.next (<anonymous>)\n' +
          '    at getNextResult (/Users/valentinasenov/your-sofia/your-sofia-mobile/node_modules/.pnpm/caf@15.0.1/node_modules/caf/src/caf.js:253:25)\n' +
          '    at DetoxWorker.runner (/Users/valentinasenov/your-sofia/your-sofia-mobile/node_modules/.pnpm/caf@15.0.1/node_modules/caf/src/caf.js:293:5)\n' +
          '    at DetoxWorker.instance [as _reinstallAppsOnDevice] (/Users/valentinasenov/your-sofia/your-sofia-mobile/node_modules/.pnpm/caf@15.0.1/node_modules/caf/src/caf.js:63:32)\n' +
          '    at init.next (<anonymous>)\n' +
          '    at getNextResult (/Users/valentinasenov/your-sofia/your-sofia-mobile/node_modules/.pnpm/caf@15.0.1/node_modules/caf/src/caf.js:253:25)\n' +
          '    at processTicksAndRejections (node:internal/process/task_queues:104:5)'
      },
      isPermanentFailure: false
    }
  ]
}
10:54:46.950 detox[82770] [90mi[39m ## received events ##
10:54:46.951 detox[82764] [90mi[39m socket disconnected secondary-82770
10:54:46.955 detox[82764] [90mE[39m Command failed with exit code = 1:
jest --config e2e/jest.config.js
10:54:46.956 detox[82764] [90mB[39m cleanup
  args: ()
10:54:46.956 detox[82764] [90mi[39m /usr/bin/xcrun simctl shutdown 4EC5F74C-5A9C-4D89-8E44-374310E684AE
10:54:46.956 detox[82764] [90mi[39m Shutting down 4EC5F74C-5A9C-4D89-8E44-374310E684AE...
10:54:50.111 detox[82764] [90mi[39m 4EC5F74C-5A9C-4D89-8E44-374310E684AE shut down
10:54:50.113 detox[82764] [90mE[39m cleanup
10:54:50.114 detox[82764] [90mi[39m Detox server has been closed gracefully
10:54:50.116 detox[82764] [90mE[39m node_modules/detox/local-cli/cli.js test --configuration ios.sim.release --cleanup
