15:52:23.027 detox[6181] [90mB[39m node_modules/detox/local-cli/cli.js test --configuration ios.sim.release --cleanup
  data: {
    "id": "5d8b89f5-03e3-b5fd-2a91-5af168bb0ccc",
    "detoxConfig": {
      "configurationName": "ios.sim.release",
      "apps": {
        "default": {
          "type": "ios.app",
          "binaryPath": "ios/build/Build/Products/Release-iphonesimulator/YourSofia.app",
          "build": "xcodebuild -workspace ios/YourSofia.xcworkspace -scheme YourSofia -configuration Release -sdk iphonesimulator -derivedDataPath ios/build -destination 'generic/platform=iOS Simulator'"
        }
      },
      "artifacts": {
        "rootDir": ".artifacts/ios.sim.release.2026-08-18 12-52-23Z",
        "plugins": {
          "log": {
            "enabled": true,
            "keepOnlyFailedTestsArtifacts": true
          },
          "screenshot": {
            "enabled": true,
            "shouldTakeAutomaticSnapshots": true,
            "keepOnlyFailedTestsArtifacts": true
          },
          "video": {
            "enabled": false,
            "keepOnlyFailedTestsArtifacts": false
          },
          "instruments": {
            "enabled": false,
            "keepOnlyFailedTestsArtifacts": false
          },
          "uiHierarchy": {
            "enabled": false,
            "keepOnlyFailedTestsArtifacts": false
          }
        }
      },
      "behavior": {
        "init": {
          "keepLockFile": false,
          "reinstallApp": true,
          "exposeGlobals": true
        },
        "cleanup": {
          "shutdownDevice": true
        },
        "launchApp": "auto"
      },
      "cli": {
        "cleanup": true,
        "configuration": "ios.sim.release",
        "start": true
      },
      "commands": [
        {
          "appName": "default",
          "build": "xcodebuild -workspace ios/YourSofia.xcworkspace -scheme YourSofia -configuration Release -sdk iphonesimulator -derivedDataPath ios/build -destination 'generic/platform=iOS Simulator'"
        }
      ],
      "device": {
        "type": "ios.simulator",
        "device": {
          "type": "iPhone 16e"
        }
      },
      "logger": {
        "level": "info",
        "overrideConsole": true,
        "options": {
          "showLoggerName": true,
          "showPid": true,
          "showLevel": false,
          "showMetadata": false,
          "basepath": "/Users/valentinasenov/your-sofia/your-sofia-mobile/node_modules/.pnpm/detox@20.51.4_patch_hash=243f4fb1396d0ba4204110e1fb380dce0954c69273b7351999aba1f3d2eca5_91662811f4238f93586f4790222322c3/node_modules/detox/src",
          "prefixers": {},
          "stringifiers": {}
        }
      },
      "testRunner": {
        "retries": 0,
        "forwardEnv": false,
        "detached": false,
        "bail": false,
        "noRetryArgs": [
          "shard"
        ],
        "jest": {
          "setupTimeout": 120000,
          "teardownTimeout": 30000,
          "retryAfterCircusRetries": false,
          "reportWorkerAssign": true
        },
        "args": {
          "$0": "jest",
          "_": [],
          "config": "e2e/jest.config.js",
          "--": []
        }
      },
      "session": {
        "autoStart": true,
        "debugSynchronization": 10000
      }
    },
    "detoxIPCServer": "primary-6181",
    "testResults": [],
    "testSessionIndex": 0,
    "workersCount": 0
  }
15:52:23.032 detox[6181] [90mi[39m Server path not specified, so defaulting to ipc.config.socketRoot + ipc.config.appspace + ipc.config.id /tmp/detox.primary-6181
15:52:23.032 detox[6181] [90mi[39m starting server on  /tmp/detox.primary-6181 
15:52:23.032 detox[6181] [90mi[39m starting TLS server false
15:52:23.032 detox[6181] [90mi[39m starting server as Unix || Windows Socket
15:52:23.033 detox[6181] [90mi[39m Detox server listening on localhost:63924...
15:52:23.035 detox[6181] [90mi[39m Serialized the session state at: /private/var/folders/s6/yd_zk8tj44q3s0_kpq1gwzqc0000gn/T/5d8b89f5-03e3-b5fd-2a91-5af168bb0ccc.detox.json
15:52:23.036 detox[6181] [90mB[39m jest --config e2e/jest.config.js
15:52:23.037 detox[6181] [90mi[39m (node:6181) [DEP0190] DeprecationWarning: Passing args to a child process with shell option true can lead to security vulnerabilities, as the arguments are not escaped, only concatenated.
(Use `node --trace-deprecation ...` to show where the warning was created)
15:52:24.022 detox[6181] [90mi[39m ## socket connection to server detected ##
15:52:24.022 detox[6187] [90mi[39m Service path not specified, so defaulting to ipc.config.socketRoot + ipc.config.appspace + id 
15:52:24.022 detox[6187] [90mi[39m requested connection to  primary-6181 /tmp/detox.primary-6181
15:52:24.022 detox[6187] [90mi[39m Connecting client on Unix Socket : /tmp/detox.primary-6181
15:52:24.022 detox[6187] [90mi[39m retrying reset
15:52:24.023 detox[6187] [90mi[39m dispatching event to  primary-6181 /tmp/detox.primary-6181  :  registerContext , { id: 'secondary-6187' }
15:52:24.024 detox[6181] [90mi[39m received event of :  registerContext { id: 'secondary-6187' }
15:52:24.024 detox[6181] [90mi[39m dispatching event to socket  :  registerContextDone {
  testResults: [],
  testSessionIndex: 0,
  unsafe_earlyTeardown: undefined
}
15:52:24.024 detox[6187] [90mi[39m ## received events ##
15:52:24.024 detox[6187] [90mi[39m detected event registerContextDone { testResults: [], testSessionIndex: 0 }
15:52:24.093 detox[6187] [90mB[39m e2e/login.e2e.js
15:52:24.103 detox[6181] [90mi[39m received event of :  registerWorker { workerId: 'w1' }
15:52:24.103 detox[6187] [90mB[39m set up environment
15:52:24.103 detox[6187] [90mi[39m dispatching event to  primary-6181 /tmp/detox.primary-6181  :  registerWorker , { workerId: 'w1' }
15:52:24.104 detox[6181] [90mi[39m dispatching event to socket  :  registerWorkerDone { workersCount: 1 }
15:52:24.104 detox[6181] [90mi[39m broadcasting event to all known sockets listening to  /tmp/detox.primary-6181  :   sessionStateUpdate { workersCount: 1 }
15:52:24.104 detox[6187] [90mi[39m ## received events ##
15:52:24.104 detox[6187] [90mi[39m detected event registerWorkerDone { workersCount: 1 }
15:52:24.203 detox[6187] [90mi[39m ## received events ##
15:52:24.203 detox[6187] [90mi[39m detected event sessionStateUpdate { workersCount: 1 }
15:52:24.205 detox[6181] [90mB[39m connection :63924<->:63926
15:52:24.206 detox[6187] [90mi[39m opened web socket to: ws://localhost:63924
15:52:24.206 detox[6187] [90mi[39m send message
  data: {"type":"login","params":{"sessionId":"04bd1b6b-d01a-2969-5306-b820cef5b3ac","role":"tester"},"messageId":0}
15:52:24.208 detox[6181] [90mi[39m get
  data: {"type":"login","params":{"sessionId":"04bd1b6b-d01a-2969-5306-b820cef5b3ac","role":"tester"},"messageId":0}
15:52:24.208 detox[6181] [90mi[39m created session 04bd1b6b-d01a-2969-5306-b820cef5b3ac
15:52:24.209 detox[6181] [90mi[39m send
  data: {
    "type": "loginSuccess",
    "params": {
      "testerConnected": true,
      "appConnected": false
    },
    "messageId": 0
  }
15:52:24.209 detox[6181] [90mi[39m tester joined session 04bd1b6b-d01a-2969-5306-b820cef5b3ac
15:52:24.210 detox[6187] [90mi[39m get message
  data: {"type":"loginSuccess","params":{"testerConnected":true,"appConnected":false},"messageId":0}
   
15:52:24.339 detox[6181] [90mi[39m received event of :  allocateDevice {
  deviceConfig: { type: 'ios.simulator', device: { type: 'iPhone 16e' } }
}
15:52:24.339 detox[6187] [90mi[39m dispatching event to  primary-6181 /tmp/detox.primary-6181  :  allocateDevice , {
  deviceConfig: { type: 'ios.simulator', device: { type: 'iPhone 16e' } }
}
15:52:24.341 detox[6181] [90mB[39m init
  args: ()
15:52:24.343 detox[6181] [90mE[39m init
15:52:24.343 detox[6181] [90mB[39m allocate
  data: {
    "type": "ios.simulator",
    "device": {
      "type": "iPhone 16e"
    }
  }
15:52:24.364 detox[6181] [90mi[39m applesimutils --list --byType "iPhone 16e" --fields udid,name,deviceType,os,identifier
15:52:24.364 detox[6181] [90mi[39m Searching for device by type = "iPhone 16e" ...
15:52:24.772 detox[6181] [90mi[39m [
  {
    "os" : {
      "name" : "iOS 26.3",
      "identifier" : "com.apple.CoreSimulator.SimRuntime.iOS-26-3"
    },
    "name" : "iPhone 16e",
    "udid" : "4EC5F74C-5A9C-4D89-8E44-374310E684AE",
    "deviceType" : {
      "name" : "iPhone 16e",
      "identifier" : "com.apple.CoreSimulator.SimDeviceType.iPhone-16e"
    }
  },
  {
    "os" : {
      "name" : "iOS 26.3",
      "identifier" : "com.apple.CoreSimulator.SimRuntime.iOS-26-3"
    },
    "name" : "iPhone 16e-Detox",
    "udid" : "98FA5BD8-5D12-4B35-9A26-3AEBCADAFC8A",
    "deviceType" : {
      "name" : "iPhone 16e",
      "identifier" : "com.apple.CoreSimulator.SimDeviceType.iPhone-16e"
    }
  }
]

15:52:24.773 detox[6181] [90mi[39m settled on 4EC5F74C-5A9C-4D89-8E44-374310E684AE
  data: {
    "id": "4EC5F74C-5A9C-4D89-8E44-374310E684AE",
    "udid": "4EC5F74C-5A9C-4D89-8E44-374310E684AE"
  }
15:52:24.773 detox[6181] [90mE[39m allocate
15:52:24.773 detox[6181] [90mB[39m post-allocate: 4EC5F74C-5A9C-4D89-8E44-374310E684AE
  data: {
    "id": "4EC5F74C-5A9C-4D89-8E44-374310E684AE",
    "udid": "4EC5F74C-5A9C-4D89-8E44-374310E684AE"
  }
15:52:24.773 detox[6181] [90mi[39m applesimutils --list --byId 4EC5F74C-5A9C-4D89-8E44-374310E684AE --maxResults 1 --fields udid,os,version,state
15:52:24.863 detox[6181] [90mi[39m [
  {
    "state" : "Shutdown",
    "os" : {
      "version" : "26.3.1"
    },
    "udid" : "4EC5F74C-5A9C-4D89-8E44-374310E684AE"
  }
]

15:52:24.863 detox[6181] [90mi[39m /usr/bin/xcrun simctl boot 4EC5F74C-5A9C-4D89-8E44-374310E684AE 
15:52:24.863 detox[6181] [90mi[39m Booting device 4EC5F74C-5A9C-4D89-8E44-374310E684AE...
15:52:25.846 detox[6181] [90mi[39m 
15:52:25.846 detox[6181] [90mi[39m /usr/bin/xcrun simctl bootstatus 4EC5F74C-5A9C-4D89-8E44-374310E684AE
15:52:32.678 detox[6181] [90mi[39m Monitoring boot status for iPhone 16e (4EC5F74C-5A9C-4D89-8E44-374310E684AE).
[2026-08-18 12:52:27 +0000] Status=1, isTerminal=NO, Elapsed=00:01.
	Waiting on BackBoard

[2026-08-18 12:52:27 +0000] Status=4, isTerminal=NO, Elapsed=00:02.
	Waiting on System App

[2026-08-18 12:52:28 +0000] Status=4, isTerminal=NO, Elapsed=00:02.
	Waiting on System App

[2026-08-18 12:52:30 +0000] Status=4, isTerminal=NO, Elapsed=00:05.
	Waiting on System App

[2026-08-18 12:52:32 +0000] Status=4294967295, isTerminal=YES, Elapsed=00:07.
	Finished


15:52:32.678 detox[6181] [90mi[39m open -a Simulator --args -CurrentDeviceUDID 4EC5F74C-5A9C-4D89-8E44-374310E684AE
15:52:32.752 detox[6181] [90mi[39m 
15:52:32.753 detox[6181] [90mE[39m post-allocate: 4EC5F74C-5A9C-4D89-8E44-374310E684AE
15:52:32.753 detox[6181] [90mi[39m dispatching event to socket  :  allocateDeviceDone {
  deviceCookie: {
    id: '4EC5F74C-5A9C-4D89-8E44-374310E684AE',
    udid: '4EC5F74C-5A9C-4D89-8E44-374310E684AE',
    type: 'ios.simulator',
    bootArgs: undefined,
    headless: undefined
  }
}
15:52:32.753 detox[6187] [90mi[39m ## received events ##
15:52:32.754 detox[6187] [90mi[39m detected event allocateDeviceDone {
  deviceCookie: {
    id: '4EC5F74C-5A9C-4D89-8E44-374310E684AE',
    udid: '4EC5F74C-5A9C-4D89-8E44-374310E684AE',
    type: 'ios.simulator'
  }
}
15:52:32.780 detox[6187] [90mB[39m onBootDevice
  args: ({"deviceId":"4EC5F74C-5A9C-4D89-8E44-374310E684AE"})
15:52:32.780 detox[6187] [90mE[39m onBootDevice
15:52:32.781 detox[6187] [90mB[39m installUtilBinaries
  args: ()
15:52:32.781 detox[6187] [90mE[39m installUtilBinaries
15:52:32.783 detox[6187] [90mB[39m selectApp
  args: ("default")
15:52:32.784 detox[6187] [90mE[39m selectApp
  error: Failed to find the app binary at:
  /Users/valentinasenov/your-sofia/your-sofia-mobile/ios/build/Build/Products/Release-iphonesimulator/YourSofia.app
  
  HINT: Make sure that:
  1. You built the app before running tests:
    detox build -c <your-configuration-name>
  2. The app binary can be found at the given path.
15:52:32.784 detox[6187] [90mE[39m set up environment
  error: Failed to find the app binary at:
  /Users/valentinasenov/your-sofia/your-sofia-mobile/ios/build/Build/Products/Release-iphonesimulator/YourSofia.app
  
  HINT: Make sure that:
  1. You built the app before running tests:
    detox build -c <your-configuration-name>
  2. The app binary can be found at the given path.
15:52:32.784 detox[6187] [90mB[39m tear down environment
15:52:32.784 detox[6187] [90mB[39m onBeforeCleanup
  args: ()
15:52:32.785 detox[6187] [90mE[39m onBeforeCleanup
15:52:32.790 detox[6181] [90mi[39m tester exited session 04bd1b6b-d01a-2969-5306-b820cef5b3ac
15:52:32.790 detox[6181] [90mE[39m connection :63924<->:63926
15:52:32.790 detox[6181] [90mi[39m received event of :  deallocateDevice {
  deviceCookie: {
    id: '4EC5F74C-5A9C-4D89-8E44-374310E684AE',
    udid: '4EC5F74C-5A9C-4D89-8E44-374310E684AE',
    type: 'ios.simulator'
  }
}
15:52:32.790 detox[6181] [90mB[39m free: 4EC5F74C-5A9C-4D89-8E44-374310E684AE
  data: {}
15:52:32.790 detox[6187] [90mi[39m dispatching event to  primary-6181 /tmp/detox.primary-6181  :  deallocateDevice , {
  deviceCookie: {
    id: '4EC5F74C-5A9C-4D89-8E44-374310E684AE',
    udid: '4EC5F74C-5A9C-4D89-8E44-374310E684AE',
    type: 'ios.simulator'
  }
}
15:52:32.792 detox[6181] [90mE[39m free: 4EC5F74C-5A9C-4D89-8E44-374310E684AE
15:52:32.792 detox[6181] [90mi[39m dispatching event to socket  :  deallocateDeviceDone {}
15:52:32.792 detox[6187] [90mi[39m ## received events ##
15:52:32.792 detox[6187] [90mi[39m detected event deallocateDeviceDone {}
15:52:32.793 detox[6187] [90mE[39m tear down environment
15:52:32.793 detox[6187] [90mE[39m e2e/login.e2e.js
15:52:32.811 detox[6187] [90mi[39m dispatching event to  primary-6181 /tmp/detox.primary-6181  :  reportTestResults , {
  testResults: [
    {
      success: false,
      testFilePath: '/Users/valentinasenov/your-sofia/your-sofia-mobile/e2e/login.e2e.js',
      testExecError: {
        name: 'DetoxRuntimeError',
        message: 'Failed to find the app binary at:\n' +
          '/Users/valentinasenov/your-sofia/your-sofia-mobile/ios/build/Build/Products/Release-iphonesimulator/YourSofia.app\n' +
          '\n' +
          'HINT: Make sure that:\n' +
          '1. You built the app before running tests:\n' +
          '  detox build -c <your-configuration-name>\n' +
          '2. The app binary can be found at the given path.',
        stack: 'Failed to find the app binary at:\n' +
          '/Users/valentinasenov/your-sofia/your-sofia-mobile/ios/build/Build/Products/Release-iphonesimulator/YourSofia.app\n' +
          '\n' +
          'HINT: Make sure that:\n' +
          '1. You built the app before running tests:\n' +
          '  detox build -c <your-configuration-name>\n' +
          '2. The app binary can be found at the given path.\n' +
          '    at _reinstallAppsOnDevice.next (<anonymous>)\n' +
          '    at getNextResult (/Users/valentinasenov/your-sofia/your-sofia-mobile/node_modules/.pnpm/caf@15.0.1/node_modules/caf/src/caf.js:253:25)\n' +
          '    at DetoxWorker.runner (/Users/valentinasenov/your-sofia/your-sofia-mobile/node_modules/.pnpm/caf@15.0.1/node_modules/caf/src/caf.js:293:5)\n' +
          '    at DetoxWorker.instance [as _reinstallAppsOnDevice] (/Users/valentinasenov/your-sofia/your-sofia-mobile/node_modules/.pnpm/caf@15.0.1/node_modules/caf/src/caf.js:63:32)\n' +
          '    at init.next (<anonymous>)\n' +
          '    at getNextResult (/Users/valentinasenov/your-sofia/your-sofia-mobile/node_modules/.pnpm/caf@15.0.1/node_modules/caf/src/caf.js:253:25)\n' +
          '    at processTicksAndRejections (node:internal/process/task_queues:104:5)'
      },
      isPermanentFailure: false
    }
  ]
}
15:52:32.812 detox[6181] [90mi[39m received event of :  reportTestResults {
  testResults: [
    {
      success: false,
      testFilePath: '/Users/valentinasenov/your-sofia/your-sofia-mobile/e2e/login.e2e.js',
      testExecError: {
        name: 'DetoxRuntimeError',
        message: 'Failed to find the app binary at:\n' +
          '/Users/valentinasenov/your-sofia/your-sofia-mobile/ios/build/Build/Products/Release-iphonesimulator/YourSofia.app\n' +
          '\n' +
          'HINT: Make sure that:\n' +
          '1. You built the app before running tests:\n' +
          '  detox build -c <your-configuration-name>\n' +
          '2. The app binary can be found at the given path.',
        stack: 'Failed to find the app binary at:\n' +
          '/Users/valentinasenov/your-sofia/your-sofia-mobile/ios/build/Build/Products/Release-iphonesimulator/YourSofia.app\n' +
          '\n' +
          'HINT: Make sure that:\n' +
          '1. You built the app before running tests:\n' +
          '  detox build -c <your-configuration-name>\n' +
          '2. The app binary can be found at the given path.\n' +
          '    at _reinstallAppsOnDevice.next (<anonymous>)\n' +
          '    at getNextResult (/Users/valentinasenov/your-sofia/your-sofia-mobile/node_modules/.pnpm/caf@15.0.1/node_modules/caf/src/caf.js:253:25)\n' +
          '    at DetoxWorker.runner (/Users/valentinasenov/your-sofia/your-sofia-mobile/node_modules/.pnpm/caf@15.0.1/node_modules/caf/src/caf.js:293:5)\n' +
          '    at DetoxWorker.instance [as _reinstallAppsOnDevice] (/Users/valentinasenov/your-sofia/your-sofia-mobile/node_modules/.pnpm/caf@15.0.1/node_modules/caf/src/caf.js:63:32)\n' +
          '    at init.next (<anonymous>)\n' +
          '    at getNextResult (/Users/valentinasenov/your-sofia/your-sofia-mobile/node_modules/.pnpm/caf@15.0.1/node_modules/caf/src/caf.js:253:25)\n' +
          '    at processTicksAndRejections (node:internal/process/task_queues:104:5)'
      },
      isPermanentFailure: false
    }
  ]
}
15:52:32.813 detox[6181] [90mi[39m dispatching event to socket  :  reportTestResultsDone {
  testResults: [
    {
      success: false,
      testFilePath: '/Users/valentinasenov/your-sofia/your-sofia-mobile/e2e/login.e2e.js',
      testExecError: {
        name: 'DetoxRuntimeError',
        message: 'Failed to find the app binary at:\n' +
          '/Users/valentinasenov/your-sofia/your-sofia-mobile/ios/build/Build/Products/Release-iphonesimulator/YourSofia.app\n' +
          '\n' +
          'HINT: Make sure that:\n' +
          '1. You built the app before running tests:\n' +
          '  detox build -c <your-configuration-name>\n' +
          '2. The app binary can be found at the given path.',
        stack: 'Failed to find the app binary at:\n' +
          '/Users/valentinasenov/your-sofia/your-sofia-mobile/ios/build/Build/Products/Release-iphonesimulator/YourSofia.app\n' +
          '\n' +
          'HINT: Make sure that:\n' +
          '1. You built the app before running tests:\n' +
          '  detox build -c <your-configuration-name>\n' +
          '2. The app binary can be found at the given path.\n' +
          '    at _reinstallAppsOnDevice.next (<anonymous>)\n' +
          '    at getNextResult (/Users/valentinasenov/your-sofia/your-sofia-mobile/node_modules/.pnpm/caf@15.0.1/node_modules/caf/src/caf.js:253:25)\n' +
          '    at DetoxWorker.runner (/Users/valentinasenov/your-sofia/your-sofia-mobile/node_modules/.pnpm/caf@15.0.1/node_modules/caf/src/caf.js:293:5)\n' +
          '    at DetoxWorker.instance [as _reinstallAppsOnDevice] (/Users/valentinasenov/your-sofia/your-sofia-mobile/node_modules/.pnpm/caf@15.0.1/node_modules/caf/src/caf.js:63:32)\n' +
          '    at init.next (<anonymous>)\n' +
          '    at getNextResult (/Users/valentinasenov/your-sofia/your-sofia-mobile/node_modules/.pnpm/caf@15.0.1/node_modules/caf/src/caf.js:253:25)\n' +
          '    at processTicksAndRejections (node:internal/process/task_queues:104:5)'
      },
      isPermanentFailure: false
    }
  ]
}
15:52:32.813 detox[6181] [90mi[39m broadcasting event to all known sockets listening to  /tmp/detox.primary-6181  :   sessionStateUpdate {
  testResults: [
    {
      success: false,
      testFilePath: '/Users/valentinasenov/your-sofia/your-sofia-mobile/e2e/login.e2e.js',
      testExecError: {
        name: 'DetoxRuntimeError',
        message: 'Failed to find the app binary at:\n' +
          '/Users/valentinasenov/your-sofia/your-sofia-mobile/ios/build/Build/Products/Release-iphonesimulator/YourSofia.app\n' +
          '\n' +
          'HINT: Make sure that:\n' +
          '1. You built the app before running tests:\n' +
          '  detox build -c <your-configuration-name>\n' +
          '2. The app binary can be found at the given path.',
        stack: 'Failed to find the app binary at:\n' +
          '/Users/valentinasenov/your-sofia/your-sofia-mobile/ios/build/Build/Products/Release-iphonesimulator/YourSofia.app\n' +
          '\n' +
          'HINT: Make sure that:\n' +
          '1. You built the app before running tests:\n' +
          '  detox build -c <your-configuration-name>\n' +
          '2. The app binary can be found at the given path.\n' +
          '    at _reinstallAppsOnDevice.next (<anonymous>)\n' +
          '    at getNextResult (/Users/valentinasenov/your-sofia/your-sofia-mobile/node_modules/.pnpm/caf@15.0.1/node_modules/caf/src/caf.js:253:25)\n' +
          '    at DetoxWorker.runner (/Users/valentinasenov/your-sofia/your-sofia-mobile/node_modules/.pnpm/caf@15.0.1/node_modules/caf/src/caf.js:293:5)\n' +
          '    at DetoxWorker.instance [as _reinstallAppsOnDevice] (/Users/valentinasenov/your-sofia/your-sofia-mobile/node_modules/.pnpm/caf@15.0.1/node_modules/caf/src/caf.js:63:32)\n' +
          '    at init.next (<anonymous>)\n' +
          '    at getNextResult (/Users/valentinasenov/your-sofia/your-sofia-mobile/node_modules/.pnpm/caf@15.0.1/node_modules/caf/src/caf.js:253:25)\n' +
          '    at processTicksAndRejections (node:internal/process/task_queues:104:5)'
      },
      isPermanentFailure: false
    }
  ]
}
15:52:32.813 detox[6187] [90mi[39m ## received events ##
15:52:32.815 detox[6181] [90mi[39m socket disconnected secondary-6187
15:52:32.861 detox[6181] [90mE[39m Command failed with exit code = 1:
jest --config e2e/jest.config.js
15:52:32.861 detox[6181] [90mB[39m cleanup
  args: ()
15:52:32.862 detox[6181] [90mi[39m /usr/bin/xcrun simctl shutdown 4EC5F74C-5A9C-4D89-8E44-374310E684AE
15:52:32.862 detox[6181] [90mi[39m Shutting down 4EC5F74C-5A9C-4D89-8E44-374310E684AE...
15:52:36.067 detox[6181] [90mi[39m 4EC5F74C-5A9C-4D89-8E44-374310E684AE shut down
15:52:36.069 detox[6181] [90mE[39m cleanup
15:52:36.070 detox[6181] [90mi[39m Detox server has been closed gracefully
15:52:36.072 detox[6181] [90mE[39m node_modules/detox/local-cli/cli.js test --configuration ios.sim.release --cleanup
